[2026-02-25T09:57:51.004+0000] {local_task_job_runner.py:123} INFO - ::group::Pre task execution logs
[2026-02-25T09:57:51.042+0000] {taskinstance.py:2613} INFO - Dependencies all met for dep_context=non-requeueable deps ti=<TaskInstance: weather_etl_pipeline.extract_weather scheduled__2026-02-23T10:00:00+00:00 [queued]>
[2026-02-25T09:57:51.065+0000] {taskinstance.py:2613} INFO - Dependencies all met for dep_context=requeueable deps ti=<TaskInstance: weather_etl_pipeline.extract_weather scheduled__2026-02-23T10:00:00+00:00 [queued]>
[2026-02-25T09:57:51.067+0000] {taskinstance.py:2866} INFO - Starting attempt 2 of 3
[2026-02-25T09:57:51.093+0000] {taskinstance.py:2889} INFO - Executing <Task(PythonOperator): extract_weather> on 2026-02-23 10:00:00+00:00
[2026-02-25T09:57:51.129+0000] {standard_task_runner.py:72} INFO - Started process 5566 to run task
[2026-02-25T09:57:51.138+0000] {standard_task_runner.py:104} INFO - Running: ['***', 'tasks', 'run', 'weather_etl_pipeline', 'extract_weather', 'scheduled__2026-02-23T10:00:00+00:00', '--job-id', '82', '--raw', '--subdir', 'DAGS_FOLDER/weather_pipeline_dag.py', '--cfg-path', '/tmp/tmpuds3i17t']
[2026-02-25T09:57:51.149+0000] {standard_task_runner.py:105} INFO - Job 82: Subtask extract_weather
[2026-02-25T09:57:51.425+0000] {task_command.py:467} INFO - Running <TaskInstance: weather_etl_pipeline.extract_weather scheduled__2026-02-23T10:00:00+00:00 [running]> on host 20d22796c30b
[2026-02-25T09:57:51.581+0000] {taskinstance.py:3132} INFO - Exporting env vars: AIRFLOW_CTX_DAG_OWNER='weather_pipeline' AIRFLOW_CTX_DAG_ID='weather_etl_pipeline' AIRFLOW_CTX_TASK_ID='extract_weather' AIRFLOW_CTX_EXECUTION_DATE='2026-02-23T10:00:00+00:00' AIRFLOW_CTX_TRY_NUMBER='2' AIRFLOW_CTX_DAG_RUN_ID='scheduled__2026-02-23T10:00:00+00:00'
[2026-02-25T09:57:51.584+0000] {taskinstance.py:731} INFO - ::endgroup::
[2026-02-25T09:57:51.605+0000] {extract.py:29} INFO - Starting extraction for Lagos
[2026-02-25T09:57:52.038+0000] {extract.py:53} INFO - Lagos: Extracted 168 records
[2026-02-25T09:57:52.040+0000] {extract.py:29} INFO - Starting extraction for London
[2026-02-25T09:57:52.230+0000] {extract.py:53} INFO - London: Extracted 168 records
[2026-02-25T09:57:52.232+0000] {extract.py:29} INFO - Starting extraction for New York
[2026-02-25T09:57:52.402+0000] {extract.py:53} INFO - New York: Extracted 168 records
[2026-02-25T09:57:52.697+0000] {python.py:240} INFO - Done. Returned value was: None
[2026-02-25T09:57:52.721+0000] {taskinstance.py:340} INFO - ::group::Post task execution logs
[2026-02-25T09:57:52.724+0000] {taskinstance.py:352} INFO - Marking task as SUCCESS. dag_id=weather_etl_pipeline, task_id=extract_weather, run_id=scheduled__2026-02-23T10:00:00+00:00, execution_date=20260223T100000, start_date=20260225T095751, end_date=20260225T095752
[2026-02-25T09:57:52.805+0000] {local_task_job_runner.py:266} INFO - Task exited with return code 0
[2026-02-25T09:57:52.865+0000] {taskinstance.py:3895} INFO - 1 downstream tasks scheduled from follow-on schedule check
[2026-02-25T09:57:52.871+0000] {local_task_job_runner.py:245} INFO - ::endgroup::
