[2026-02-15T12:38:53.921+0000] {local_task_job_runner.py:123} INFO - ::group::Pre task execution logs
[2026-02-15T12:38:54.029+0000] {taskinstance.py:2613} INFO - Dependencies all met for dep_context=non-requeueable deps ti=<TaskInstance: weather_etl_pipeline.transform_weather scheduled__2026-02-15T11:00:00+00:00 [queued]>
[2026-02-15T12:38:54.064+0000] {taskinstance.py:2613} INFO - Dependencies all met for dep_context=requeueable deps ti=<TaskInstance: weather_etl_pipeline.transform_weather scheduled__2026-02-15T11:00:00+00:00 [queued]>
[2026-02-15T12:38:54.065+0000] {taskinstance.py:2866} INFO - Starting attempt 1 of 3
[2026-02-15T12:38:54.119+0000] {taskinstance.py:2889} INFO - Executing <Task(PythonOperator): transform_weather> on 2026-02-15 11:00:00+00:00
[2026-02-15T12:38:54.161+0000] {standard_task_runner.py:72} INFO - Started process 3728 to run task
[2026-02-15T12:38:54.173+0000] {standard_task_runner.py:104} INFO - Running: ['***', 'tasks', 'run', 'weather_etl_pipeline', 'transform_weather', 'scheduled__2026-02-15T11:00:00+00:00', '--job-id', '20', '--raw', '--subdir', 'DAGS_FOLDER/weather_pipeline_dag.py', '--cfg-path', '/tmp/tmpm7j_stx0']
[2026-02-15T12:38:54.183+0000] {standard_task_runner.py:105} INFO - Job 20: Subtask transform_weather
[2026-02-15T12:38:54.332+0000] {task_command.py:467} INFO - Running <TaskInstance: weather_etl_pipeline.transform_weather scheduled__2026-02-15T11:00:00+00:00 [running]> on host 6eb1c9ff6327
[2026-02-15T12:38:54.484+0000] {taskinstance.py:3132} INFO - Exporting env vars: AIRFLOW_CTX_DAG_OWNER='weather_pipeline' AIRFLOW_CTX_DAG_ID='weather_etl_pipeline' AIRFLOW_CTX_TASK_ID='transform_weather' AIRFLOW_CTX_EXECUTION_DATE='2026-02-15T11:00:00+00:00' AIRFLOW_CTX_TRY_NUMBER='1' AIRFLOW_CTX_DAG_RUN_ID='scheduled__2026-02-15T11:00:00+00:00'
[2026-02-15T12:38:54.489+0000] {taskinstance.py:731} INFO - ::endgroup::
[2026-02-15T12:38:54.776+0000] {transform.py:9} INFO - Starting transformation process
[2026-02-15T12:38:54.865+0000] {transform.py:17} INFO - Dropped 0 rows with invalid timestamps
[2026-02-15T12:38:54.875+0000] {transform.py:27} INFO - Records after cleaning: 504
[2026-02-15T12:38:54.891+0000] {transform.py:38} INFO - Transformation and enrichment completed
[2026-02-15T12:38:54.946+0000] {python.py:240} INFO - Done. Returned value was: None
[2026-02-15T12:38:54.969+0000] {taskinstance.py:340} INFO - ::group::Post task execution logs
[2026-02-15T12:38:54.972+0000] {taskinstance.py:352} INFO - Marking task as SUCCESS. dag_id=weather_etl_pipeline, task_id=transform_weather, run_id=scheduled__2026-02-15T11:00:00+00:00, execution_date=20260215T110000, start_date=20260215T123854, end_date=20260215T123854
[2026-02-15T12:38:55.633+0000] {local_task_job_runner.py:266} INFO - Task exited with return code 0
[2026-02-15T12:38:55.688+0000] {taskinstance.py:3895} INFO - 1 downstream tasks scheduled from follow-on schedule check
[2026-02-15T12:38:55.697+0000] {local_task_job_runner.py:245} INFO - ::endgroup::
