[2026-02-25T12:05:26.773+0000] {local_task_job_runner.py:123} INFO - ::group::Pre task execution logs
[2026-02-25T12:05:26.826+0000] {taskinstance.py:2613} INFO - Dependencies all met for dep_context=non-requeueable deps ti=<TaskInstance: weather_etl_pipeline.extract_weather manual__2026-02-25T12:05:17.066786+00:00 [queued]>
[2026-02-25T12:05:26.845+0000] {taskinstance.py:2613} INFO - Dependencies all met for dep_context=requeueable deps ti=<TaskInstance: weather_etl_pipeline.extract_weather manual__2026-02-25T12:05:17.066786+00:00 [queued]>
[2026-02-25T12:05:26.848+0000] {taskinstance.py:2866} INFO - Starting attempt 1 of 3
[2026-02-25T12:05:26.880+0000] {taskinstance.py:2889} INFO - Executing <Task(PythonOperator): extract_weather> on 2026-02-25 12:05:17.066786+00:00
[2026-02-25T12:05:26.921+0000] {standard_task_runner.py:72} INFO - Started process 2557 to run task
[2026-02-25T12:05:26.934+0000] {standard_task_runner.py:104} INFO - Running: ['***', 'tasks', 'run', 'weather_etl_pipeline', 'extract_weather', 'manual__2026-02-25T12:05:17.066786+00:00', '--job-id', '139', '--raw', '--subdir', 'DAGS_FOLDER/weather_pipeline_dag.py', '--cfg-path', '/tmp/tmpdvrucury']
[2026-02-25T12:05:26.939+0000] {standard_task_runner.py:105} INFO - Job 139: Subtask extract_weather
[2026-02-25T12:05:27.103+0000] {task_command.py:467} INFO - Running <TaskInstance: weather_etl_pipeline.extract_weather manual__2026-02-25T12:05:17.066786+00:00 [running]> on host 6f0248ee75a6
[2026-02-25T12:05:27.333+0000] {taskinstance.py:3132} INFO - Exporting env vars: AIRFLOW_CTX_DAG_OWNER='weather_pipeline' AIRFLOW_CTX_DAG_ID='weather_etl_pipeline' AIRFLOW_CTX_TASK_ID='extract_weather' AIRFLOW_CTX_EXECUTION_DATE='2026-02-25T12:05:17.066786+00:00' AIRFLOW_CTX_TRY_NUMBER='1' AIRFLOW_CTX_DAG_RUN_ID='manual__2026-02-25T12:05:17.066786+00:00'
[2026-02-25T12:05:27.337+0000] {taskinstance.py:731} INFO - ::endgroup::
[2026-02-25T12:05:27.380+0000] {extract.py:29} INFO - Starting extraction for Lagos
[2026-02-25T12:05:29.416+0000] {extract.py:53} INFO - Lagos: Extracted 168 records
[2026-02-25T12:05:29.420+0000] {extract.py:29} INFO - Starting extraction for London
[2026-02-25T12:05:30.857+0000] {extract.py:53} INFO - London: Extracted 168 records
[2026-02-25T12:05:30.860+0000] {extract.py:29} INFO - Starting extraction for New York
[2026-02-25T12:05:31.833+0000] {extract.py:53} INFO - New York: Extracted 168 records
[2026-02-25T12:05:31.950+0000] {python.py:240} INFO - Done. Returned value was: None
[2026-02-25T12:05:31.989+0000] {taskinstance.py:340} INFO - ::group::Post task execution logs
[2026-02-25T12:05:31.992+0000] {taskinstance.py:352} INFO - Marking task as SUCCESS. dag_id=weather_etl_pipeline, task_id=extract_weather, run_id=manual__2026-02-25T12:05:17.066786+00:00, execution_date=20260225T120517, start_date=20260225T120526, end_date=20260225T120531
[2026-02-25T12:05:32.131+0000] {local_task_job_runner.py:266} INFO - Task exited with return code 0
[2026-02-25T12:05:32.217+0000] {taskinstance.py:3895} INFO - 1 downstream tasks scheduled from follow-on schedule check
[2026-02-25T12:05:32.228+0000] {local_task_job_runner.py:245} INFO - ::endgroup::
