[2026-02-25T11:16:50.202+0000] {local_task_job_runner.py:123} INFO - ::group::Pre task execution logs
[2026-02-25T11:16:50.297+0000] {taskinstance.py:2613} INFO - Dependencies all met for dep_context=non-requeueable deps ti=<TaskInstance: weather_etl_pipeline.load_weather scheduled__2026-02-25T09:00:00+00:00 [queued]>
[2026-02-25T11:16:50.313+0000] {taskinstance.py:2613} INFO - Dependencies all met for dep_context=requeueable deps ti=<TaskInstance: weather_etl_pipeline.load_weather scheduled__2026-02-25T09:00:00+00:00 [queued]>
[2026-02-25T11:16:50.317+0000] {taskinstance.py:2866} INFO - Starting attempt 1 of 3
[2026-02-25T11:16:50.345+0000] {taskinstance.py:2889} INFO - Executing <Task(PythonOperator): load_weather> on 2026-02-25 09:00:00+00:00
[2026-02-25T11:16:50.376+0000] {standard_task_runner.py:72} INFO - Started process 312 to run task
[2026-02-25T11:16:50.382+0000] {standard_task_runner.py:104} INFO - Running: ['***', 'tasks', 'run', 'weather_etl_pipeline', 'load_weather', 'scheduled__2026-02-25T09:00:00+00:00', '--job-id', '107', '--raw', '--subdir', 'DAGS_FOLDER/weather_pipeline_dag.py', '--cfg-path', '/tmp/tmpe65fov2m']
[2026-02-25T11:16:50.386+0000] {standard_task_runner.py:105} INFO - Job 107: Subtask load_weather
[2026-02-25T11:16:50.523+0000] {task_command.py:467} INFO - Running <TaskInstance: weather_etl_pipeline.load_weather scheduled__2026-02-25T09:00:00+00:00 [running]> on host 6f0248ee75a6
[2026-02-25T11:16:50.674+0000] {taskinstance.py:3132} INFO - Exporting env vars: AIRFLOW_CTX_DAG_OWNER='weather_pipeline' AIRFLOW_CTX_DAG_ID='weather_etl_pipeline' AIRFLOW_CTX_TASK_ID='load_weather' AIRFLOW_CTX_EXECUTION_DATE='2026-02-25T09:00:00+00:00' AIRFLOW_CTX_TRY_NUMBER='1' AIRFLOW_CTX_DAG_RUN_ID='scheduled__2026-02-25T09:00:00+00:00'
[2026-02-25T11:16:50.681+0000] {taskinstance.py:731} INFO - ::endgroup::
[2026-02-25T11:16:50.870+0000] {db.py:25} INFO - Database connection established
[2026-02-25T11:16:50.876+0000] {taskinstance.py:3311} ERROR - Task failed with exception
Traceback (most recent call last):
  File "/home/airflow/.local/lib/python3.10/site-packages/airflow/models/taskinstance.py", line 767, in _execute_task
    result = _execute_callable(context=context, **execute_callable_kwargs)
  File "/home/airflow/.local/lib/python3.10/site-packages/airflow/models/taskinstance.py", line 733, in _execute_callable
    return ExecutionCallableRunner(
  File "/home/airflow/.local/lib/python3.10/site-packages/airflow/utils/operator_helpers.py", line 252, in run
    return self.func(*args, **kwargs)
  File "/home/airflow/.local/lib/python3.10/site-packages/airflow/models/baseoperator.py", line 417, in wrapper
    return func(self, *args, **kwargs)
  File "/home/airflow/.local/lib/python3.10/site-packages/airflow/operators/python.py", line 238, in execute
    return_value = self.execute_callable()
  File "/home/airflow/.local/lib/python3.10/site-packages/airflow/operators/python.py", line 256, in execute_callable
    return runner.run(*self.op_args, **self.op_kwargs)
  File "/home/airflow/.local/lib/python3.10/site-packages/airflow/utils/operator_helpers.py", line 252, in run
    return self.func(*args, **kwargs)
  File "/opt/airflow/dags/weather_pipeline_dag.py", line 37, in load_task
    load_weather(df, conn)
TypeError: load_weather() takes 1 positional argument but 2 were given
[2026-02-25T11:16:50.925+0000] {taskinstance.py:1225} INFO - Marking task as UP_FOR_RETRY. dag_id=weather_etl_pipeline, task_id=load_weather, run_id=scheduled__2026-02-25T09:00:00+00:00, execution_date=20260225T090000, start_date=20260225T111650, end_date=20260225T111650
[2026-02-25T11:16:50.961+0000] {taskinstance.py:340} INFO - ::group::Post task execution logs
[2026-02-25T11:16:50.963+0000] {standard_task_runner.py:124} ERROR - Failed to execute job 107 for task load_weather (load_weather() takes 1 positional argument but 2 were given; 312)
Traceback (most recent call last):
  File "/home/airflow/.local/lib/python3.10/site-packages/airflow/task/task_runner/standard_task_runner.py", line 117, in _start_by_fork
    ret = args.func(args, dag=self.dag)
  File "/home/airflow/.local/lib/python3.10/site-packages/airflow/cli/cli_config.py", line 49, in command
    return func(*args, **kwargs)
  File "/home/airflow/.local/lib/python3.10/site-packages/airflow/utils/cli.py", line 116, in wrapper
    return f(*args, **kwargs)
  File "/home/airflow/.local/lib/python3.10/site-packages/airflow/cli/commands/task_command.py", line 483, in task_run
    task_return_code = _run_task_by_selected_method(args, _dag, ti)
  File "/home/airflow/.local/lib/python3.10/site-packages/airflow/cli/commands/task_command.py", line 256, in _run_task_by_selected_method
    return _run_raw_task(args, ti)
  File "/home/airflow/.local/lib/python3.10/site-packages/airflow/cli/commands/task_command.py", line 341, in _run_raw_task
    return ti._run_raw_task(
  File "/home/airflow/.local/lib/python3.10/site-packages/airflow/utils/session.py", line 97, in wrapper
    return func(*args, session=session, **kwargs)
  File "/home/airflow/.local/lib/python3.10/site-packages/airflow/models/taskinstance.py", line 3005, in _run_raw_task
    return _run_raw_task(
  File "/home/airflow/.local/lib/python3.10/site-packages/airflow/models/taskinstance.py", line 273, in _run_raw_task
    TaskInstance._execute_task_with_callbacks(
  File "/home/airflow/.local/lib/python3.10/site-packages/airflow/models/taskinstance.py", line 3159, in _execute_task_with_callbacks
    result = self._execute_task(context, task_orig)
  File "/home/airflow/.local/lib/python3.10/site-packages/airflow/models/taskinstance.py", line 3183, in _execute_task
    return _execute_task(self, context, task_orig)
  File "/home/airflow/.local/lib/python3.10/site-packages/airflow/models/taskinstance.py", line 767, in _execute_task
    result = _execute_callable(context=context, **execute_callable_kwargs)
  File "/home/airflow/.local/lib/python3.10/site-packages/airflow/models/taskinstance.py", line 733, in _execute_callable
    return ExecutionCallableRunner(
  File "/home/airflow/.local/lib/python3.10/site-packages/airflow/utils/operator_helpers.py", line 252, in run
    return self.func(*args, **kwargs)
  File "/home/airflow/.local/lib/python3.10/site-packages/airflow/models/baseoperator.py", line 417, in wrapper
    return func(self, *args, **kwargs)
  File "/home/airflow/.local/lib/python3.10/site-packages/airflow/operators/python.py", line 238, in execute
    return_value = self.execute_callable()
  File "/home/airflow/.local/lib/python3.10/site-packages/airflow/operators/python.py", line 256, in execute_callable
    return runner.run(*self.op_args, **self.op_kwargs)
  File "/home/airflow/.local/lib/python3.10/site-packages/airflow/utils/operator_helpers.py", line 252, in run
    return self.func(*args, **kwargs)
  File "/opt/airflow/dags/weather_pipeline_dag.py", line 37, in load_task
    load_weather(df, conn)
TypeError: load_weather() takes 1 positional argument but 2 were given
[2026-02-25T11:16:51.040+0000] {local_task_job_runner.py:266} INFO - Task exited with return code 1
[2026-02-25T11:16:51.078+0000] {taskinstance.py:3895} INFO - 0 downstream tasks scheduled from follow-on schedule check
[2026-02-25T11:16:51.084+0000] {local_task_job_runner.py:245} INFO - ::endgroup::
