[2026-02-23T07:00:09.303+0000] {local_task_job_runner.py:123} INFO - ::group::Pre task execution logs
[2026-02-23T07:00:09.332+0000] {taskinstance.py:2613} INFO - Dependencies all met for dep_context=non-requeueable deps ti=<TaskInstance: weather_etl_pipeline.extract_weather scheduled__2026-02-23T06:00:00+00:00 [queued]>
[2026-02-23T07:00:09.348+0000] {taskinstance.py:2613} INFO - Dependencies all met for dep_context=requeueable deps ti=<TaskInstance: weather_etl_pipeline.extract_weather scheduled__2026-02-23T06:00:00+00:00 [queued]>
[2026-02-23T07:00:09.350+0000] {taskinstance.py:2866} INFO - Starting attempt 1 of 3
[2026-02-23T07:00:09.373+0000] {taskinstance.py:2889} INFO - Executing <Task(PythonOperator): extract_weather> on 2026-02-23 06:00:00+00:00
[2026-02-23T07:00:09.401+0000] {standard_task_runner.py:72} INFO - Started process 4019 to run task
[2026-02-23T07:00:09.413+0000] {standard_task_runner.py:104} INFO - Running: ['***', 'tasks', 'run', 'weather_etl_pipeline', 'extract_weather', 'scheduled__2026-02-23T06:00:00+00:00', '--job-id', '54', '--raw', '--subdir', 'DAGS_FOLDER/weather_pipeline_dag.py', '--cfg-path', '/tmp/tmpeq2cxtsq']
[2026-02-23T07:00:09.423+0000] {standard_task_runner.py:105} INFO - Job 54: Subtask extract_weather
[2026-02-23T07:00:09.559+0000] {task_command.py:467} INFO - Running <TaskInstance: weather_etl_pipeline.extract_weather scheduled__2026-02-23T06:00:00+00:00 [running]> on host 20d22796c30b
[2026-02-23T07:00:09.692+0000] {taskinstance.py:3132} INFO - Exporting env vars: AIRFLOW_CTX_DAG_OWNER='weather_pipeline' AIRFLOW_CTX_DAG_ID='weather_etl_pipeline' AIRFLOW_CTX_TASK_ID='extract_weather' AIRFLOW_CTX_EXECUTION_DATE='2026-02-23T06:00:00+00:00' AIRFLOW_CTX_TRY_NUMBER='1' AIRFLOW_CTX_DAG_RUN_ID='scheduled__2026-02-23T06:00:00+00:00'
[2026-02-23T07:00:09.695+0000] {taskinstance.py:731} INFO - ::endgroup::
[2026-02-23T07:00:09.715+0000] {extract.py:29} INFO - Starting extraction for Lagos
[2026-02-23T07:00:10.096+0000] {extract.py:58} ERROR - Lagos attempt 1 failed: HTTPSConnectionPool(host='api.open-meteo.com', port=443): Max retries exceeded with url: /v1/forecast?latitude=6.5244&longitude=3.3792&hourly=temperature_2m%2Crelativehumidity_2m%2Cwindspeed_10m%2Cprecipitation (Caused by SSLError(SSLEOFError(8, '[SSL: UNEXPECTED_EOF_WHILE_READING] EOF occurred in violation of protocol (_ssl.c:1007)')))
[2026-02-23T07:00:10.099+0000] {extract.py:61} INFO - Lagos: Retrying in 5 seconds...
[2026-02-23T07:00:16.626+0000] {extract.py:53} INFO - Lagos: Extracted 168 records
[2026-02-23T07:00:16.629+0000] {extract.py:29} INFO - Starting extraction for London
[2026-02-23T07:00:19.032+0000] {extract.py:53} INFO - London: Extracted 168 records
[2026-02-23T07:00:19.036+0000] {extract.py:29} INFO - Starting extraction for New York
[2026-02-23T07:00:20.675+0000] {extract.py:53} INFO - New York: Extracted 168 records
[2026-02-23T07:00:21.905+0000] {python.py:240} INFO - Done. Returned value was: None
[2026-02-23T07:00:21.934+0000] {taskinstance.py:340} INFO - ::group::Post task execution logs
[2026-02-23T07:00:21.937+0000] {taskinstance.py:352} INFO - Marking task as SUCCESS. dag_id=weather_etl_pipeline, task_id=extract_weather, run_id=scheduled__2026-02-23T06:00:00+00:00, execution_date=20260223T060000, start_date=20260223T070009, end_date=20260223T070021
[2026-02-23T07:00:22.043+0000] {local_task_job_runner.py:266} INFO - Task exited with return code 0
[2026-02-23T07:00:22.071+0000] {local_task_job_runner.py:245} INFO - ::endgroup::
