[2026-02-19T17:00:36.777+0000] {local_task_job_runner.py:123} INFO - ::group::Pre task execution logs
[2026-02-19T17:00:36.808+0000] {taskinstance.py:2613} INFO - Dependencies all met for dep_context=non-requeueable deps ti=<TaskInstance: weather_etl_pipeline.transform_weather scheduled__2026-02-19T16:00:00+00:00 [queued]>
[2026-02-19T17:00:36.821+0000] {taskinstance.py:2613} INFO - Dependencies all met for dep_context=requeueable deps ti=<TaskInstance: weather_etl_pipeline.transform_weather scheduled__2026-02-19T16:00:00+00:00 [queued]>
[2026-02-19T17:00:36.823+0000] {taskinstance.py:2866} INFO - Starting attempt 1 of 3
[2026-02-19T17:00:36.842+0000] {taskinstance.py:2889} INFO - Executing <Task(PythonOperator): transform_weather> on 2026-02-19 16:00:00+00:00
[2026-02-19T17:00:36.864+0000] {standard_task_runner.py:72} INFO - Started process 1616 to run task
[2026-02-19T17:00:36.872+0000] {standard_task_runner.py:104} INFO - Running: ['***', 'tasks', 'run', 'weather_etl_pipeline', 'transform_weather', 'scheduled__2026-02-19T16:00:00+00:00', '--job-id', '39', '--raw', '--subdir', 'DAGS_FOLDER/weather_pipeline_dag.py', '--cfg-path', '/tmp/tmpovl9l0_a']
[2026-02-19T17:00:36.880+0000] {standard_task_runner.py:105} INFO - Job 39: Subtask transform_weather
[2026-02-19T17:00:37.032+0000] {task_command.py:467} INFO - Running <TaskInstance: weather_etl_pipeline.transform_weather scheduled__2026-02-19T16:00:00+00:00 [running]> on host 20d22796c30b
[2026-02-19T17:00:37.180+0000] {taskinstance.py:3132} INFO - Exporting env vars: AIRFLOW_CTX_DAG_OWNER='weather_pipeline' AIRFLOW_CTX_DAG_ID='weather_etl_pipeline' AIRFLOW_CTX_TASK_ID='transform_weather' AIRFLOW_CTX_EXECUTION_DATE='2026-02-19T16:00:00+00:00' AIRFLOW_CTX_TRY_NUMBER='1' AIRFLOW_CTX_DAG_RUN_ID='scheduled__2026-02-19T16:00:00+00:00'
[2026-02-19T17:00:37.184+0000] {taskinstance.py:731} INFO - ::endgroup::
[2026-02-19T17:00:37.294+0000] {transform.py:9} INFO - Starting transformation process
[2026-02-19T17:00:37.333+0000] {transform.py:17} INFO - Dropped 0 rows with invalid timestamps
[2026-02-19T17:00:37.339+0000] {transform.py:27} INFO - Records after cleaning: 504
[2026-02-19T17:00:37.348+0000] {transform.py:38} INFO - Transformation and enrichment completed
[2026-02-19T17:00:37.386+0000] {python.py:240} INFO - Done. Returned value was: None
[2026-02-19T17:00:37.892+0000] {taskinstance.py:340} INFO - ::group::Post task execution logs
[2026-02-19T17:00:37.894+0000] {taskinstance.py:352} INFO - Marking task as SUCCESS. dag_id=weather_etl_pipeline, task_id=transform_weather, run_id=scheduled__2026-02-19T16:00:00+00:00, execution_date=20260219T160000, start_date=20260219T170036, end_date=20260219T170037
[2026-02-19T17:00:37.979+0000] {local_task_job_runner.py:266} INFO - Task exited with return code 0
[2026-02-19T17:00:38.021+0000] {taskinstance.py:3895} INFO - 1 downstream tasks scheduled from follow-on schedule check
[2026-02-19T17:00:38.070+0000] {local_task_job_runner.py:245} INFO - ::endgroup::
[2026-02-19T17:28:14.589+0000] {local_task_job_runner.py:123} INFO - ::group::Pre task execution logs
[2026-02-19T17:28:14.640+0000] {taskinstance.py:2613} INFO - Dependencies all met for dep_context=non-requeueable deps ti=<TaskInstance: weather_etl_pipeline.transform_weather scheduled__2026-02-19T16:00:00+00:00 [queued]>
[2026-02-19T17:28:14.662+0000] {taskinstance.py:2613} INFO - Dependencies all met for dep_context=requeueable deps ti=<TaskInstance: weather_etl_pipeline.transform_weather scheduled__2026-02-19T16:00:00+00:00 [queued]>
[2026-02-19T17:28:14.664+0000] {taskinstance.py:2866} INFO - Starting attempt 1 of 3
[2026-02-19T17:28:14.693+0000] {taskinstance.py:2889} INFO - Executing <Task(PythonOperator): transform_weather> on 2026-02-19 16:00:00+00:00
[2026-02-19T17:28:14.731+0000] {standard_task_runner.py:72} INFO - Started process 2861 to run task
[2026-02-19T17:28:14.744+0000] {standard_task_runner.py:104} INFO - Running: ['***', 'tasks', 'run', 'weather_etl_pipeline', 'transform_weather', 'scheduled__2026-02-19T16:00:00+00:00', '--job-id', '46', '--raw', '--subdir', 'DAGS_FOLDER/weather_pipeline_dag.py', '--cfg-path', '/tmp/tmp7q4nkw7m']
[2026-02-19T17:28:14.757+0000] {standard_task_runner.py:105} INFO - Job 46: Subtask transform_weather
[2026-02-19T17:28:14.931+0000] {task_command.py:467} INFO - Running <TaskInstance: weather_etl_pipeline.transform_weather scheduled__2026-02-19T16:00:00+00:00 [running]> on host 20d22796c30b
[2026-02-19T17:28:15.190+0000] {taskinstance.py:3132} INFO - Exporting env vars: AIRFLOW_CTX_DAG_OWNER='weather_pipeline' AIRFLOW_CTX_DAG_ID='weather_etl_pipeline' AIRFLOW_CTX_TASK_ID='transform_weather' AIRFLOW_CTX_EXECUTION_DATE='2026-02-19T16:00:00+00:00' AIRFLOW_CTX_TRY_NUMBER='1' AIRFLOW_CTX_DAG_RUN_ID='scheduled__2026-02-19T16:00:00+00:00'
[2026-02-19T17:28:15.193+0000] {taskinstance.py:731} INFO - ::endgroup::
[2026-02-19T17:28:15.376+0000] {transform.py:9} INFO - Starting transformation process
[2026-02-19T17:28:15.431+0000] {transform.py:17} INFO - Dropped 0 rows with invalid timestamps
[2026-02-19T17:28:15.437+0000] {transform.py:27} INFO - Records after cleaning: 504
[2026-02-19T17:28:15.446+0000] {transform.py:38} INFO - Transformation and enrichment completed
[2026-02-19T17:28:15.504+0000] {python.py:240} INFO - Done. Returned value was: None
[2026-02-19T17:28:15.530+0000] {taskinstance.py:340} INFO - ::group::Post task execution logs
[2026-02-19T17:28:15.532+0000] {taskinstance.py:352} INFO - Marking task as SUCCESS. dag_id=weather_etl_pipeline, task_id=transform_weather, run_id=scheduled__2026-02-19T16:00:00+00:00, execution_date=20260219T160000, start_date=20260219T172814, end_date=20260219T172815
[2026-02-19T17:28:16.197+0000] {local_task_job_runner.py:266} INFO - Task exited with return code 0
[2026-02-19T17:28:16.251+0000] {taskinstance.py:3895} INFO - 1 downstream tasks scheduled from follow-on schedule check
[2026-02-19T17:28:16.257+0000] {local_task_job_runner.py:245} INFO - ::endgroup::
