[2026-02-25T12:08:51.305+0000] {local_task_job_runner.py:123} INFO - ::group::Pre task execution logs
[2026-02-25T12:08:51.356+0000] {taskinstance.py:2613} INFO - Dependencies all met for dep_context=non-requeueable deps ti=<TaskInstance: weather_etl_pipeline.extract_weather manual__2026-02-25T12:08:41.450008+00:00 [queued]>
[2026-02-25T12:08:51.381+0000] {taskinstance.py:2613} INFO - Dependencies all met for dep_context=requeueable deps ti=<TaskInstance: weather_etl_pipeline.extract_weather manual__2026-02-25T12:08:41.450008+00:00 [queued]>
[2026-02-25T12:08:51.384+0000] {taskinstance.py:2866} INFO - Starting attempt 1 of 3
[2026-02-25T12:08:51.442+0000] {taskinstance.py:2889} INFO - Executing <Task(PythonOperator): extract_weather> on 2026-02-25 12:08:41.450008+00:00
[2026-02-25T12:08:51.487+0000] {standard_task_runner.py:72} INFO - Started process 2812 to run task
[2026-02-25T12:08:51.502+0000] {standard_task_runner.py:104} INFO - Running: ['***', 'tasks', 'run', 'weather_etl_pipeline', 'extract_weather', 'manual__2026-02-25T12:08:41.450008+00:00', '--job-id', '144', '--raw', '--subdir', 'DAGS_FOLDER/weather_pipeline_dag.py', '--cfg-path', '/tmp/tmpi6npkw_n']
[2026-02-25T12:08:51.509+0000] {standard_task_runner.py:105} INFO - Job 144: Subtask extract_weather
[2026-02-25T12:08:51.741+0000] {task_command.py:467} INFO - Running <TaskInstance: weather_etl_pipeline.extract_weather manual__2026-02-25T12:08:41.450008+00:00 [running]> on host 6f0248ee75a6
[2026-02-25T12:08:52.015+0000] {taskinstance.py:3132} INFO - Exporting env vars: AIRFLOW_CTX_DAG_OWNER='weather_pipeline' AIRFLOW_CTX_DAG_ID='weather_etl_pipeline' AIRFLOW_CTX_TASK_ID='extract_weather' AIRFLOW_CTX_EXECUTION_DATE='2026-02-25T12:08:41.450008+00:00' AIRFLOW_CTX_TRY_NUMBER='1' AIRFLOW_CTX_DAG_RUN_ID='manual__2026-02-25T12:08:41.450008+00:00'
[2026-02-25T12:08:52.020+0000] {taskinstance.py:731} INFO - ::endgroup::
[2026-02-25T12:08:52.065+0000] {extract.py:29} INFO - Starting extraction for Lagos
[2026-02-25T12:08:52.456+0000] {extract.py:53} INFO - Lagos: Extracted 168 records
[2026-02-25T12:08:52.459+0000] {extract.py:29} INFO - Starting extraction for London
[2026-02-25T12:08:52.731+0000] {extract.py:53} INFO - London: Extracted 168 records
[2026-02-25T12:08:52.735+0000] {extract.py:29} INFO - Starting extraction for New York
[2026-02-25T12:08:52.949+0000] {extract.py:53} INFO - New York: Extracted 168 records
[2026-02-25T12:08:53.133+0000] {python.py:240} INFO - Done. Returned value was: None
[2026-02-25T12:08:53.179+0000] {taskinstance.py:340} INFO - ::group::Post task execution logs
[2026-02-25T12:08:53.183+0000] {taskinstance.py:352} INFO - Marking task as SUCCESS. dag_id=weather_etl_pipeline, task_id=extract_weather, run_id=manual__2026-02-25T12:08:41.450008+00:00, execution_date=20260225T120841, start_date=20260225T120851, end_date=20260225T120853
[2026-02-25T12:08:53.292+0000] {local_task_job_runner.py:266} INFO - Task exited with return code 0
[2026-02-25T12:08:53.375+0000] {taskinstance.py:3895} INFO - 1 downstream tasks scheduled from follow-on schedule check
[2026-02-25T12:08:53.387+0000] {local_task_job_runner.py:245} INFO - ::endgroup::
