[2026-02-25T11:16:40.169+0000] {local_task_job_runner.py:123} INFO - ::group::Pre task execution logs
[2026-02-25T11:16:40.201+0000] {taskinstance.py:2613} INFO - Dependencies all met for dep_context=non-requeueable deps ti=<TaskInstance: weather_etl_pipeline.extract_weather scheduled__2026-02-25T10:00:00+00:00 [queued]>
[2026-02-25T11:16:40.214+0000] {taskinstance.py:2613} INFO - Dependencies all met for dep_context=requeueable deps ti=<TaskInstance: weather_etl_pipeline.extract_weather scheduled__2026-02-25T10:00:00+00:00 [queued]>
[2026-02-25T11:16:40.217+0000] {taskinstance.py:2866} INFO - Starting attempt 1 of 3
[2026-02-25T11:16:40.241+0000] {taskinstance.py:2889} INFO - Executing <Task(PythonOperator): extract_weather> on 2026-02-25 10:00:00+00:00
[2026-02-25T11:16:40.270+0000] {standard_task_runner.py:72} INFO - Started process 262 to run task
[2026-02-25T11:16:40.277+0000] {standard_task_runner.py:104} INFO - Running: ['***', 'tasks', 'run', 'weather_etl_pipeline', 'extract_weather', 'scheduled__2026-02-25T10:00:00+00:00', '--job-id', '106', '--raw', '--subdir', 'DAGS_FOLDER/weather_pipeline_dag.py', '--cfg-path', '/tmp/tmpvp91gm10']
[2026-02-25T11:16:40.281+0000] {standard_task_runner.py:105} INFO - Job 106: Subtask extract_weather
[2026-02-25T11:16:40.401+0000] {task_command.py:467} INFO - Running <TaskInstance: weather_etl_pipeline.extract_weather scheduled__2026-02-25T10:00:00+00:00 [running]> on host 6f0248ee75a6
[2026-02-25T11:16:40.575+0000] {taskinstance.py:3132} INFO - Exporting env vars: AIRFLOW_CTX_DAG_OWNER='weather_pipeline' AIRFLOW_CTX_DAG_ID='weather_etl_pipeline' AIRFLOW_CTX_TASK_ID='extract_weather' AIRFLOW_CTX_EXECUTION_DATE='2026-02-25T10:00:00+00:00' AIRFLOW_CTX_TRY_NUMBER='1' AIRFLOW_CTX_DAG_RUN_ID='scheduled__2026-02-25T10:00:00+00:00'
[2026-02-25T11:16:40.578+0000] {taskinstance.py:731} INFO - ::endgroup::
[2026-02-25T11:16:40.638+0000] {extract.py:29} INFO - Starting extraction for Lagos
[2026-02-25T11:16:42.910+0000] {extract.py:53} INFO - Lagos: Extracted 168 records
[2026-02-25T11:16:42.912+0000] {extract.py:29} INFO - Starting extraction for London
[2026-02-25T11:16:45.319+0000] {extract.py:53} INFO - London: Extracted 168 records
[2026-02-25T11:16:45.321+0000] {extract.py:29} INFO - Starting extraction for New York
[2026-02-25T11:16:46.841+0000] {extract.py:53} INFO - New York: Extracted 168 records
[2026-02-25T11:16:46.929+0000] {python.py:240} INFO - Done. Returned value was: None
[2026-02-25T11:16:46.949+0000] {taskinstance.py:340} INFO - ::group::Post task execution logs
[2026-02-25T11:16:46.952+0000] {taskinstance.py:352} INFO - Marking task as SUCCESS. dag_id=weather_etl_pipeline, task_id=extract_weather, run_id=scheduled__2026-02-25T10:00:00+00:00, execution_date=20260225T100000, start_date=20260225T111640, end_date=20260225T111646
[2026-02-25T11:16:47.029+0000] {local_task_job_runner.py:266} INFO - Task exited with return code 0
[2026-02-25T11:16:47.085+0000] {taskinstance.py:3895} INFO - 1 downstream tasks scheduled from follow-on schedule check
[2026-02-25T11:16:47.092+0000] {local_task_job_runner.py:245} INFO - ::endgroup::
[2026-02-25T11:25:03.997+0000] {local_task_job_runner.py:123} INFO - ::group::Pre task execution logs
[2026-02-25T11:25:04.040+0000] {taskinstance.py:2613} INFO - Dependencies all met for dep_context=non-requeueable deps ti=<TaskInstance: weather_etl_pipeline.extract_weather scheduled__2026-02-25T10:00:00+00:00 [queued]>
[2026-02-25T11:25:04.057+0000] {taskinstance.py:2613} INFO - Dependencies all met for dep_context=requeueable deps ti=<TaskInstance: weather_etl_pipeline.extract_weather scheduled__2026-02-25T10:00:00+00:00 [queued]>
[2026-02-25T11:25:04.059+0000] {taskinstance.py:2866} INFO - Starting attempt 1 of 3
[2026-02-25T11:25:04.083+0000] {taskinstance.py:2889} INFO - Executing <Task(PythonOperator): extract_weather> on 2026-02-25 10:00:00+00:00
[2026-02-25T11:25:04.108+0000] {standard_task_runner.py:72} INFO - Started process 873 to run task
[2026-02-25T11:25:04.119+0000] {standard_task_runner.py:104} INFO - Running: ['***', 'tasks', 'run', 'weather_etl_pipeline', 'extract_weather', 'scheduled__2026-02-25T10:00:00+00:00', '--job-id', '117', '--raw', '--subdir', 'DAGS_FOLDER/weather_pipeline_dag.py', '--cfg-path', '/tmp/tmp42qtoy0a']
[2026-02-25T11:25:04.123+0000] {standard_task_runner.py:105} INFO - Job 117: Subtask extract_weather
[2026-02-25T11:25:04.235+0000] {task_command.py:467} INFO - Running <TaskInstance: weather_etl_pipeline.extract_weather scheduled__2026-02-25T10:00:00+00:00 [running]> on host 6f0248ee75a6
[2026-02-25T11:25:04.376+0000] {taskinstance.py:3132} INFO - Exporting env vars: AIRFLOW_CTX_DAG_OWNER='weather_pipeline' AIRFLOW_CTX_DAG_ID='weather_etl_pipeline' AIRFLOW_CTX_TASK_ID='extract_weather' AIRFLOW_CTX_EXECUTION_DATE='2026-02-25T10:00:00+00:00' AIRFLOW_CTX_TRY_NUMBER='1' AIRFLOW_CTX_DAG_RUN_ID='scheduled__2026-02-25T10:00:00+00:00'
[2026-02-25T11:25:04.379+0000] {taskinstance.py:731} INFO - ::endgroup::
[2026-02-25T11:25:04.398+0000] {extract.py:29} INFO - Starting extraction for Lagos
[2026-02-25T11:25:05.713+0000] {extract.py:53} INFO - Lagos: Extracted 168 records
[2026-02-25T11:25:05.715+0000] {extract.py:29} INFO - Starting extraction for London
[2026-02-25T11:25:07.207+0000] {extract.py:53} INFO - London: Extracted 168 records
[2026-02-25T11:25:07.211+0000] {extract.py:29} INFO - Starting extraction for New York
[2026-02-25T11:25:08.312+0000] {extract.py:53} INFO - New York: Extracted 168 records
[2026-02-25T11:25:08.386+0000] {python.py:240} INFO - Done. Returned value was: None
[2026-02-25T11:25:08.412+0000] {taskinstance.py:340} INFO - ::group::Post task execution logs
[2026-02-25T11:25:08.414+0000] {taskinstance.py:352} INFO - Marking task as SUCCESS. dag_id=weather_etl_pipeline, task_id=extract_weather, run_id=scheduled__2026-02-25T10:00:00+00:00, execution_date=20260225T100000, start_date=20260225T112504, end_date=20260225T112508
[2026-02-25T11:25:08.515+0000] {local_task_job_runner.py:266} INFO - Task exited with return code 0
[2026-02-25T11:25:08.556+0000] {taskinstance.py:3895} INFO - 1 downstream tasks scheduled from follow-on schedule check
[2026-02-25T11:25:08.561+0000] {local_task_job_runner.py:245} INFO - ::endgroup::
[2026-02-25T11:52:04.209+0000] {local_task_job_runner.py:123} INFO - ::group::Pre task execution logs
[2026-02-25T11:52:04.257+0000] {taskinstance.py:2613} INFO - Dependencies all met for dep_context=non-requeueable deps ti=<TaskInstance: weather_etl_pipeline.extract_weather scheduled__2026-02-25T10:00:00+00:00 [queued]>
[2026-02-25T11:52:04.282+0000] {taskinstance.py:2613} INFO - Dependencies all met for dep_context=requeueable deps ti=<TaskInstance: weather_etl_pipeline.extract_weather scheduled__2026-02-25T10:00:00+00:00 [queued]>
[2026-02-25T11:52:04.285+0000] {taskinstance.py:2866} INFO - Starting attempt 1 of 3
[2026-02-25T11:52:04.318+0000] {taskinstance.py:2889} INFO - Executing <Task(PythonOperator): extract_weather> on 2026-02-25 10:00:00+00:00
[2026-02-25T11:52:04.362+0000] {standard_task_runner.py:72} INFO - Started process 1763 to run task
[2026-02-25T11:52:04.389+0000] {standard_task_runner.py:104} INFO - Running: ['***', 'tasks', 'run', 'weather_etl_pipeline', 'extract_weather', 'scheduled__2026-02-25T10:00:00+00:00', '--job-id', '126', '--raw', '--subdir', 'DAGS_FOLDER/weather_pipeline_dag.py', '--cfg-path', '/tmp/tmpudf6w_o2']
[2026-02-25T11:52:04.396+0000] {standard_task_runner.py:105} INFO - Job 126: Subtask extract_weather
[2026-02-25T11:52:04.654+0000] {task_command.py:467} INFO - Running <TaskInstance: weather_etl_pipeline.extract_weather scheduled__2026-02-25T10:00:00+00:00 [running]> on host 6f0248ee75a6
[2026-02-25T11:52:04.911+0000] {taskinstance.py:3132} INFO - Exporting env vars: AIRFLOW_CTX_DAG_OWNER='weather_pipeline' AIRFLOW_CTX_DAG_ID='weather_etl_pipeline' AIRFLOW_CTX_TASK_ID='extract_weather' AIRFLOW_CTX_EXECUTION_DATE='2026-02-25T10:00:00+00:00' AIRFLOW_CTX_TRY_NUMBER='1' AIRFLOW_CTX_DAG_RUN_ID='scheduled__2026-02-25T10:00:00+00:00'
[2026-02-25T11:52:04.915+0000] {taskinstance.py:731} INFO - ::endgroup::
[2026-02-25T11:52:04.947+0000] {extract.py:29} INFO - Starting extraction for Lagos
[2026-02-25T11:52:06.417+0000] {extract.py:53} INFO - Lagos: Extracted 168 records
[2026-02-25T11:52:06.421+0000] {extract.py:29} INFO - Starting extraction for London
[2026-02-25T11:52:06.953+0000] {extract.py:53} INFO - London: Extracted 168 records
[2026-02-25T11:52:06.957+0000] {extract.py:29} INFO - Starting extraction for New York
[2026-02-25T11:52:08.017+0000] {extract.py:53} INFO - New York: Extracted 168 records
[2026-02-25T11:52:08.248+0000] {python.py:240} INFO - Done. Returned value was: None
[2026-02-25T11:52:08.313+0000] {taskinstance.py:340} INFO - ::group::Post task execution logs
[2026-02-25T11:52:08.316+0000] {taskinstance.py:352} INFO - Marking task as SUCCESS. dag_id=weather_etl_pipeline, task_id=extract_weather, run_id=scheduled__2026-02-25T10:00:00+00:00, execution_date=20260225T100000, start_date=20260225T115204, end_date=20260225T115208
[2026-02-25T11:52:08.428+0000] {local_task_job_runner.py:266} INFO - Task exited with return code 0
[2026-02-25T11:52:08.499+0000] {taskinstance.py:3895} INFO - 1 downstream tasks scheduled from follow-on schedule check
[2026-02-25T11:52:08.506+0000] {local_task_job_runner.py:245} INFO - ::endgroup::
