[2026-02-19T17:00:06.245+0000] {local_task_job_runner.py:123} INFO - ::group::Pre task execution logs
[2026-02-19T17:00:06.284+0000] {taskinstance.py:2613} INFO - Dependencies all met for dep_context=non-requeueable deps ti=<TaskInstance: weather_etl_pipeline.extract_weather scheduled__2026-02-19T16:00:00+00:00 [queued]>
[2026-02-19T17:00:06.301+0000] {taskinstance.py:2613} INFO - Dependencies all met for dep_context=requeueable deps ti=<TaskInstance: weather_etl_pipeline.extract_weather scheduled__2026-02-19T16:00:00+00:00 [queued]>
[2026-02-19T17:00:06.304+0000] {taskinstance.py:2866} INFO - Starting attempt 1 of 3
[2026-02-19T17:00:06.330+0000] {taskinstance.py:2889} INFO - Executing <Task(PythonOperator): extract_weather> on 2026-02-19 16:00:00+00:00
[2026-02-19T17:00:06.358+0000] {standard_task_runner.py:72} INFO - Started process 1572 to run task
[2026-02-19T17:00:06.370+0000] {standard_task_runner.py:104} INFO - Running: ['***', 'tasks', 'run', 'weather_etl_pipeline', 'extract_weather', 'scheduled__2026-02-19T16:00:00+00:00', '--job-id', '38', '--raw', '--subdir', 'DAGS_FOLDER/weather_pipeline_dag.py', '--cfg-path', '/tmp/tmpaq6nbanv']
[2026-02-19T17:00:06.381+0000] {standard_task_runner.py:105} INFO - Job 38: Subtask extract_weather
[2026-02-19T17:00:06.549+0000] {task_command.py:467} INFO - Running <TaskInstance: weather_etl_pipeline.extract_weather scheduled__2026-02-19T16:00:00+00:00 [running]> on host 20d22796c30b
[2026-02-19T17:00:06.785+0000] {taskinstance.py:3132} INFO - Exporting env vars: AIRFLOW_CTX_DAG_OWNER='weather_pipeline' AIRFLOW_CTX_DAG_ID='weather_etl_pipeline' AIRFLOW_CTX_TASK_ID='extract_weather' AIRFLOW_CTX_EXECUTION_DATE='2026-02-19T16:00:00+00:00' AIRFLOW_CTX_TRY_NUMBER='1' AIRFLOW_CTX_DAG_RUN_ID='scheduled__2026-02-19T16:00:00+00:00'
[2026-02-19T17:00:06.790+0000] {taskinstance.py:731} INFO - ::endgroup::
[2026-02-19T17:00:06.818+0000] {extract.py:29} INFO - Starting extraction for Lagos
[2026-02-19T17:00:17.610+0000] {extract.py:58} ERROR - Lagos attempt 1 failed: HTTPSConnectionPool(host='api.open-meteo.com', port=443): Read timed out. (read timeout=10)
[2026-02-19T17:00:17.615+0000] {extract.py:61} INFO - Lagos: Retrying in 5 seconds...
[2026-02-19T17:00:24.791+0000] {extract.py:53} INFO - Lagos: Extracted 168 records
[2026-02-19T17:00:24.794+0000] {extract.py:29} INFO - Starting extraction for London
[2026-02-19T17:00:27.998+0000] {extract.py:53} INFO - London: Extracted 168 records
[2026-02-19T17:00:28.001+0000] {extract.py:29} INFO - Starting extraction for New York
[2026-02-19T17:00:30.848+0000] {extract.py:53} INFO - New York: Extracted 168 records
[2026-02-19T17:00:30.991+0000] {python.py:240} INFO - Done. Returned value was: None
[2026-02-19T17:00:31.029+0000] {taskinstance.py:340} INFO - ::group::Post task execution logs
[2026-02-19T17:00:31.032+0000] {taskinstance.py:352} INFO - Marking task as SUCCESS. dag_id=weather_etl_pipeline, task_id=extract_weather, run_id=scheduled__2026-02-19T16:00:00+00:00, execution_date=20260219T160000, start_date=20260219T170006, end_date=20260219T170031
[2026-02-19T17:00:31.128+0000] {local_task_job_runner.py:266} INFO - Task exited with return code 0
[2026-02-19T17:00:31.186+0000] {taskinstance.py:3895} INFO - 1 downstream tasks scheduled from follow-on schedule check
[2026-02-19T17:00:31.191+0000] {local_task_job_runner.py:245} INFO - ::endgroup::
[2026-02-19T17:28:00.937+0000] {local_task_job_runner.py:123} INFO - ::group::Pre task execution logs
[2026-02-19T17:28:00.973+0000] {taskinstance.py:2613} INFO - Dependencies all met for dep_context=non-requeueable deps ti=<TaskInstance: weather_etl_pipeline.extract_weather scheduled__2026-02-19T16:00:00+00:00 [queued]>
[2026-02-19T17:28:00.988+0000] {taskinstance.py:2613} INFO - Dependencies all met for dep_context=requeueable deps ti=<TaskInstance: weather_etl_pipeline.extract_weather scheduled__2026-02-19T16:00:00+00:00 [queued]>
[2026-02-19T17:28:00.990+0000] {taskinstance.py:2866} INFO - Starting attempt 1 of 3
[2026-02-19T17:28:01.010+0000] {taskinstance.py:2889} INFO - Executing <Task(PythonOperator): extract_weather> on 2026-02-19 16:00:00+00:00
[2026-02-19T17:28:01.038+0000] {standard_task_runner.py:72} INFO - Started process 2840 to run task
[2026-02-19T17:28:01.047+0000] {standard_task_runner.py:104} INFO - Running: ['***', 'tasks', 'run', 'weather_etl_pipeline', 'extract_weather', 'scheduled__2026-02-19T16:00:00+00:00', '--job-id', '45', '--raw', '--subdir', 'DAGS_FOLDER/weather_pipeline_dag.py', '--cfg-path', '/tmp/tmp0yw76lqi']
[2026-02-19T17:28:01.055+0000] {standard_task_runner.py:105} INFO - Job 45: Subtask extract_weather
[2026-02-19T17:28:01.173+0000] {task_command.py:467} INFO - Running <TaskInstance: weather_etl_pipeline.extract_weather scheduled__2026-02-19T16:00:00+00:00 [running]> on host 20d22796c30b
[2026-02-19T17:28:01.361+0000] {taskinstance.py:3132} INFO - Exporting env vars: AIRFLOW_CTX_DAG_OWNER='weather_pipeline' AIRFLOW_CTX_DAG_ID='weather_etl_pipeline' AIRFLOW_CTX_TASK_ID='extract_weather' AIRFLOW_CTX_EXECUTION_DATE='2026-02-19T16:00:00+00:00' AIRFLOW_CTX_TRY_NUMBER='1' AIRFLOW_CTX_DAG_RUN_ID='scheduled__2026-02-19T16:00:00+00:00'
[2026-02-19T17:28:01.364+0000] {taskinstance.py:731} INFO - ::endgroup::
[2026-02-19T17:28:01.392+0000] {extract.py:29} INFO - Starting extraction for Lagos
[2026-02-19T17:28:03.582+0000] {extract.py:53} INFO - Lagos: Extracted 168 records
[2026-02-19T17:28:03.585+0000] {extract.py:29} INFO - Starting extraction for London
[2026-02-19T17:28:05.580+0000] {extract.py:53} INFO - London: Extracted 168 records
[2026-02-19T17:28:05.582+0000] {extract.py:29} INFO - Starting extraction for New York
[2026-02-19T17:28:07.177+0000] {extract.py:53} INFO - New York: Extracted 168 records
[2026-02-19T17:28:07.345+0000] {python.py:240} INFO - Done. Returned value was: None
[2026-02-19T17:28:07.378+0000] {taskinstance.py:340} INFO - ::group::Post task execution logs
[2026-02-19T17:28:07.381+0000] {taskinstance.py:352} INFO - Marking task as SUCCESS. dag_id=weather_etl_pipeline, task_id=extract_weather, run_id=scheduled__2026-02-19T16:00:00+00:00, execution_date=20260219T160000, start_date=20260219T172800, end_date=20260219T172807
[2026-02-19T17:28:07.483+0000] {local_task_job_runner.py:266} INFO - Task exited with return code 0
[2026-02-19T17:28:07.540+0000] {taskinstance.py:3895} INFO - 1 downstream tasks scheduled from follow-on schedule check
[2026-02-19T17:28:07.551+0000] {local_task_job_runner.py:245} INFO - ::endgroup::
