[2026-02-23T07:04:08.411+0000] {local_task_job_runner.py:123} INFO - ::group::Pre task execution logs
[2026-02-23T07:04:08.467+0000] {taskinstance.py:2613} INFO - Dependencies all met for dep_context=non-requeueable deps ti=<TaskInstance: weather_etl_pipeline.extract_weather scheduled__2026-02-19T17:00:00+00:00 [queued]>
[2026-02-23T07:04:08.506+0000] {taskinstance.py:2613} INFO - Dependencies all met for dep_context=requeueable deps ti=<TaskInstance: weather_etl_pipeline.extract_weather scheduled__2026-02-19T17:00:00+00:00 [queued]>
[2026-02-23T07:04:08.510+0000] {taskinstance.py:2866} INFO - Starting attempt 2 of 3
[2026-02-23T07:04:08.573+0000] {taskinstance.py:2889} INFO - Executing <Task(PythonOperator): extract_weather> on 2026-02-19 17:00:00+00:00
[2026-02-23T07:04:08.707+0000] {standard_task_runner.py:72} INFO - Started process 4295 to run task
[2026-02-23T07:04:08.823+0000] {standard_task_runner.py:104} INFO - Running: ['***', 'tasks', 'run', 'weather_etl_pipeline', 'extract_weather', 'scheduled__2026-02-19T17:00:00+00:00', '--job-id', '59', '--raw', '--subdir', 'DAGS_FOLDER/weather_pipeline_dag.py', '--cfg-path', '/tmp/tmpaxv76c0d']
[2026-02-23T07:04:08.946+0000] {standard_task_runner.py:105} INFO - Job 59: Subtask extract_weather
[2026-02-23T07:04:09.836+0000] {task_command.py:467} INFO - Running <TaskInstance: weather_etl_pipeline.extract_weather scheduled__2026-02-19T17:00:00+00:00 [running]> on host 20d22796c30b
[2026-02-23T07:04:11.083+0000] {taskinstance.py:3132} INFO - Exporting env vars: AIRFLOW_CTX_DAG_OWNER='weather_pipeline' AIRFLOW_CTX_DAG_ID='weather_etl_pipeline' AIRFLOW_CTX_TASK_ID='extract_weather' AIRFLOW_CTX_EXECUTION_DATE='2026-02-19T17:00:00+00:00' AIRFLOW_CTX_TRY_NUMBER='2' AIRFLOW_CTX_DAG_RUN_ID='scheduled__2026-02-19T17:00:00+00:00'
[2026-02-23T07:04:11.088+0000] {taskinstance.py:731} INFO - ::endgroup::
[2026-02-23T07:04:11.153+0000] {extract.py:29} INFO - Starting extraction for Lagos
[2026-02-23T07:04:14.411+0000] {extract.py:53} INFO - Lagos: Extracted 168 records
[2026-02-23T07:04:14.414+0000] {extract.py:29} INFO - Starting extraction for London
[2026-02-23T07:04:14.774+0000] {extract.py:53} INFO - London: Extracted 168 records
[2026-02-23T07:04:14.777+0000] {extract.py:29} INFO - Starting extraction for New York
[2026-02-23T07:04:15.073+0000] {extract.py:53} INFO - New York: Extracted 168 records
[2026-02-23T07:04:28.038+0000] {python.py:240} INFO - Done. Returned value was: None
[2026-02-23T07:04:28.140+0000] {taskinstance.py:340} INFO - ::group::Post task execution logs
[2026-02-23T07:04:28.147+0000] {taskinstance.py:352} INFO - Marking task as SUCCESS. dag_id=weather_etl_pipeline, task_id=extract_weather, run_id=scheduled__2026-02-19T17:00:00+00:00, execution_date=20260219T170000, start_date=20260223T070408, end_date=20260223T070428
[2026-02-23T07:04:28.413+0000] {local_task_job_runner.py:266} INFO - Task exited with return code 0
[2026-02-23T07:04:28.561+0000] {taskinstance.py:3895} INFO - 1 downstream tasks scheduled from follow-on schedule check
[2026-02-23T07:04:28.568+0000] {local_task_job_runner.py:245} INFO - ::endgroup::
