[2026-02-25T09:58:00.919+0000] {local_task_job_runner.py:123} INFO - ::group::Pre task execution logs
[2026-02-25T09:58:00.983+0000] {taskinstance.py:2613} INFO - Dependencies all met for dep_context=non-requeueable deps ti=<TaskInstance: weather_etl_pipeline.transform_weather scheduled__2026-02-23T07:00:00+00:00 [queued]>
[2026-02-25T09:58:01.007+0000] {taskinstance.py:2613} INFO - Dependencies all met for dep_context=requeueable deps ti=<TaskInstance: weather_etl_pipeline.transform_weather scheduled__2026-02-23T07:00:00+00:00 [queued]>
[2026-02-25T09:58:01.010+0000] {taskinstance.py:2866} INFO - Starting attempt 1 of 3
[2026-02-25T09:58:01.043+0000] {taskinstance.py:2889} INFO - Executing <Task(PythonOperator): transform_weather> on 2026-02-23 07:00:00+00:00
[2026-02-25T09:58:01.116+0000] {standard_task_runner.py:72} INFO - Started process 5613 to run task
[2026-02-25T09:58:01.136+0000] {standard_task_runner.py:104} INFO - Running: ['***', 'tasks', 'run', 'weather_etl_pipeline', 'transform_weather', 'scheduled__2026-02-23T07:00:00+00:00', '--job-id', '85', '--raw', '--subdir', 'DAGS_FOLDER/weather_pipeline_dag.py', '--cfg-path', '/tmp/tmp1cwidlrv']
[2026-02-25T09:58:01.157+0000] {standard_task_runner.py:105} INFO - Job 85: Subtask transform_weather
[2026-02-25T09:58:01.401+0000] {task_command.py:467} INFO - Running <TaskInstance: weather_etl_pipeline.transform_weather scheduled__2026-02-23T07:00:00+00:00 [running]> on host 20d22796c30b
[2026-02-25T09:58:01.673+0000] {taskinstance.py:3132} INFO - Exporting env vars: AIRFLOW_CTX_DAG_OWNER='weather_pipeline' AIRFLOW_CTX_DAG_ID='weather_etl_pipeline' AIRFLOW_CTX_TASK_ID='transform_weather' AIRFLOW_CTX_EXECUTION_DATE='2026-02-23T07:00:00+00:00' AIRFLOW_CTX_TRY_NUMBER='1' AIRFLOW_CTX_DAG_RUN_ID='scheduled__2026-02-23T07:00:00+00:00'
[2026-02-25T09:58:01.678+0000] {taskinstance.py:731} INFO - ::endgroup::
[2026-02-25T09:58:02.082+0000] {transform.py:9} INFO - Starting transformation process
[2026-02-25T09:58:02.165+0000] {transform.py:17} INFO - Dropped 0 rows with invalid timestamps
[2026-02-25T09:58:02.173+0000] {transform.py:27} INFO - Records after cleaning: 504
[2026-02-25T09:58:02.188+0000] {transform.py:38} INFO - Transformation and enrichment completed
[2026-02-25T09:58:02.277+0000] {python.py:240} INFO - Done. Returned value was: None
[2026-02-25T09:58:08.085+0000] {taskinstance.py:340} INFO - ::group::Post task execution logs
[2026-02-25T09:58:08.089+0000] {taskinstance.py:352} INFO - Marking task as SUCCESS. dag_id=weather_etl_pipeline, task_id=transform_weather, run_id=scheduled__2026-02-23T07:00:00+00:00, execution_date=20260223T070000, start_date=20260225T095800, end_date=20260225T095808
[2026-02-25T09:58:08.285+0000] {local_task_job_runner.py:266} INFO - Task exited with return code 0
[2026-02-25T09:58:08.369+0000] {taskinstance.py:3895} INFO - 1 downstream tasks scheduled from follow-on schedule check
[2026-02-25T09:58:08.377+0000] {local_task_job_runner.py:245} INFO - ::endgroup::
