[2026-02-25T12:44:25.537+0000] {local_task_job_runner.py:123} INFO - ::group::Pre task execution logs
[2026-02-25T12:44:25.569+0000] {taskinstance.py:2613} INFO - Dependencies all met for dep_context=non-requeueable deps ti=<TaskInstance: weather_etl_pipeline.load_weather manual__2026-02-25T12:43:53.602319+00:00 [queued]>
[2026-02-25T12:44:25.583+0000] {taskinstance.py:2613} INFO - Dependencies all met for dep_context=requeueable deps ti=<TaskInstance: weather_etl_pipeline.load_weather manual__2026-02-25T12:43:53.602319+00:00 [queued]>
[2026-02-25T12:44:25.585+0000] {taskinstance.py:2866} INFO - Starting attempt 1 of 3
[2026-02-25T12:44:25.605+0000] {taskinstance.py:2889} INFO - Executing <Task(PythonOperator): load_weather> on 2026-02-25 12:43:53.602319+00:00
[2026-02-25T12:44:25.629+0000] {standard_task_runner.py:72} INFO - Started process 4370 to run task
[2026-02-25T12:44:25.640+0000] {standard_task_runner.py:104} INFO - Running: ['***', 'tasks', 'run', 'weather_etl_pipeline', 'load_weather', 'manual__2026-02-25T12:43:53.602319+00:00', '--job-id', '162', '--raw', '--subdir', 'DAGS_FOLDER/weather_pipeline_dag.py', '--cfg-path', '/tmp/tmp7h0gqm4c']
[2026-02-25T12:44:25.644+0000] {standard_task_runner.py:105} INFO - Job 162: Subtask load_weather
[2026-02-25T12:44:25.750+0000] {task_command.py:467} INFO - Running <TaskInstance: weather_etl_pipeline.load_weather manual__2026-02-25T12:43:53.602319+00:00 [running]> on host 6f0248ee75a6
[2026-02-25T12:44:25.886+0000] {taskinstance.py:3132} INFO - Exporting env vars: AIRFLOW_CTX_DAG_OWNER='weather_pipeline' AIRFLOW_CTX_DAG_ID='weather_etl_pipeline' AIRFLOW_CTX_TASK_ID='load_weather' AIRFLOW_CTX_EXECUTION_DATE='2026-02-25T12:43:53.602319+00:00' AIRFLOW_CTX_TRY_NUMBER='1' AIRFLOW_CTX_DAG_RUN_ID='manual__2026-02-25T12:43:53.602319+00:00'
[2026-02-25T12:44:25.889+0000] {taskinstance.py:731} INFO - ::endgroup::
[2026-02-25T12:44:26.003+0000] {load.py:10} INFO - Starting load process
[2026-02-25T12:44:26.022+0000] {db.py:25} INFO - Database connection established
[2026-02-25T12:44:26.039+0000] {load.py:28} INFO - Locations loaded
[2026-02-25T12:44:26.125+0000] {load.py:59} INFO - Loaded 504 weather records
[2026-02-25T12:44:26.128+0000] {python.py:240} INFO - Done. Returned value was: None
[2026-02-25T12:44:26.147+0000] {taskinstance.py:340} INFO - ::group::Post task execution logs
[2026-02-25T12:44:26.149+0000] {taskinstance.py:352} INFO - Marking task as SUCCESS. dag_id=weather_etl_pipeline, task_id=load_weather, run_id=manual__2026-02-25T12:43:53.602319+00:00, execution_date=20260225T124353, start_date=20260225T124425, end_date=20260225T124426
[2026-02-25T12:44:26.217+0000] {local_task_job_runner.py:266} INFO - Task exited with return code 0
[2026-02-25T12:44:26.244+0000] {taskinstance.py:3895} INFO - 0 downstream tasks scheduled from follow-on schedule check
[2026-02-25T12:44:26.249+0000] {local_task_job_runner.py:245} INFO - ::endgroup::
