[2026-02-19T16:50:48.746+0000] {local_task_job_runner.py:123} INFO - ::group::Pre task execution logs
[2026-02-19T16:50:48.780+0000] {taskinstance.py:2613} INFO - Dependencies all met for dep_context=non-requeueable deps ti=<TaskInstance: weather_etl_pipeline.extract_weather manual__2026-02-19T16:50:42.302588+00:00 [queued]>
[2026-02-19T16:50:48.795+0000] {taskinstance.py:2613} INFO - Dependencies all met for dep_context=requeueable deps ti=<TaskInstance: weather_etl_pipeline.extract_weather manual__2026-02-19T16:50:42.302588+00:00 [queued]>
[2026-02-19T16:50:48.797+0000] {taskinstance.py:2866} INFO - Starting attempt 1 of 3
[2026-02-19T16:50:48.821+0000] {taskinstance.py:2889} INFO - Executing <Task(PythonOperator): extract_weather> on 2026-02-19 16:50:42.302588+00:00
[2026-02-19T16:50:48.841+0000] {standard_task_runner.py:72} INFO - Started process 1082 to run task
[2026-02-19T16:50:48.848+0000] {standard_task_runner.py:104} INFO - Running: ['***', 'tasks', 'run', 'weather_etl_pipeline', 'extract_weather', 'manual__2026-02-19T16:50:42.302588+00:00', '--job-id', '33', '--raw', '--subdir', 'DAGS_FOLDER/weather_pipeline_dag.py', '--cfg-path', '/tmp/tmpez9y6ax8']
[2026-02-19T16:50:48.855+0000] {standard_task_runner.py:105} INFO - Job 33: Subtask extract_weather
[2026-02-19T16:50:48.964+0000] {task_command.py:467} INFO - Running <TaskInstance: weather_etl_pipeline.extract_weather manual__2026-02-19T16:50:42.302588+00:00 [running]> on host 20d22796c30b
[2026-02-19T16:50:49.152+0000] {taskinstance.py:3132} INFO - Exporting env vars: AIRFLOW_CTX_DAG_OWNER='weather_pipeline' AIRFLOW_CTX_DAG_ID='weather_etl_pipeline' AIRFLOW_CTX_TASK_ID='extract_weather' AIRFLOW_CTX_EXECUTION_DATE='2026-02-19T16:50:42.302588+00:00' AIRFLOW_CTX_TRY_NUMBER='1' AIRFLOW_CTX_DAG_RUN_ID='manual__2026-02-19T16:50:42.302588+00:00'
[2026-02-19T16:50:49.156+0000] {taskinstance.py:731} INFO - ::endgroup::
[2026-02-19T16:50:49.199+0000] {extract.py:29} INFO - Starting extraction for Lagos
[2026-02-19T16:50:51.550+0000] {extract.py:53} INFO - Lagos: Extracted 168 records
[2026-02-19T16:50:51.552+0000] {extract.py:29} INFO - Starting extraction for London
[2026-02-19T16:50:52.948+0000] {extract.py:53} INFO - London: Extracted 168 records
[2026-02-19T16:50:52.951+0000] {extract.py:29} INFO - Starting extraction for New York
[2026-02-19T16:50:53.660+0000] {extract.py:53} INFO - New York: Extracted 168 records
[2026-02-19T16:50:53.723+0000] {python.py:240} INFO - Done. Returned value was: None
[2026-02-19T16:50:53.749+0000] {taskinstance.py:340} INFO - ::group::Post task execution logs
[2026-02-19T16:50:53.751+0000] {taskinstance.py:352} INFO - Marking task as SUCCESS. dag_id=weather_etl_pipeline, task_id=extract_weather, run_id=manual__2026-02-19T16:50:42.302588+00:00, execution_date=20260219T165042, start_date=20260219T165048, end_date=20260219T165053
[2026-02-19T16:50:53.855+0000] {local_task_job_runner.py:266} INFO - Task exited with return code 0
[2026-02-19T16:50:53.897+0000] {taskinstance.py:3895} INFO - 1 downstream tasks scheduled from follow-on schedule check
[2026-02-19T16:50:53.906+0000] {local_task_job_runner.py:245} INFO - ::endgroup::
