[2026-02-25T11:22:12.469+0000] {local_task_job_runner.py:123} INFO - ::group::Pre task execution logs
[2026-02-25T11:22:12.507+0000] {taskinstance.py:2613} INFO - Dependencies all met for dep_context=non-requeueable deps ti=<TaskInstance: weather_etl_pipeline.load_weather scheduled__2026-02-25T10:00:00+00:00 [queued]>
[2026-02-25T11:22:12.531+0000] {taskinstance.py:2613} INFO - Dependencies all met for dep_context=requeueable deps ti=<TaskInstance: weather_etl_pipeline.load_weather scheduled__2026-02-25T10:00:00+00:00 [queued]>
[2026-02-25T11:22:12.534+0000] {taskinstance.py:2866} INFO - Starting attempt 2 of 3
[2026-02-25T11:22:12.561+0000] {taskinstance.py:2889} INFO - Executing <Task(PythonOperator): load_weather> on 2026-02-25 10:00:00+00:00
[2026-02-25T11:22:12.594+0000] {standard_task_runner.py:72} INFO - Started process 622 to run task
[2026-02-25T11:22:12.605+0000] {standard_task_runner.py:104} INFO - Running: ['***', 'tasks', 'run', 'weather_etl_pipeline', 'load_weather', 'scheduled__2026-02-25T10:00:00+00:00', '--job-id', '112', '--raw', '--subdir', 'DAGS_FOLDER/weather_pipeline_dag.py', '--cfg-path', '/tmp/tmpmv8puh69']
[2026-02-25T11:22:12.609+0000] {standard_task_runner.py:105} INFO - Job 112: Subtask load_weather
[2026-02-25T11:22:12.740+0000] {task_command.py:467} INFO - Running <TaskInstance: weather_etl_pipeline.load_weather scheduled__2026-02-25T10:00:00+00:00 [running]> on host 6f0248ee75a6
[2026-02-25T11:22:12.883+0000] {taskinstance.py:3132} INFO - Exporting env vars: AIRFLOW_CTX_DAG_OWNER='weather_pipeline' AIRFLOW_CTX_DAG_ID='weather_etl_pipeline' AIRFLOW_CTX_TASK_ID='load_weather' AIRFLOW_CTX_EXECUTION_DATE='2026-02-25T10:00:00+00:00' AIRFLOW_CTX_TRY_NUMBER='2' AIRFLOW_CTX_DAG_RUN_ID='scheduled__2026-02-25T10:00:00+00:00'
[2026-02-25T11:22:12.886+0000] {taskinstance.py:731} INFO - ::endgroup::
[2026-02-25T11:22:13.050+0000] {db.py:25} INFO - Database connection established
[2026-02-25T11:22:13.055+0000] {taskinstance.py:3311} ERROR - Task failed with exception
Traceback (most recent call last):
  File "/home/airflow/.local/lib/python3.10/site-packages/airflow/models/taskinstance.py", line 767, in _execute_task
    result = _execute_callable(context=context, **execute_callable_kwargs)
  File "/home/airflow/.local/lib/python3.10/site-packages/airflow/models/taskinstance.py", line 733, in _execute_callable
    return ExecutionCallableRunner(
  File "/home/airflow/.local/lib/python3.10/site-packages/airflow/utils/operator_helpers.py", line 252, in run
    return self.func(*args, **kwargs)
  File "/home/airflow/.local/lib/python3.10/site-packages/airflow/models/baseoperator.py", line 417, in wrapper
    return func(self, *args, **kwargs)
  File "/home/airflow/.local/lib/python3.10/site-packages/airflow/operators/python.py", line 238, in execute
    return_value = self.execute_callable()
  File "/home/airflow/.local/lib/python3.10/site-packages/airflow/operators/python.py", line 256, in execute_callable
    return runner.run(*self.op_args, **self.op_kwargs)
  File "/home/airflow/.local/lib/python3.10/site-packages/airflow/utils/operator_helpers.py", line 252, in run
    return self.func(*args, **kwargs)
  File "/opt/airflow/dags/weather_pipeline_dag.py", line 37, in load_task
    load_weather(df, conn)
TypeError: load_weather() takes 1 positional argument but 2 were given
[2026-02-25T11:22:13.103+0000] {taskinstance.py:1225} INFO - Marking task as UP_FOR_RETRY. dag_id=weather_etl_pipeline, task_id=load_weather, run_id=scheduled__2026-02-25T10:00:00+00:00, execution_date=20260225T100000, start_date=20260225T112212, end_date=20260225T112213
[2026-02-25T11:22:13.150+0000] {taskinstance.py:340} INFO - ::group::Post task execution logs
[2026-02-25T11:22:13.154+0000] {standard_task_runner.py:124} ERROR - Failed to execute job 112 for task load_weather (load_weather() takes 1 positional argument but 2 were given; 622)
Traceback (most recent call last):
  File "/home/airflow/.local/lib/python3.10/site-packages/airflow/task/task_runner/standard_task_runner.py", line 117, in _start_by_fork
    ret = args.func(args, dag=self.dag)
  File "/home/airflow/.local/lib/python3.10/site-packages/airflow/cli/cli_config.py", line 49, in command
    return func(*args, **kwargs)
  File "/home/airflow/.local/lib/python3.10/site-packages/airflow/utils/cli.py", line 116, in wrapper
    return f(*args, **kwargs)
  File "/home/airflow/.local/lib/python3.10/site-packages/airflow/cli/commands/task_command.py", line 483, in task_run
    task_return_code = _run_task_by_selected_method(args, _dag, ti)
  File "/home/airflow/.local/lib/python3.10/site-packages/airflow/cli/commands/task_command.py", line 256, in _run_task_by_selected_method
    return _run_raw_task(args, ti)
  File "/home/airflow/.local/lib/python3.10/site-packages/airflow/cli/commands/task_command.py", line 341, in _run_raw_task
    return ti._run_raw_task(
  File "/home/airflow/.local/lib/python3.10/site-packages/airflow/utils/session.py", line 97, in wrapper
    return func(*args, session=session, **kwargs)
  File "/home/airflow/.local/lib/python3.10/site-packages/airflow/models/taskinstance.py", line 3005, in _run_raw_task
    return _run_raw_task(
  File "/home/airflow/.local/lib/python3.10/site-packages/airflow/models/taskinstance.py", line 273, in _run_raw_task
    TaskInstance._execute_task_with_callbacks(
  File "/home/airflow/.local/lib/python3.10/site-packages/airflow/models/taskinstance.py", line 3159, in _execute_task_with_callbacks
    result = self._execute_task(context, task_orig)
  File "/home/airflow/.local/lib/python3.10/site-packages/airflow/models/taskinstance.py", line 3183, in _execute_task
    return _execute_task(self, context, task_orig)
  File "/home/airflow/.local/lib/python3.10/site-packages/airflow/models/taskinstance.py", line 767, in _execute_task
    result = _execute_callable(context=context, **execute_callable_kwargs)
  File "/home/airflow/.local/lib/python3.10/site-packages/airflow/models/taskinstance.py", line 733, in _execute_callable
    return ExecutionCallableRunner(
  File "/home/airflow/.local/lib/python3.10/site-packages/airflow/utils/operator_helpers.py", line 252, in run
    return self.func(*args, **kwargs)
  File "/home/airflow/.local/lib/python3.10/site-packages/airflow/models/baseoperator.py", line 417, in wrapper
    return func(self, *args, **kwargs)
  File "/home/airflow/.local/lib/python3.10/site-packages/airflow/operators/python.py", line 238, in execute
    return_value = self.execute_callable()
  File "/home/airflow/.local/lib/python3.10/site-packages/airflow/operators/python.py", line 256, in execute_callable
    return runner.run(*self.op_args, **self.op_kwargs)
  File "/home/airflow/.local/lib/python3.10/site-packages/airflow/utils/operator_helpers.py", line 252, in run
    return self.func(*args, **kwargs)
  File "/opt/airflow/dags/weather_pipeline_dag.py", line 37, in load_task
    load_weather(df, conn)
TypeError: load_weather() takes 1 positional argument but 2 were given
[2026-02-25T11:22:13.221+0000] {local_task_job_runner.py:266} INFO - Task exited with return code 1
[2026-02-25T11:22:13.259+0000] {taskinstance.py:3895} INFO - 0 downstream tasks scheduled from follow-on schedule check
[2026-02-25T11:22:13.263+0000] {local_task_job_runner.py:245} INFO - ::endgroup::
[2026-02-25T11:30:33.439+0000] {local_task_job_runner.py:123} INFO - ::group::Pre task execution logs
[2026-02-25T11:30:33.472+0000] {taskinstance.py:2613} INFO - Dependencies all met for dep_context=non-requeueable deps ti=<TaskInstance: weather_etl_pipeline.load_weather scheduled__2026-02-25T10:00:00+00:00 [queued]>
[2026-02-25T11:30:33.488+0000] {taskinstance.py:2613} INFO - Dependencies all met for dep_context=requeueable deps ti=<TaskInstance: weather_etl_pipeline.load_weather scheduled__2026-02-25T10:00:00+00:00 [queued]>
[2026-02-25T11:30:33.490+0000] {taskinstance.py:2866} INFO - Starting attempt 2 of 3
[2026-02-25T11:30:33.513+0000] {taskinstance.py:2889} INFO - Executing <Task(PythonOperator): load_weather> on 2026-02-25 10:00:00+00:00
[2026-02-25T11:30:33.545+0000] {standard_task_runner.py:72} INFO - Started process 1212 to run task
[2026-02-25T11:30:33.554+0000] {standard_task_runner.py:104} INFO - Running: ['***', 'tasks', 'run', 'weather_etl_pipeline', 'load_weather', 'scheduled__2026-02-25T10:00:00+00:00', '--job-id', '122', '--raw', '--subdir', 'DAGS_FOLDER/weather_pipeline_dag.py', '--cfg-path', '/tmp/tmp7pth_3aq']
[2026-02-25T11:30:33.558+0000] {standard_task_runner.py:105} INFO - Job 122: Subtask load_weather
[2026-02-25T11:30:33.694+0000] {task_command.py:467} INFO - Running <TaskInstance: weather_etl_pipeline.load_weather scheduled__2026-02-25T10:00:00+00:00 [running]> on host 6f0248ee75a6
[2026-02-25T11:30:33.858+0000] {taskinstance.py:3132} INFO - Exporting env vars: AIRFLOW_CTX_DAG_OWNER='weather_pipeline' AIRFLOW_CTX_DAG_ID='weather_etl_pipeline' AIRFLOW_CTX_TASK_ID='load_weather' AIRFLOW_CTX_EXECUTION_DATE='2026-02-25T10:00:00+00:00' AIRFLOW_CTX_TRY_NUMBER='2' AIRFLOW_CTX_DAG_RUN_ID='scheduled__2026-02-25T10:00:00+00:00'
[2026-02-25T11:30:33.861+0000] {taskinstance.py:731} INFO - ::endgroup::
[2026-02-25T11:30:33.994+0000] {db.py:25} INFO - Database connection established
[2026-02-25T11:30:33.996+0000] {taskinstance.py:3311} ERROR - Task failed with exception
Traceback (most recent call last):
  File "/home/airflow/.local/lib/python3.10/site-packages/airflow/models/taskinstance.py", line 767, in _execute_task
    result = _execute_callable(context=context, **execute_callable_kwargs)
  File "/home/airflow/.local/lib/python3.10/site-packages/airflow/models/taskinstance.py", line 733, in _execute_callable
    return ExecutionCallableRunner(
  File "/home/airflow/.local/lib/python3.10/site-packages/airflow/utils/operator_helpers.py", line 252, in run
    return self.func(*args, **kwargs)
  File "/home/airflow/.local/lib/python3.10/site-packages/airflow/models/baseoperator.py", line 417, in wrapper
    return func(self, *args, **kwargs)
  File "/home/airflow/.local/lib/python3.10/site-packages/airflow/operators/python.py", line 238, in execute
    return_value = self.execute_callable()
  File "/home/airflow/.local/lib/python3.10/site-packages/airflow/operators/python.py", line 256, in execute_callable
    return runner.run(*self.op_args, **self.op_kwargs)
  File "/home/airflow/.local/lib/python3.10/site-packages/airflow/utils/operator_helpers.py", line 252, in run
    return self.func(*args, **kwargs)
  File "/opt/airflow/dags/weather_pipeline_dag.py", line 37, in load_task
    load_weather(df, conn)
TypeError: load_weather() takes 1 positional argument but 2 were given
[2026-02-25T11:30:34.033+0000] {taskinstance.py:1225} INFO - Marking task as UP_FOR_RETRY. dag_id=weather_etl_pipeline, task_id=load_weather, run_id=scheduled__2026-02-25T10:00:00+00:00, execution_date=20260225T100000, start_date=20260225T113033, end_date=20260225T113034
[2026-02-25T11:30:34.060+0000] {taskinstance.py:340} INFO - ::group::Post task execution logs
[2026-02-25T11:30:34.063+0000] {standard_task_runner.py:124} ERROR - Failed to execute job 122 for task load_weather (load_weather() takes 1 positional argument but 2 were given; 1212)
Traceback (most recent call last):
  File "/home/airflow/.local/lib/python3.10/site-packages/airflow/task/task_runner/standard_task_runner.py", line 117, in _start_by_fork
    ret = args.func(args, dag=self.dag)
  File "/home/airflow/.local/lib/python3.10/site-packages/airflow/cli/cli_config.py", line 49, in command
    return func(*args, **kwargs)
  File "/home/airflow/.local/lib/python3.10/site-packages/airflow/utils/cli.py", line 116, in wrapper
    return f(*args, **kwargs)
  File "/home/airflow/.local/lib/python3.10/site-packages/airflow/cli/commands/task_command.py", line 483, in task_run
    task_return_code = _run_task_by_selected_method(args, _dag, ti)
  File "/home/airflow/.local/lib/python3.10/site-packages/airflow/cli/commands/task_command.py", line 256, in _run_task_by_selected_method
    return _run_raw_task(args, ti)
  File "/home/airflow/.local/lib/python3.10/site-packages/airflow/cli/commands/task_command.py", line 341, in _run_raw_task
    return ti._run_raw_task(
  File "/home/airflow/.local/lib/python3.10/site-packages/airflow/utils/session.py", line 97, in wrapper
    return func(*args, session=session, **kwargs)
  File "/home/airflow/.local/lib/python3.10/site-packages/airflow/models/taskinstance.py", line 3005, in _run_raw_task
    return _run_raw_task(
  File "/home/airflow/.local/lib/python3.10/site-packages/airflow/models/taskinstance.py", line 273, in _run_raw_task
    TaskInstance._execute_task_with_callbacks(
  File "/home/airflow/.local/lib/python3.10/site-packages/airflow/models/taskinstance.py", line 3159, in _execute_task_with_callbacks
    result = self._execute_task(context, task_orig)
  File "/home/airflow/.local/lib/python3.10/site-packages/airflow/models/taskinstance.py", line 3183, in _execute_task
    return _execute_task(self, context, task_orig)
  File "/home/airflow/.local/lib/python3.10/site-packages/airflow/models/taskinstance.py", line 767, in _execute_task
    result = _execute_callable(context=context, **execute_callable_kwargs)
  File "/home/airflow/.local/lib/python3.10/site-packages/airflow/models/taskinstance.py", line 733, in _execute_callable
    return ExecutionCallableRunner(
  File "/home/airflow/.local/lib/python3.10/site-packages/airflow/utils/operator_helpers.py", line 252, in run
    return self.func(*args, **kwargs)
  File "/home/airflow/.local/lib/python3.10/site-packages/airflow/models/baseoperator.py", line 417, in wrapper
    return func(self, *args, **kwargs)
  File "/home/airflow/.local/lib/python3.10/site-packages/airflow/operators/python.py", line 238, in execute
    return_value = self.execute_callable()
  File "/home/airflow/.local/lib/python3.10/site-packages/airflow/operators/python.py", line 256, in execute_callable
    return runner.run(*self.op_args, **self.op_kwargs)
  File "/home/airflow/.local/lib/python3.10/site-packages/airflow/utils/operator_helpers.py", line 252, in run
    return self.func(*args, **kwargs)
  File "/opt/airflow/dags/weather_pipeline_dag.py", line 37, in load_task
    load_weather(df, conn)
TypeError: load_weather() takes 1 positional argument but 2 were given
[2026-02-25T11:30:34.133+0000] {local_task_job_runner.py:266} INFO - Task exited with return code 1
[2026-02-25T11:30:34.180+0000] {taskinstance.py:3895} INFO - 0 downstream tasks scheduled from follow-on schedule check
[2026-02-25T11:30:34.186+0000] {local_task_job_runner.py:245} INFO - ::endgroup::
[2026-02-25T11:58:03.346+0000] {local_task_job_runner.py:123} INFO - ::group::Pre task execution logs
[2026-02-25T11:58:03.403+0000] {taskinstance.py:2613} INFO - Dependencies all met for dep_context=non-requeueable deps ti=<TaskInstance: weather_etl_pipeline.load_weather scheduled__2026-02-25T10:00:00+00:00 [queued]>
[2026-02-25T11:58:03.437+0000] {taskinstance.py:2613} INFO - Dependencies all met for dep_context=requeueable deps ti=<TaskInstance: weather_etl_pipeline.load_weather scheduled__2026-02-25T10:00:00+00:00 [queued]>
[2026-02-25T11:58:03.442+0000] {taskinstance.py:2866} INFO - Starting attempt 2 of 3
[2026-02-25T11:58:03.483+0000] {taskinstance.py:2889} INFO - Executing <Task(PythonOperator): load_weather> on 2026-02-25 10:00:00+00:00
[2026-02-25T11:58:03.519+0000] {standard_task_runner.py:72} INFO - Started process 2174 to run task
[2026-02-25T11:58:03.528+0000] {standard_task_runner.py:104} INFO - Running: ['***', 'tasks', 'run', 'weather_etl_pipeline', 'load_weather', 'scheduled__2026-02-25T10:00:00+00:00', '--job-id', '134', '--raw', '--subdir', 'DAGS_FOLDER/weather_pipeline_dag.py', '--cfg-path', '/tmp/tmp75h9m50l']
[2026-02-25T11:58:03.535+0000] {standard_task_runner.py:105} INFO - Job 134: Subtask load_weather
[2026-02-25T11:58:03.695+0000] {task_command.py:467} INFO - Running <TaskInstance: weather_etl_pipeline.load_weather scheduled__2026-02-25T10:00:00+00:00 [running]> on host 6f0248ee75a6
[2026-02-25T11:58:03.901+0000] {taskinstance.py:3132} INFO - Exporting env vars: AIRFLOW_CTX_DAG_OWNER='weather_pipeline' AIRFLOW_CTX_DAG_ID='weather_etl_pipeline' AIRFLOW_CTX_TASK_ID='load_weather' AIRFLOW_CTX_EXECUTION_DATE='2026-02-25T10:00:00+00:00' AIRFLOW_CTX_TRY_NUMBER='2' AIRFLOW_CTX_DAG_RUN_ID='scheduled__2026-02-25T10:00:00+00:00'
[2026-02-25T11:58:03.906+0000] {taskinstance.py:731} INFO - ::endgroup::
[2026-02-25T11:58:04.050+0000] {load.py:10} INFO - Starting load process
[2026-02-25T11:58:04.072+0000] {db.py:25} INFO - Database connection established
[2026-02-25T11:58:04.080+0000] {taskinstance.py:3311} ERROR - Task failed with exception
Traceback (most recent call last):
  File "/home/airflow/.local/lib/python3.10/site-packages/airflow/models/taskinstance.py", line 767, in _execute_task
    result = _execute_callable(context=context, **execute_callable_kwargs)
  File "/home/airflow/.local/lib/python3.10/site-packages/airflow/models/taskinstance.py", line 733, in _execute_callable
    return ExecutionCallableRunner(
  File "/home/airflow/.local/lib/python3.10/site-packages/airflow/utils/operator_helpers.py", line 252, in run
    return self.func(*args, **kwargs)
  File "/home/airflow/.local/lib/python3.10/site-packages/airflow/models/baseoperator.py", line 417, in wrapper
    return func(self, *args, **kwargs)
  File "/home/airflow/.local/lib/python3.10/site-packages/airflow/operators/python.py", line 238, in execute
    return_value = self.execute_callable()
  File "/home/airflow/.local/lib/python3.10/site-packages/airflow/operators/python.py", line 256, in execute_callable
    return runner.run(*self.op_args, **self.op_kwargs)
  File "/home/airflow/.local/lib/python3.10/site-packages/airflow/utils/operator_helpers.py", line 252, in run
    return self.func(*args, **kwargs)
  File "/opt/airflow/dags/weather_pipeline_dag.py", line 36, in load_task
    load_weather(df)
  File "/opt/airflow/dags/utils/load.py", line 19, in load_weather
    cursor.execute(
psycopg2.errors.UndefinedTable: relation "dim_location" does not exist
LINE 2:             INSERT INTO dim_location (city)
                                ^

[2026-02-25T11:58:04.134+0000] {taskinstance.py:1225} INFO - Marking task as UP_FOR_RETRY. dag_id=weather_etl_pipeline, task_id=load_weather, run_id=scheduled__2026-02-25T10:00:00+00:00, execution_date=20260225T100000, start_date=20260225T115803, end_date=20260225T115804
[2026-02-25T11:58:04.167+0000] {taskinstance.py:340} INFO - ::group::Post task execution logs
[2026-02-25T11:58:04.170+0000] {standard_task_runner.py:124} ERROR - Failed to execute job 134 for task load_weather (relation "dim_location" does not exist
LINE 2:             INSERT INTO dim_location (city)
                                ^
; 2174)
Traceback (most recent call last):
  File "/home/airflow/.local/lib/python3.10/site-packages/airflow/task/task_runner/standard_task_runner.py", line 117, in _start_by_fork
    ret = args.func(args, dag=self.dag)
  File "/home/airflow/.local/lib/python3.10/site-packages/airflow/cli/cli_config.py", line 49, in command
    return func(*args, **kwargs)
  File "/home/airflow/.local/lib/python3.10/site-packages/airflow/utils/cli.py", line 116, in wrapper
    return f(*args, **kwargs)
  File "/home/airflow/.local/lib/python3.10/site-packages/airflow/cli/commands/task_command.py", line 483, in task_run
    task_return_code = _run_task_by_selected_method(args, _dag, ti)
  File "/home/airflow/.local/lib/python3.10/site-packages/airflow/cli/commands/task_command.py", line 256, in _run_task_by_selected_method
    return _run_raw_task(args, ti)
  File "/home/airflow/.local/lib/python3.10/site-packages/airflow/cli/commands/task_command.py", line 341, in _run_raw_task
    return ti._run_raw_task(
  File "/home/airflow/.local/lib/python3.10/site-packages/airflow/utils/session.py", line 97, in wrapper
    return func(*args, session=session, **kwargs)
  File "/home/airflow/.local/lib/python3.10/site-packages/airflow/models/taskinstance.py", line 3005, in _run_raw_task
    return _run_raw_task(
  File "/home/airflow/.local/lib/python3.10/site-packages/airflow/models/taskinstance.py", line 273, in _run_raw_task
    TaskInstance._execute_task_with_callbacks(
  File "/home/airflow/.local/lib/python3.10/site-packages/airflow/models/taskinstance.py", line 3159, in _execute_task_with_callbacks
    result = self._execute_task(context, task_orig)
  File "/home/airflow/.local/lib/python3.10/site-packages/airflow/models/taskinstance.py", line 3183, in _execute_task
    return _execute_task(self, context, task_orig)
  File "/home/airflow/.local/lib/python3.10/site-packages/airflow/models/taskinstance.py", line 767, in _execute_task
    result = _execute_callable(context=context, **execute_callable_kwargs)
  File "/home/airflow/.local/lib/python3.10/site-packages/airflow/models/taskinstance.py", line 733, in _execute_callable
    return ExecutionCallableRunner(
  File "/home/airflow/.local/lib/python3.10/site-packages/airflow/utils/operator_helpers.py", line 252, in run
    return self.func(*args, **kwargs)
  File "/home/airflow/.local/lib/python3.10/site-packages/airflow/models/baseoperator.py", line 417, in wrapper
    return func(self, *args, **kwargs)
  File "/home/airflow/.local/lib/python3.10/site-packages/airflow/operators/python.py", line 238, in execute
    return_value = self.execute_callable()
  File "/home/airflow/.local/lib/python3.10/site-packages/airflow/operators/python.py", line 256, in execute_callable
    return runner.run(*self.op_args, **self.op_kwargs)
  File "/home/airflow/.local/lib/python3.10/site-packages/airflow/utils/operator_helpers.py", line 252, in run
    return self.func(*args, **kwargs)
  File "/opt/airflow/dags/weather_pipeline_dag.py", line 36, in load_task
    load_weather(df)
  File "/opt/airflow/dags/utils/load.py", line 19, in load_weather
    cursor.execute(
psycopg2.errors.UndefinedTable: relation "dim_location" does not exist
LINE 2:             INSERT INTO dim_location (city)
                                ^

[2026-02-25T11:58:04.270+0000] {local_task_job_runner.py:266} INFO - Task exited with return code 1
[2026-02-25T11:58:04.352+0000] {taskinstance.py:3895} INFO - 0 downstream tasks scheduled from follow-on schedule check
[2026-02-25T11:58:04.361+0000] {local_task_job_runner.py:245} INFO - ::endgroup::
