[2026-02-25T12:00:09.152+0000] {local_task_job_runner.py:123} INFO - ::group::Pre task execution logs
[2026-02-25T12:00:09.258+0000] {taskinstance.py:2613} INFO - Dependencies all met for dep_context=non-requeueable deps ti=<TaskInstance: weather_etl_pipeline.extract_weather scheduled__2026-02-25T11:00:00+00:00 [queued]>
[2026-02-25T12:00:09.285+0000] {taskinstance.py:2613} INFO - Dependencies all met for dep_context=requeueable deps ti=<TaskInstance: weather_etl_pipeline.extract_weather scheduled__2026-02-25T11:00:00+00:00 [queued]>
[2026-02-25T12:00:09.289+0000] {taskinstance.py:2866} INFO - Starting attempt 1 of 3
[2026-02-25T12:00:09.340+0000] {taskinstance.py:2889} INFO - Executing <Task(PythonOperator): extract_weather> on 2026-02-25 11:00:00+00:00
[2026-02-25T12:00:09.374+0000] {standard_task_runner.py:72} INFO - Started process 2271 to run task
[2026-02-25T12:00:09.389+0000] {standard_task_runner.py:104} INFO - Running: ['***', 'tasks', 'run', 'weather_etl_pipeline', 'extract_weather', 'scheduled__2026-02-25T11:00:00+00:00', '--job-id', '135', '--raw', '--subdir', 'DAGS_FOLDER/weather_pipeline_dag.py', '--cfg-path', '/tmp/tmp3eu9fktz']
[2026-02-25T12:00:09.395+0000] {standard_task_runner.py:105} INFO - Job 135: Subtask extract_weather
[2026-02-25T12:00:09.643+0000] {task_command.py:467} INFO - Running <TaskInstance: weather_etl_pipeline.extract_weather scheduled__2026-02-25T11:00:00+00:00 [running]> on host 6f0248ee75a6
[2026-02-25T12:00:09.951+0000] {taskinstance.py:3132} INFO - Exporting env vars: AIRFLOW_CTX_DAG_OWNER='weather_pipeline' AIRFLOW_CTX_DAG_ID='weather_etl_pipeline' AIRFLOW_CTX_TASK_ID='extract_weather' AIRFLOW_CTX_EXECUTION_DATE='2026-02-25T11:00:00+00:00' AIRFLOW_CTX_TRY_NUMBER='1' AIRFLOW_CTX_DAG_RUN_ID='scheduled__2026-02-25T11:00:00+00:00'
[2026-02-25T12:00:09.958+0000] {taskinstance.py:731} INFO - ::endgroup::
[2026-02-25T12:00:10.004+0000] {extract.py:29} INFO - Starting extraction for Lagos
[2026-02-25T12:00:13.106+0000] {extract.py:53} INFO - Lagos: Extracted 168 records
[2026-02-25T12:00:13.111+0000] {extract.py:29} INFO - Starting extraction for London
[2026-02-25T12:00:15.792+0000] {extract.py:53} INFO - London: Extracted 168 records
[2026-02-25T12:00:15.795+0000] {extract.py:29} INFO - Starting extraction for New York
[2026-02-25T12:00:17.711+0000] {extract.py:53} INFO - New York: Extracted 168 records
[2026-02-25T12:00:17.835+0000] {python.py:240} INFO - Done. Returned value was: None
[2026-02-25T12:00:17.868+0000] {taskinstance.py:340} INFO - ::group::Post task execution logs
[2026-02-25T12:00:17.872+0000] {taskinstance.py:352} INFO - Marking task as SUCCESS. dag_id=weather_etl_pipeline, task_id=extract_weather, run_id=scheduled__2026-02-25T11:00:00+00:00, execution_date=20260225T110000, start_date=20260225T120009, end_date=20260225T120017
[2026-02-25T12:00:17.955+0000] {local_task_job_runner.py:266} INFO - Task exited with return code 0
[2026-02-25T12:00:18.031+0000] {taskinstance.py:3895} INFO - 1 downstream tasks scheduled from follow-on schedule check
[2026-02-25T12:00:18.038+0000] {local_task_job_runner.py:245} INFO - ::endgroup::
[2026-02-25T12:09:11.675+0000] {local_task_job_runner.py:123} INFO - ::group::Pre task execution logs
[2026-02-25T12:09:11.727+0000] {taskinstance.py:2613} INFO - Dependencies all met for dep_context=non-requeueable deps ti=<TaskInstance: weather_etl_pipeline.extract_weather scheduled__2026-02-25T11:00:00+00:00 [queued]>
[2026-02-25T12:09:11.748+0000] {taskinstance.py:2613} INFO - Dependencies all met for dep_context=requeueable deps ti=<TaskInstance: weather_etl_pipeline.extract_weather scheduled__2026-02-25T11:00:00+00:00 [queued]>
[2026-02-25T12:09:11.751+0000] {taskinstance.py:2866} INFO - Starting attempt 1 of 3
[2026-02-25T12:09:11.789+0000] {taskinstance.py:2889} INFO - Executing <Task(PythonOperator): extract_weather> on 2026-02-25 11:00:00+00:00
[2026-02-25T12:09:11.825+0000] {standard_task_runner.py:72} INFO - Started process 2881 to run task
[2026-02-25T12:09:11.838+0000] {standard_task_runner.py:104} INFO - Running: ['***', 'tasks', 'run', 'weather_etl_pipeline', 'extract_weather', 'scheduled__2026-02-25T11:00:00+00:00', '--job-id', '146', '--raw', '--subdir', 'DAGS_FOLDER/weather_pipeline_dag.py', '--cfg-path', '/tmp/tmpps09akjt']
[2026-02-25T12:09:11.844+0000] {standard_task_runner.py:105} INFO - Job 146: Subtask extract_weather
[2026-02-25T12:09:12.033+0000] {task_command.py:467} INFO - Running <TaskInstance: weather_etl_pipeline.extract_weather scheduled__2026-02-25T11:00:00+00:00 [running]> on host 6f0248ee75a6
[2026-02-25T12:09:12.299+0000] {taskinstance.py:3132} INFO - Exporting env vars: AIRFLOW_CTX_DAG_OWNER='weather_pipeline' AIRFLOW_CTX_DAG_ID='weather_etl_pipeline' AIRFLOW_CTX_TASK_ID='extract_weather' AIRFLOW_CTX_EXECUTION_DATE='2026-02-25T11:00:00+00:00' AIRFLOW_CTX_TRY_NUMBER='1' AIRFLOW_CTX_DAG_RUN_ID='scheduled__2026-02-25T11:00:00+00:00'
[2026-02-25T12:09:12.303+0000] {taskinstance.py:731} INFO - ::endgroup::
[2026-02-25T12:09:12.333+0000] {extract.py:29} INFO - Starting extraction for Lagos
[2026-02-25T12:09:12.790+0000] {extract.py:53} INFO - Lagos: Extracted 168 records
[2026-02-25T12:09:12.798+0000] {extract.py:29} INFO - Starting extraction for London
[2026-02-25T12:09:13.133+0000] {extract.py:53} INFO - London: Extracted 168 records
[2026-02-25T12:09:13.139+0000] {extract.py:29} INFO - Starting extraction for New York
[2026-02-25T12:09:13.445+0000] {extract.py:53} INFO - New York: Extracted 168 records
[2026-02-25T12:09:13.716+0000] {python.py:240} INFO - Done. Returned value was: None
[2026-02-25T12:09:13.797+0000] {taskinstance.py:340} INFO - ::group::Post task execution logs
[2026-02-25T12:09:13.801+0000] {taskinstance.py:352} INFO - Marking task as SUCCESS. dag_id=weather_etl_pipeline, task_id=extract_weather, run_id=scheduled__2026-02-25T11:00:00+00:00, execution_date=20260225T110000, start_date=20260225T120911, end_date=20260225T120913
[2026-02-25T12:09:13.915+0000] {local_task_job_runner.py:266} INFO - Task exited with return code 0
[2026-02-25T12:09:14.012+0000] {taskinstance.py:3895} INFO - 1 downstream tasks scheduled from follow-on schedule check
[2026-02-25T12:09:14.018+0000] {local_task_job_runner.py:245} INFO - ::endgroup::
[2026-02-25T12:44:04.512+0000] {local_task_job_runner.py:123} INFO - ::group::Pre task execution logs
[2026-02-25T12:44:04.562+0000] {taskinstance.py:2613} INFO - Dependencies all met for dep_context=non-requeueable deps ti=<TaskInstance: weather_etl_pipeline.extract_weather scheduled__2026-02-25T11:00:00+00:00 [queued]>
[2026-02-25T12:44:04.577+0000] {taskinstance.py:2613} INFO - Dependencies all met for dep_context=requeueable deps ti=<TaskInstance: weather_etl_pipeline.extract_weather scheduled__2026-02-25T11:00:00+00:00 [queued]>
[2026-02-25T12:44:04.579+0000] {taskinstance.py:2866} INFO - Starting attempt 1 of 3
[2026-02-25T12:44:04.606+0000] {taskinstance.py:2889} INFO - Executing <Task(PythonOperator): extract_weather> on 2026-02-25 11:00:00+00:00
[2026-02-25T12:44:04.644+0000] {standard_task_runner.py:72} INFO - Started process 4214 to run task
[2026-02-25T12:44:04.674+0000] {standard_task_runner.py:104} INFO - Running: ['***', 'tasks', 'run', 'weather_etl_pipeline', 'extract_weather', 'scheduled__2026-02-25T11:00:00+00:00', '--job-id', '157', '--raw', '--subdir', 'DAGS_FOLDER/weather_pipeline_dag.py', '--cfg-path', '/tmp/tmpb3hr50h_']
[2026-02-25T12:44:04.681+0000] {standard_task_runner.py:105} INFO - Job 157: Subtask extract_weather
[2026-02-25T12:44:05.179+0000] {task_command.py:467} INFO - Running <TaskInstance: weather_etl_pipeline.extract_weather scheduled__2026-02-25T11:00:00+00:00 [running]> on host 6f0248ee75a6
[2026-02-25T12:44:05.546+0000] {taskinstance.py:3132} INFO - Exporting env vars: AIRFLOW_CTX_DAG_OWNER='weather_pipeline' AIRFLOW_CTX_DAG_ID='weather_etl_pipeline' AIRFLOW_CTX_TASK_ID='extract_weather' AIRFLOW_CTX_EXECUTION_DATE='2026-02-25T11:00:00+00:00' AIRFLOW_CTX_TRY_NUMBER='1' AIRFLOW_CTX_DAG_RUN_ID='scheduled__2026-02-25T11:00:00+00:00'
[2026-02-25T12:44:05.559+0000] {taskinstance.py:731} INFO - ::endgroup::
[2026-02-25T12:44:05.639+0000] {extract.py:29} INFO - Starting extraction for Lagos
[2026-02-25T12:44:06.166+0000] {extract.py:53} INFO - Lagos: Extracted 168 records
[2026-02-25T12:44:06.169+0000] {extract.py:29} INFO - Starting extraction for London
[2026-02-25T12:44:06.390+0000] {extract.py:53} INFO - London: Extracted 168 records
[2026-02-25T12:44:06.396+0000] {extract.py:29} INFO - Starting extraction for New York
[2026-02-25T12:44:06.569+0000] {extract.py:53} INFO - New York: Extracted 168 records
[2026-02-25T12:44:06.846+0000] {python.py:240} INFO - Done. Returned value was: None
[2026-02-25T12:44:06.877+0000] {taskinstance.py:340} INFO - ::group::Post task execution logs
[2026-02-25T12:44:06.880+0000] {taskinstance.py:352} INFO - Marking task as SUCCESS. dag_id=weather_etl_pipeline, task_id=extract_weather, run_id=scheduled__2026-02-25T11:00:00+00:00, execution_date=20260225T110000, start_date=20260225T124404, end_date=20260225T124406
[2026-02-25T12:44:06.972+0000] {local_task_job_runner.py:266} INFO - Task exited with return code 0
[2026-02-25T12:44:07.034+0000] {taskinstance.py:3895} INFO - 1 downstream tasks scheduled from follow-on schedule check
[2026-02-25T12:44:07.043+0000] {local_task_job_runner.py:245} INFO - ::endgroup::
