[2026-02-23T06:58:13.359+0000] {local_task_job_runner.py:123} INFO - ::group::Pre task execution logs
[2026-02-23T06:58:13.413+0000] {taskinstance.py:2613} INFO - Dependencies all met for dep_context=non-requeueable deps ti=<TaskInstance: weather_etl_pipeline.extract_weather scheduled__2026-02-23T05:00:00+00:00 [queued]>
[2026-02-23T06:58:13.439+0000] {taskinstance.py:2613} INFO - Dependencies all met for dep_context=requeueable deps ti=<TaskInstance: weather_etl_pipeline.extract_weather scheduled__2026-02-23T05:00:00+00:00 [queued]>
[2026-02-23T06:58:13.443+0000] {taskinstance.py:2866} INFO - Starting attempt 1 of 3
[2026-02-23T06:58:13.482+0000] {taskinstance.py:2889} INFO - Executing <Task(PythonOperator): extract_weather> on 2026-02-23 05:00:00+00:00
[2026-02-23T06:58:13.537+0000] {standard_task_runner.py:72} INFO - Started process 3906 to run task
[2026-02-23T06:58:13.552+0000] {standard_task_runner.py:104} INFO - Running: ['***', 'tasks', 'run', 'weather_etl_pipeline', 'extract_weather', 'scheduled__2026-02-23T05:00:00+00:00', '--job-id', '51', '--raw', '--subdir', 'DAGS_FOLDER/weather_pipeline_dag.py', '--cfg-path', '/tmp/tmp88x479t1']
[2026-02-23T06:58:13.568+0000] {standard_task_runner.py:105} INFO - Job 51: Subtask extract_weather
[2026-02-23T06:58:13.870+0000] {task_command.py:467} INFO - Running <TaskInstance: weather_etl_pipeline.extract_weather scheduled__2026-02-23T05:00:00+00:00 [running]> on host 20d22796c30b
[2026-02-23T06:58:14.147+0000] {taskinstance.py:3132} INFO - Exporting env vars: AIRFLOW_CTX_DAG_OWNER='weather_pipeline' AIRFLOW_CTX_DAG_ID='weather_etl_pipeline' AIRFLOW_CTX_TASK_ID='extract_weather' AIRFLOW_CTX_EXECUTION_DATE='2026-02-23T05:00:00+00:00' AIRFLOW_CTX_TRY_NUMBER='1' AIRFLOW_CTX_DAG_RUN_ID='scheduled__2026-02-23T05:00:00+00:00'
[2026-02-23T06:58:14.151+0000] {taskinstance.py:731} INFO - ::endgroup::
[2026-02-23T06:58:14.213+0000] {extract.py:29} INFO - Starting extraction for Lagos
[2026-02-23T06:58:14.438+0000] {extract.py:58} ERROR - Lagos attempt 1 failed: HTTPSConnectionPool(host='api.open-meteo.com', port=443): Max retries exceeded with url: /v1/forecast?latitude=6.5244&longitude=3.3792&hourly=temperature_2m%2Crelativehumidity_2m%2Cwindspeed_10m%2Cprecipitation (Caused by NameResolutionError("<urllib3.connection.HTTPSConnection object at 0x7ee05bae06d0>: Failed to resolve 'api.open-meteo.com' ([Errno -2] Name or service not known)"))
[2026-02-23T06:58:14.446+0000] {extract.py:61} INFO - Lagos: Retrying in 5 seconds...
[2026-02-23T06:58:19.481+0000] {extract.py:58} ERROR - Lagos attempt 2 failed: HTTPSConnectionPool(host='api.open-meteo.com', port=443): Max retries exceeded with url: /v1/forecast?latitude=6.5244&longitude=3.3792&hourly=temperature_2m%2Crelativehumidity_2m%2Cwindspeed_10m%2Cprecipitation (Caused by NameResolutionError("<urllib3.connection.HTTPSConnection object at 0x7ee05bae0970>: Failed to resolve 'api.open-meteo.com' ([Errno -2] Name or service not known)"))
[2026-02-23T06:58:19.483+0000] {extract.py:61} INFO - Lagos: Retrying in 5 seconds...
[2026-02-23T06:58:24.494+0000] {extract.py:58} ERROR - Lagos attempt 3 failed: HTTPSConnectionPool(host='api.open-meteo.com', port=443): Max retries exceeded with url: /v1/forecast?latitude=6.5244&longitude=3.3792&hourly=temperature_2m%2Crelativehumidity_2m%2Cwindspeed_10m%2Cprecipitation (Caused by NameResolutionError("<urllib3.connection.HTTPSConnection object at 0x7ee05bae14e0>: Failed to resolve 'api.open-meteo.com' ([Errno -2] Name or service not known)"))
[2026-02-23T06:58:24.506+0000] {extract.py:64} ERROR - Lagos: All retries failed
[2026-02-23T06:58:24.509+0000] {taskinstance.py:3311} ERROR - Task failed with exception
Traceback (most recent call last):
  File "/home/airflow/.local/lib/python3.10/site-packages/urllib3/connection.py", line 199, in _new_conn
    sock = connection.create_connection(
  File "/home/airflow/.local/lib/python3.10/site-packages/urllib3/util/connection.py", line 60, in create_connection
    for res in socket.getaddrinfo(host, port, family, socket.SOCK_STREAM):
  File "/usr/local/lib/python3.10/socket.py", line 967, in getaddrinfo
    for res in _socket.getaddrinfo(host, port, family, type, proto, flags):
socket.gaierror: [Errno -2] Name or service not known

The above exception was the direct cause of the following exception:

Traceback (most recent call last):
  File "/home/airflow/.local/lib/python3.10/site-packages/urllib3/connectionpool.py", line 789, in urlopen
    response = self._make_request(
  File "/home/airflow/.local/lib/python3.10/site-packages/urllib3/connectionpool.py", line 490, in _make_request
    raise new_e
  File "/home/airflow/.local/lib/python3.10/site-packages/urllib3/connectionpool.py", line 466, in _make_request
    self._validate_conn(conn)
  File "/home/airflow/.local/lib/python3.10/site-packages/urllib3/connectionpool.py", line 1095, in _validate_conn
    conn.connect()
  File "/home/airflow/.local/lib/python3.10/site-packages/urllib3/connection.py", line 693, in connect
    self.sock = sock = self._new_conn()
  File "/home/airflow/.local/lib/python3.10/site-packages/urllib3/connection.py", line 206, in _new_conn
    raise NameResolutionError(self.host, self, e) from e
urllib3.exceptions.NameResolutionError: <urllib3.connection.HTTPSConnection object at 0x7ee05bae14e0>: Failed to resolve 'api.open-meteo.com' ([Errno -2] Name or service not known)

The above exception was the direct cause of the following exception:

Traceback (most recent call last):
  File "/home/airflow/.local/lib/python3.10/site-packages/requests/adapters.py", line 486, in send
    resp = conn.urlopen(
  File "/home/airflow/.local/lib/python3.10/site-packages/urllib3/connectionpool.py", line 843, in urlopen
    retries = retries.increment(
  File "/home/airflow/.local/lib/python3.10/site-packages/urllib3/util/retry.py", line 519, in increment
    raise MaxRetryError(_pool, url, reason) from reason  # type: ignore[arg-type]
urllib3.exceptions.MaxRetryError: HTTPSConnectionPool(host='api.open-meteo.com', port=443): Max retries exceeded with url: /v1/forecast?latitude=6.5244&longitude=3.3792&hourly=temperature_2m%2Crelativehumidity_2m%2Cwindspeed_10m%2Cprecipitation (Caused by NameResolutionError("<urllib3.connection.HTTPSConnection object at 0x7ee05bae14e0>: Failed to resolve 'api.open-meteo.com' ([Errno -2] Name or service not known)"))

During handling of the above exception, another exception occurred:

Traceback (most recent call last):
  File "/home/airflow/.local/lib/python3.10/site-packages/airflow/models/taskinstance.py", line 767, in _execute_task
    result = _execute_callable(context=context, **execute_callable_kwargs)
  File "/home/airflow/.local/lib/python3.10/site-packages/airflow/models/taskinstance.py", line 733, in _execute_callable
    return ExecutionCallableRunner(
  File "/home/airflow/.local/lib/python3.10/site-packages/airflow/utils/operator_helpers.py", line 252, in run
    return self.func(*args, **kwargs)
  File "/home/airflow/.local/lib/python3.10/site-packages/airflow/models/baseoperator.py", line 417, in wrapper
    return func(self, *args, **kwargs)
  File "/home/airflow/.local/lib/python3.10/site-packages/airflow/operators/python.py", line 238, in execute
    return_value = self.execute_callable()
  File "/home/airflow/.local/lib/python3.10/site-packages/airflow/operators/python.py", line 256, in execute_callable
    return runner.run(*self.op_args, **self.op_kwargs)
  File "/home/airflow/.local/lib/python3.10/site-packages/airflow/utils/operator_helpers.py", line 252, in run
    return self.func(*args, **kwargs)
  File "/opt/airflow/dags/weather_pipeline_dag.py", line 22, in extract_task
    df = extract_weather()
  File "/opt/airflow/dags/utils/extract.py", line 39, in extract_weather
    response = requests.get(API_URL, params=params, timeout=10)
  File "/home/airflow/.local/lib/python3.10/site-packages/requests/api.py", line 73, in get
    return request("get", url, params=params, **kwargs)
  File "/home/airflow/.local/lib/python3.10/site-packages/requests/api.py", line 59, in request
    return session.request(method=method, url=url, **kwargs)
  File "/home/airflow/.local/lib/python3.10/site-packages/requests/sessions.py", line 589, in request
    resp = self.send(prep, **send_kwargs)
  File "/home/airflow/.local/lib/python3.10/site-packages/requests/sessions.py", line 703, in send
    r = adapter.send(request, **kwargs)
  File "/home/airflow/.local/lib/python3.10/site-packages/requests/adapters.py", line 519, in send
    raise ConnectionError(e, request=request)
requests.exceptions.ConnectionError: HTTPSConnectionPool(host='api.open-meteo.com', port=443): Max retries exceeded with url: /v1/forecast?latitude=6.5244&longitude=3.3792&hourly=temperature_2m%2Crelativehumidity_2m%2Cwindspeed_10m%2Cprecipitation (Caused by NameResolutionError("<urllib3.connection.HTTPSConnection object at 0x7ee05bae14e0>: Failed to resolve 'api.open-meteo.com' ([Errno -2] Name or service not known)"))
[2026-02-23T06:58:24.562+0000] {taskinstance.py:1225} INFO - Marking task as UP_FOR_RETRY. dag_id=weather_etl_pipeline, task_id=extract_weather, run_id=scheduled__2026-02-23T05:00:00+00:00, execution_date=20260223T050000, start_date=20260223T065813, end_date=20260223T065824
[2026-02-23T06:58:24.590+0000] {taskinstance.py:340} INFO - ::group::Post task execution logs
[2026-02-23T06:58:24.593+0000] {standard_task_runner.py:124} ERROR - Failed to execute job 51 for task extract_weather (HTTPSConnectionPool(host='api.open-meteo.com', port=443): Max retries exceeded with url: /v1/forecast?latitude=6.5244&longitude=3.3792&hourly=temperature_2m%2Crelativehumidity_2m%2Cwindspeed_10m%2Cprecipitation (Caused by NameResolutionError("<urllib3.connection.HTTPSConnection object at 0x7ee05bae14e0>: Failed to resolve 'api.open-meteo.com' ([Errno -2] Name or service not known)")); 3906)
Traceback (most recent call last):
  File "/home/airflow/.local/lib/python3.10/site-packages/urllib3/connection.py", line 199, in _new_conn
    sock = connection.create_connection(
  File "/home/airflow/.local/lib/python3.10/site-packages/urllib3/util/connection.py", line 60, in create_connection
    for res in socket.getaddrinfo(host, port, family, socket.SOCK_STREAM):
  File "/usr/local/lib/python3.10/socket.py", line 967, in getaddrinfo
    for res in _socket.getaddrinfo(host, port, family, type, proto, flags):
socket.gaierror: [Errno -2] Name or service not known

The above exception was the direct cause of the following exception:

Traceback (most recent call last):
  File "/home/airflow/.local/lib/python3.10/site-packages/urllib3/connectionpool.py", line 789, in urlopen
    response = self._make_request(
  File "/home/airflow/.local/lib/python3.10/site-packages/urllib3/connectionpool.py", line 490, in _make_request
    raise new_e
  File "/home/airflow/.local/lib/python3.10/site-packages/urllib3/connectionpool.py", line 466, in _make_request
    self._validate_conn(conn)
  File "/home/airflow/.local/lib/python3.10/site-packages/urllib3/connectionpool.py", line 1095, in _validate_conn
    conn.connect()
  File "/home/airflow/.local/lib/python3.10/site-packages/urllib3/connection.py", line 693, in connect
    self.sock = sock = self._new_conn()
  File "/home/airflow/.local/lib/python3.10/site-packages/urllib3/connection.py", line 206, in _new_conn
    raise NameResolutionError(self.host, self, e) from e
urllib3.exceptions.NameResolutionError: <urllib3.connection.HTTPSConnection object at 0x7ee05bae14e0>: Failed to resolve 'api.open-meteo.com' ([Errno -2] Name or service not known)

The above exception was the direct cause of the following exception:

Traceback (most recent call last):
  File "/home/airflow/.local/lib/python3.10/site-packages/requests/adapters.py", line 486, in send
    resp = conn.urlopen(
  File "/home/airflow/.local/lib/python3.10/site-packages/urllib3/connectionpool.py", line 843, in urlopen
    retries = retries.increment(
  File "/home/airflow/.local/lib/python3.10/site-packages/urllib3/util/retry.py", line 519, in increment
    raise MaxRetryError(_pool, url, reason) from reason  # type: ignore[arg-type]
urllib3.exceptions.MaxRetryError: HTTPSConnectionPool(host='api.open-meteo.com', port=443): Max retries exceeded with url: /v1/forecast?latitude=6.5244&longitude=3.3792&hourly=temperature_2m%2Crelativehumidity_2m%2Cwindspeed_10m%2Cprecipitation (Caused by NameResolutionError("<urllib3.connection.HTTPSConnection object at 0x7ee05bae14e0>: Failed to resolve 'api.open-meteo.com' ([Errno -2] Name or service not known)"))

During handling of the above exception, another exception occurred:

Traceback (most recent call last):
  File "/home/airflow/.local/lib/python3.10/site-packages/airflow/task/task_runner/standard_task_runner.py", line 117, in _start_by_fork
    ret = args.func(args, dag=self.dag)
  File "/home/airflow/.local/lib/python3.10/site-packages/airflow/cli/cli_config.py", line 49, in command
    return func(*args, **kwargs)
  File "/home/airflow/.local/lib/python3.10/site-packages/airflow/utils/cli.py", line 116, in wrapper
    return f(*args, **kwargs)
  File "/home/airflow/.local/lib/python3.10/site-packages/airflow/cli/commands/task_command.py", line 483, in task_run
    task_return_code = _run_task_by_selected_method(args, _dag, ti)
  File "/home/airflow/.local/lib/python3.10/site-packages/airflow/cli/commands/task_command.py", line 256, in _run_task_by_selected_method
    return _run_raw_task(args, ti)
  File "/home/airflow/.local/lib/python3.10/site-packages/airflow/cli/commands/task_command.py", line 341, in _run_raw_task
    return ti._run_raw_task(
  File "/home/airflow/.local/lib/python3.10/site-packages/airflow/utils/session.py", line 97, in wrapper
    return func(*args, session=session, **kwargs)
  File "/home/airflow/.local/lib/python3.10/site-packages/airflow/models/taskinstance.py", line 3005, in _run_raw_task
    return _run_raw_task(
  File "/home/airflow/.local/lib/python3.10/site-packages/airflow/models/taskinstance.py", line 273, in _run_raw_task
    TaskInstance._execute_task_with_callbacks(
  File "/home/airflow/.local/lib/python3.10/site-packages/airflow/models/taskinstance.py", line 3159, in _execute_task_with_callbacks
    result = self._execute_task(context, task_orig)
  File "/home/airflow/.local/lib/python3.10/site-packages/airflow/models/taskinstance.py", line 3183, in _execute_task
    return _execute_task(self, context, task_orig)
  File "/home/airflow/.local/lib/python3.10/site-packages/airflow/models/taskinstance.py", line 767, in _execute_task
    result = _execute_callable(context=context, **execute_callable_kwargs)
  File "/home/airflow/.local/lib/python3.10/site-packages/airflow/models/taskinstance.py", line 733, in _execute_callable
    return ExecutionCallableRunner(
  File "/home/airflow/.local/lib/python3.10/site-packages/airflow/utils/operator_helpers.py", line 252, in run
    return self.func(*args, **kwargs)
  File "/home/airflow/.local/lib/python3.10/site-packages/airflow/models/baseoperator.py", line 417, in wrapper
    return func(self, *args, **kwargs)
  File "/home/airflow/.local/lib/python3.10/site-packages/airflow/operators/python.py", line 238, in execute
    return_value = self.execute_callable()
  File "/home/airflow/.local/lib/python3.10/site-packages/airflow/operators/python.py", line 256, in execute_callable
    return runner.run(*self.op_args, **self.op_kwargs)
  File "/home/airflow/.local/lib/python3.10/site-packages/airflow/utils/operator_helpers.py", line 252, in run
    return self.func(*args, **kwargs)
  File "/opt/airflow/dags/weather_pipeline_dag.py", line 22, in extract_task
    df = extract_weather()
  File "/opt/airflow/dags/utils/extract.py", line 39, in extract_weather
    response = requests.get(API_URL, params=params, timeout=10)
  File "/home/airflow/.local/lib/python3.10/site-packages/requests/api.py", line 73, in get
    return request("get", url, params=params, **kwargs)
  File "/home/airflow/.local/lib/python3.10/site-packages/requests/api.py", line 59, in request
    return session.request(method=method, url=url, **kwargs)
  File "/home/airflow/.local/lib/python3.10/site-packages/requests/sessions.py", line 589, in request
    resp = self.send(prep, **send_kwargs)
  File "/home/airflow/.local/lib/python3.10/site-packages/requests/sessions.py", line 703, in send
    r = adapter.send(request, **kwargs)
  File "/home/airflow/.local/lib/python3.10/site-packages/requests/adapters.py", line 519, in send
    raise ConnectionError(e, request=request)
requests.exceptions.ConnectionError: HTTPSConnectionPool(host='api.open-meteo.com', port=443): Max retries exceeded with url: /v1/forecast?latitude=6.5244&longitude=3.3792&hourly=temperature_2m%2Crelativehumidity_2m%2Cwindspeed_10m%2Cprecipitation (Caused by NameResolutionError("<urllib3.connection.HTTPSConnection object at 0x7ee05bae14e0>: Failed to resolve 'api.open-meteo.com' ([Errno -2] Name or service not known)"))
[2026-02-23T06:58:24.651+0000] {local_task_job_runner.py:266} INFO - Task exited with return code 1
[2026-02-23T06:58:24.687+0000] {taskinstance.py:3895} INFO - 0 downstream tasks scheduled from follow-on schedule check
[2026-02-23T06:58:24.691+0000] {local_task_job_runner.py:245} INFO - ::endgroup::
