[2026-02-15T13:00:07.129+0000] {local_task_job_runner.py:123} INFO - ::group::Pre task execution logs
[2026-02-15T13:00:07.156+0000] {taskinstance.py:2613} INFO - Dependencies all met for dep_context=non-requeueable deps ti=<TaskInstance: weather_etl_pipeline.extract_weather scheduled__2026-02-15T12:00:00+00:00 [queued]>
[2026-02-15T13:00:07.168+0000] {taskinstance.py:2613} INFO - Dependencies all met for dep_context=requeueable deps ti=<TaskInstance: weather_etl_pipeline.extract_weather scheduled__2026-02-15T12:00:00+00:00 [queued]>
[2026-02-15T13:00:07.170+0000] {taskinstance.py:2866} INFO - Starting attempt 1 of 3
[2026-02-15T13:00:07.188+0000] {taskinstance.py:2889} INFO - Executing <Task(PythonOperator): extract_weather> on 2026-02-15 12:00:00+00:00
[2026-02-15T13:00:07.208+0000] {standard_task_runner.py:72} INFO - Started process 4635 to run task
[2026-02-15T13:00:07.217+0000] {standard_task_runner.py:104} INFO - Running: ['***', 'tasks', 'run', 'weather_etl_pipeline', 'extract_weather', 'scheduled__2026-02-15T12:00:00+00:00', '--job-id', '24', '--raw', '--subdir', 'DAGS_FOLDER/weather_pipeline_dag.py', '--cfg-path', '/tmp/tmp9r77pmo7']
[2026-02-15T13:00:07.224+0000] {standard_task_runner.py:105} INFO - Job 24: Subtask extract_weather
[2026-02-15T13:00:07.321+0000] {task_command.py:467} INFO - Running <TaskInstance: weather_etl_pipeline.extract_weather scheduled__2026-02-15T12:00:00+00:00 [running]> on host 6eb1c9ff6327
[2026-02-15T13:00:07.451+0000] {taskinstance.py:3132} INFO - Exporting env vars: AIRFLOW_CTX_DAG_OWNER='weather_pipeline' AIRFLOW_CTX_DAG_ID='weather_etl_pipeline' AIRFLOW_CTX_TASK_ID='extract_weather' AIRFLOW_CTX_EXECUTION_DATE='2026-02-15T12:00:00+00:00' AIRFLOW_CTX_TRY_NUMBER='1' AIRFLOW_CTX_DAG_RUN_ID='scheduled__2026-02-15T12:00:00+00:00'
[2026-02-15T13:00:07.454+0000] {taskinstance.py:731} INFO - ::endgroup::
[2026-02-15T13:00:07.472+0000] {extract.py:29} INFO - Starting extraction for Lagos
[2026-02-15T13:00:09.950+0000] {extract.py:58} ERROR - Lagos attempt 1 failed: HTTPSConnectionPool(host='api.open-meteo.com', port=443): Max retries exceeded with url: /v1/forecast?latitude=6.5244&longitude=3.3792&hourly=temperature_2m%2Crelativehumidity_2m%2Cwindspeed_10m%2Cprecipitation (Caused by SSLError(SSLEOFError(8, '[SSL: UNEXPECTED_EOF_WHILE_READING] EOF occurred in violation of protocol (_ssl.c:1007)')))
[2026-02-15T13:00:09.952+0000] {extract.py:61} INFO - Lagos: Retrying in 5 seconds...
[2026-02-15T13:00:15.759+0000] {extract.py:58} ERROR - Lagos attempt 2 failed: HTTPSConnectionPool(host='api.open-meteo.com', port=443): Max retries exceeded with url: /v1/forecast?latitude=6.5244&longitude=3.3792&hourly=temperature_2m%2Crelativehumidity_2m%2Cwindspeed_10m%2Cprecipitation (Caused by SSLError(SSLEOFError(8, '[SSL: UNEXPECTED_EOF_WHILE_READING] EOF occurred in violation of protocol (_ssl.c:1007)')))
[2026-02-15T13:00:15.761+0000] {extract.py:61} INFO - Lagos: Retrying in 5 seconds...
[2026-02-15T13:00:24.996+0000] {extract.py:53} INFO - Lagos: Extracted 168 records
[2026-02-15T13:00:24.999+0000] {extract.py:29} INFO - Starting extraction for London
[2026-02-15T13:00:29.431+0000] {extract.py:53} INFO - London: Extracted 168 records
[2026-02-15T13:00:29.434+0000] {extract.py:29} INFO - Starting extraction for New York
[2026-02-15T13:00:30.151+0000] {extract.py:53} INFO - New York: Extracted 168 records
[2026-02-15T13:00:30.322+0000] {python.py:240} INFO - Done. Returned value was: None
[2026-02-15T13:00:30.348+0000] {taskinstance.py:340} INFO - ::group::Post task execution logs
[2026-02-15T13:00:30.350+0000] {taskinstance.py:352} INFO - Marking task as SUCCESS. dag_id=weather_etl_pipeline, task_id=extract_weather, run_id=scheduled__2026-02-15T12:00:00+00:00, execution_date=20260215T120000, start_date=20260215T130007, end_date=20260215T130030
[2026-02-15T13:00:30.448+0000] {local_task_job_runner.py:266} INFO - Task exited with return code 0
[2026-02-15T13:00:30.542+0000] {taskinstance.py:3895} INFO - 1 downstream tasks scheduled from follow-on schedule check
[2026-02-15T13:00:30.553+0000] {local_task_job_runner.py:245} INFO - ::endgroup::
