[2026-02-15T12:38:28.145+0000] {local_task_job_runner.py:123} INFO - ::group::Pre task execution logs
[2026-02-15T12:38:28.181+0000] {taskinstance.py:2613} INFO - Dependencies all met for dep_context=non-requeueable deps ti=<TaskInstance: weather_etl_pipeline.extract_weather scheduled__2026-02-15T11:00:00+00:00 [queued]>
[2026-02-15T12:38:28.199+0000] {taskinstance.py:2613} INFO - Dependencies all met for dep_context=requeueable deps ti=<TaskInstance: weather_etl_pipeline.extract_weather scheduled__2026-02-15T11:00:00+00:00 [queued]>
[2026-02-15T12:38:28.202+0000] {taskinstance.py:2866} INFO - Starting attempt 1 of 3
[2026-02-15T12:38:28.226+0000] {taskinstance.py:2889} INFO - Executing <Task(PythonOperator): extract_weather> on 2026-02-15 11:00:00+00:00
[2026-02-15T12:38:28.283+0000] {standard_task_runner.py:72} INFO - Started process 3684 to run task
[2026-02-15T12:38:28.294+0000] {standard_task_runner.py:104} INFO - Running: ['***', 'tasks', 'run', 'weather_etl_pipeline', 'extract_weather', 'scheduled__2026-02-15T11:00:00+00:00', '--job-id', '19', '--raw', '--subdir', 'DAGS_FOLDER/weather_pipeline_dag.py', '--cfg-path', '/tmp/tmp3nsjw1wi']
[2026-02-15T12:38:28.304+0000] {standard_task_runner.py:105} INFO - Job 19: Subtask extract_weather
[2026-02-15T12:38:28.512+0000] {task_command.py:467} INFO - Running <TaskInstance: weather_etl_pipeline.extract_weather scheduled__2026-02-15T11:00:00+00:00 [running]> on host 6eb1c9ff6327
[2026-02-15T12:38:29.005+0000] {taskinstance.py:3132} INFO - Exporting env vars: AIRFLOW_CTX_DAG_OWNER='weather_pipeline' AIRFLOW_CTX_DAG_ID='weather_etl_pipeline' AIRFLOW_CTX_TASK_ID='extract_weather' AIRFLOW_CTX_EXECUTION_DATE='2026-02-15T11:00:00+00:00' AIRFLOW_CTX_TRY_NUMBER='1' AIRFLOW_CTX_DAG_RUN_ID='scheduled__2026-02-15T11:00:00+00:00'
[2026-02-15T12:38:29.013+0000] {taskinstance.py:731} INFO - ::endgroup::
[2026-02-15T12:38:29.252+0000] {extract.py:29} INFO - Starting extraction for Lagos
[2026-02-15T12:38:32.818+0000] {extract.py:53} INFO - Lagos: Extracted 168 records
[2026-02-15T12:38:32.821+0000] {extract.py:29} INFO - Starting extraction for London
[2026-02-15T12:38:40.618+0000] {extract.py:53} INFO - London: Extracted 168 records
[2026-02-15T12:38:40.620+0000] {extract.py:29} INFO - Starting extraction for New York
[2026-02-15T12:38:41.921+0000] {extract.py:53} INFO - New York: Extracted 168 records
[2026-02-15T12:38:42.681+0000] {python.py:240} INFO - Done. Returned value was: None
[2026-02-15T12:38:42.741+0000] {taskinstance.py:340} INFO - ::group::Post task execution logs
[2026-02-15T12:38:42.744+0000] {taskinstance.py:352} INFO - Marking task as SUCCESS. dag_id=weather_etl_pipeline, task_id=extract_weather, run_id=scheduled__2026-02-15T11:00:00+00:00, execution_date=20260215T110000, start_date=20260215T123828, end_date=20260215T123842
[2026-02-15T12:38:42.833+0000] {local_task_job_runner.py:266} INFO - Task exited with return code 0
[2026-02-15T12:38:42.903+0000] {taskinstance.py:3895} INFO - 1 downstream tasks scheduled from follow-on schedule check
[2026-02-15T12:38:42.910+0000] {local_task_job_runner.py:245} INFO - ::endgroup::
