[2026-02-25T12:00:49.530+0000] {local_task_job_runner.py:123} INFO - ::group::Pre task execution logs
[2026-02-25T12:00:49.584+0000] {taskinstance.py:2613} INFO - Dependencies all met for dep_context=non-requeueable deps ti=<TaskInstance: weather_etl_pipeline.load_weather scheduled__2026-02-25T11:00:00+00:00 [queued]>
[2026-02-25T12:00:49.608+0000] {taskinstance.py:2613} INFO - Dependencies all met for dep_context=requeueable deps ti=<TaskInstance: weather_etl_pipeline.load_weather scheduled__2026-02-25T11:00:00+00:00 [queued]>
[2026-02-25T12:00:49.612+0000] {taskinstance.py:2866} INFO - Starting attempt 1 of 3
[2026-02-25T12:00:49.650+0000] {taskinstance.py:2889} INFO - Executing <Task(PythonOperator): load_weather> on 2026-02-25 11:00:00+00:00
[2026-02-25T12:00:49.687+0000] {standard_task_runner.py:72} INFO - Started process 2372 to run task
[2026-02-25T12:00:49.717+0000] {standard_task_runner.py:104} INFO - Running: ['***', 'tasks', 'run', 'weather_etl_pipeline', 'load_weather', 'scheduled__2026-02-25T11:00:00+00:00', '--job-id', '138', '--raw', '--subdir', 'DAGS_FOLDER/weather_pipeline_dag.py', '--cfg-path', '/tmp/tmpdfehblfe']
[2026-02-25T12:00:49.724+0000] {standard_task_runner.py:105} INFO - Job 138: Subtask load_weather
[2026-02-25T12:00:49.957+0000] {task_command.py:467} INFO - Running <TaskInstance: weather_etl_pipeline.load_weather scheduled__2026-02-25T11:00:00+00:00 [running]> on host 6f0248ee75a6
[2026-02-25T12:00:50.219+0000] {taskinstance.py:3132} INFO - Exporting env vars: AIRFLOW_CTX_DAG_OWNER='weather_pipeline' AIRFLOW_CTX_DAG_ID='weather_etl_pipeline' AIRFLOW_CTX_TASK_ID='load_weather' AIRFLOW_CTX_EXECUTION_DATE='2026-02-25T11:00:00+00:00' AIRFLOW_CTX_TRY_NUMBER='1' AIRFLOW_CTX_DAG_RUN_ID='scheduled__2026-02-25T11:00:00+00:00'
[2026-02-25T12:00:50.224+0000] {taskinstance.py:731} INFO - ::endgroup::
[2026-02-25T12:00:50.413+0000] {load.py:10} INFO - Starting load process
[2026-02-25T12:00:50.434+0000] {db.py:25} INFO - Database connection established
[2026-02-25T12:00:50.443+0000] {taskinstance.py:3311} ERROR - Task failed with exception
Traceback (most recent call last):
  File "/home/airflow/.local/lib/python3.10/site-packages/airflow/models/taskinstance.py", line 767, in _execute_task
    result = _execute_callable(context=context, **execute_callable_kwargs)
  File "/home/airflow/.local/lib/python3.10/site-packages/airflow/models/taskinstance.py", line 733, in _execute_callable
    return ExecutionCallableRunner(
  File "/home/airflow/.local/lib/python3.10/site-packages/airflow/utils/operator_helpers.py", line 252, in run
    return self.func(*args, **kwargs)
  File "/home/airflow/.local/lib/python3.10/site-packages/airflow/models/baseoperator.py", line 417, in wrapper
    return func(self, *args, **kwargs)
  File "/home/airflow/.local/lib/python3.10/site-packages/airflow/operators/python.py", line 238, in execute
    return_value = self.execute_callable()
  File "/home/airflow/.local/lib/python3.10/site-packages/airflow/operators/python.py", line 256, in execute_callable
    return runner.run(*self.op_args, **self.op_kwargs)
  File "/home/airflow/.local/lib/python3.10/site-packages/airflow/utils/operator_helpers.py", line 252, in run
    return self.func(*args, **kwargs)
  File "/opt/airflow/dags/weather_pipeline_dag.py", line 36, in load_task
    load_weather(df)
  File "/opt/airflow/dags/utils/load.py", line 19, in load_weather
    cursor.execute(
psycopg2.errors.UndefinedTable: relation "dim_location" does not exist
LINE 2:             INSERT INTO dim_location (city)
                                ^

[2026-02-25T12:00:50.512+0000] {taskinstance.py:1225} INFO - Marking task as UP_FOR_RETRY. dag_id=weather_etl_pipeline, task_id=load_weather, run_id=scheduled__2026-02-25T11:00:00+00:00, execution_date=20260225T110000, start_date=20260225T120049, end_date=20260225T120050
[2026-02-25T12:00:50.560+0000] {taskinstance.py:340} INFO - ::group::Post task execution logs
[2026-02-25T12:00:50.564+0000] {standard_task_runner.py:124} ERROR - Failed to execute job 138 for task load_weather (relation "dim_location" does not exist
LINE 2:             INSERT INTO dim_location (city)
                                ^
; 2372)
Traceback (most recent call last):
  File "/home/airflow/.local/lib/python3.10/site-packages/airflow/task/task_runner/standard_task_runner.py", line 117, in _start_by_fork
    ret = args.func(args, dag=self.dag)
  File "/home/airflow/.local/lib/python3.10/site-packages/airflow/cli/cli_config.py", line 49, in command
    return func(*args, **kwargs)
  File "/home/airflow/.local/lib/python3.10/site-packages/airflow/utils/cli.py", line 116, in wrapper
    return f(*args, **kwargs)
  File "/home/airflow/.local/lib/python3.10/site-packages/airflow/cli/commands/task_command.py", line 483, in task_run
    task_return_code = _run_task_by_selected_method(args, _dag, ti)
  File "/home/airflow/.local/lib/python3.10/site-packages/airflow/cli/commands/task_command.py", line 256, in _run_task_by_selected_method
    return _run_raw_task(args, ti)
  File "/home/airflow/.local/lib/python3.10/site-packages/airflow/cli/commands/task_command.py", line 341, in _run_raw_task
    return ti._run_raw_task(
  File "/home/airflow/.local/lib/python3.10/site-packages/airflow/utils/session.py", line 97, in wrapper
    return func(*args, session=session, **kwargs)
  File "/home/airflow/.local/lib/python3.10/site-packages/airflow/models/taskinstance.py", line 3005, in _run_raw_task
    return _run_raw_task(
  File "/home/airflow/.local/lib/python3.10/site-packages/airflow/models/taskinstance.py", line 273, in _run_raw_task
    TaskInstance._execute_task_with_callbacks(
  File "/home/airflow/.local/lib/python3.10/site-packages/airflow/models/taskinstance.py", line 3159, in _execute_task_with_callbacks
    result = self._execute_task(context, task_orig)
  File "/home/airflow/.local/lib/python3.10/site-packages/airflow/models/taskinstance.py", line 3183, in _execute_task
    return _execute_task(self, context, task_orig)
  File "/home/airflow/.local/lib/python3.10/site-packages/airflow/models/taskinstance.py", line 767, in _execute_task
    result = _execute_callable(context=context, **execute_callable_kwargs)
  File "/home/airflow/.local/lib/python3.10/site-packages/airflow/models/taskinstance.py", line 733, in _execute_callable
    return ExecutionCallableRunner(
  File "/home/airflow/.local/lib/python3.10/site-packages/airflow/utils/operator_helpers.py", line 252, in run
    return self.func(*args, **kwargs)
  File "/home/airflow/.local/lib/python3.10/site-packages/airflow/models/baseoperator.py", line 417, in wrapper
    return func(self, *args, **kwargs)
  File "/home/airflow/.local/lib/python3.10/site-packages/airflow/operators/python.py", line 238, in execute
    return_value = self.execute_callable()
  File "/home/airflow/.local/lib/python3.10/site-packages/airflow/operators/python.py", line 256, in execute_callable
    return runner.run(*self.op_args, **self.op_kwargs)
  File "/home/airflow/.local/lib/python3.10/site-packages/airflow/utils/operator_helpers.py", line 252, in run
    return self.func(*args, **kwargs)
  File "/opt/airflow/dags/weather_pipeline_dag.py", line 36, in load_task
    load_weather(df)
  File "/opt/airflow/dags/utils/load.py", line 19, in load_weather
    cursor.execute(
psycopg2.errors.UndefinedTable: relation "dim_location" does not exist
LINE 2:             INSERT INTO dim_location (city)
                                ^

[2026-02-25T12:00:50.655+0000] {local_task_job_runner.py:266} INFO - Task exited with return code 1
[2026-02-25T12:00:50.712+0000] {taskinstance.py:3895} INFO - 0 downstream tasks scheduled from follow-on schedule check
[2026-02-25T12:00:50.719+0000] {local_task_job_runner.py:245} INFO - ::endgroup::
[2026-02-25T12:09:46.431+0000] {local_task_job_runner.py:123} INFO - ::group::Pre task execution logs
[2026-02-25T12:09:46.477+0000] {taskinstance.py:2613} INFO - Dependencies all met for dep_context=non-requeueable deps ti=<TaskInstance: weather_etl_pipeline.load_weather scheduled__2026-02-25T11:00:00+00:00 [queued]>
[2026-02-25T12:09:46.497+0000] {taskinstance.py:2613} INFO - Dependencies all met for dep_context=requeueable deps ti=<TaskInstance: weather_etl_pipeline.load_weather scheduled__2026-02-25T11:00:00+00:00 [queued]>
[2026-02-25T12:09:46.501+0000] {taskinstance.py:2866} INFO - Starting attempt 1 of 3
[2026-02-25T12:09:46.537+0000] {taskinstance.py:2889} INFO - Executing <Task(PythonOperator): load_weather> on 2026-02-25 11:00:00+00:00
[2026-02-25T12:09:46.567+0000] {standard_task_runner.py:72} INFO - Started process 3041 to run task
[2026-02-25T12:09:46.579+0000] {standard_task_runner.py:104} INFO - Running: ['***', 'tasks', 'run', 'weather_etl_pipeline', 'load_weather', 'scheduled__2026-02-25T11:00:00+00:00', '--job-id', '151', '--raw', '--subdir', 'DAGS_FOLDER/weather_pipeline_dag.py', '--cfg-path', '/tmp/tmppiqofqky']
[2026-02-25T12:09:46.584+0000] {standard_task_runner.py:105} INFO - Job 151: Subtask load_weather
[2026-02-25T12:09:46.758+0000] {task_command.py:467} INFO - Running <TaskInstance: weather_etl_pipeline.load_weather scheduled__2026-02-25T11:00:00+00:00 [running]> on host 6f0248ee75a6
[2026-02-25T12:09:46.972+0000] {taskinstance.py:3132} INFO - Exporting env vars: AIRFLOW_CTX_DAG_OWNER='weather_pipeline' AIRFLOW_CTX_DAG_ID='weather_etl_pipeline' AIRFLOW_CTX_TASK_ID='load_weather' AIRFLOW_CTX_EXECUTION_DATE='2026-02-25T11:00:00+00:00' AIRFLOW_CTX_TRY_NUMBER='1' AIRFLOW_CTX_DAG_RUN_ID='scheduled__2026-02-25T11:00:00+00:00'
[2026-02-25T12:09:46.977+0000] {taskinstance.py:731} INFO - ::endgroup::
[2026-02-25T12:09:47.138+0000] {load.py:10} INFO - Starting load process
[2026-02-25T12:09:47.192+0000] {db.py:25} INFO - Database connection established
[2026-02-25T12:09:47.219+0000] {load.py:28} INFO - Locations loaded
[2026-02-25T12:09:47.233+0000] {taskinstance.py:3311} ERROR - Task failed with exception
Traceback (most recent call last):
  File "/home/airflow/.local/lib/python3.10/site-packages/airflow/models/taskinstance.py", line 767, in _execute_task
    result = _execute_callable(context=context, **execute_callable_kwargs)
  File "/home/airflow/.local/lib/python3.10/site-packages/airflow/models/taskinstance.py", line 733, in _execute_callable
    return ExecutionCallableRunner(
  File "/home/airflow/.local/lib/python3.10/site-packages/airflow/utils/operator_helpers.py", line 252, in run
    return self.func(*args, **kwargs)
  File "/home/airflow/.local/lib/python3.10/site-packages/airflow/models/baseoperator.py", line 417, in wrapper
    return func(self, *args, **kwargs)
  File "/home/airflow/.local/lib/python3.10/site-packages/airflow/operators/python.py", line 238, in execute
    return_value = self.execute_callable()
  File "/home/airflow/.local/lib/python3.10/site-packages/airflow/operators/python.py", line 256, in execute_callable
    return runner.run(*self.op_args, **self.op_kwargs)
  File "/home/airflow/.local/lib/python3.10/site-packages/airflow/utils/operator_helpers.py", line 252, in run
    return self.func(*args, **kwargs)
  File "/opt/airflow/dags/weather_pipeline_dag.py", line 36, in load_task
    load_weather(df)
  File "/opt/airflow/dags/utils/load.py", line 41, in load_weather
    execute_batch(cursor, query, records)               # execute cursor, query, and records
  File "/home/airflow/.local/lib/python3.10/site-packages/psycopg2/extras.py", line 1215, in execute_batch
    sqls = [cur.mogrify(sql, args) for args in page]
  File "/home/airflow/.local/lib/python3.10/site-packages/psycopg2/extras.py", line 1215, in <listcomp>
    sqls = [cur.mogrify(sql, args) for args in page]
psycopg2.ProgrammingError: can't adapt type 'numpy.int64'
[2026-02-25T12:09:47.302+0000] {taskinstance.py:1225} INFO - Marking task as UP_FOR_RETRY. dag_id=weather_etl_pipeline, task_id=load_weather, run_id=scheduled__2026-02-25T11:00:00+00:00, execution_date=20260225T110000, start_date=20260225T120946, end_date=20260225T120947
[2026-02-25T12:09:47.336+0000] {taskinstance.py:340} INFO - ::group::Post task execution logs
[2026-02-25T12:09:47.339+0000] {standard_task_runner.py:124} ERROR - Failed to execute job 151 for task load_weather (can't adapt type 'numpy.int64'; 3041)
Traceback (most recent call last):
  File "/home/airflow/.local/lib/python3.10/site-packages/airflow/task/task_runner/standard_task_runner.py", line 117, in _start_by_fork
    ret = args.func(args, dag=self.dag)
  File "/home/airflow/.local/lib/python3.10/site-packages/airflow/cli/cli_config.py", line 49, in command
    return func(*args, **kwargs)
  File "/home/airflow/.local/lib/python3.10/site-packages/airflow/utils/cli.py", line 116, in wrapper
    return f(*args, **kwargs)
  File "/home/airflow/.local/lib/python3.10/site-packages/airflow/cli/commands/task_command.py", line 483, in task_run
    task_return_code = _run_task_by_selected_method(args, _dag, ti)
  File "/home/airflow/.local/lib/python3.10/site-packages/airflow/cli/commands/task_command.py", line 256, in _run_task_by_selected_method
    return _run_raw_task(args, ti)
  File "/home/airflow/.local/lib/python3.10/site-packages/airflow/cli/commands/task_command.py", line 341, in _run_raw_task
    return ti._run_raw_task(
  File "/home/airflow/.local/lib/python3.10/site-packages/airflow/utils/session.py", line 97, in wrapper
    return func(*args, session=session, **kwargs)
  File "/home/airflow/.local/lib/python3.10/site-packages/airflow/models/taskinstance.py", line 3005, in _run_raw_task
    return _run_raw_task(
  File "/home/airflow/.local/lib/python3.10/site-packages/airflow/models/taskinstance.py", line 273, in _run_raw_task
    TaskInstance._execute_task_with_callbacks(
  File "/home/airflow/.local/lib/python3.10/site-packages/airflow/models/taskinstance.py", line 3159, in _execute_task_with_callbacks
    result = self._execute_task(context, task_orig)
  File "/home/airflow/.local/lib/python3.10/site-packages/airflow/models/taskinstance.py", line 3183, in _execute_task
    return _execute_task(self, context, task_orig)
  File "/home/airflow/.local/lib/python3.10/site-packages/airflow/models/taskinstance.py", line 767, in _execute_task
    result = _execute_callable(context=context, **execute_callable_kwargs)
  File "/home/airflow/.local/lib/python3.10/site-packages/airflow/models/taskinstance.py", line 733, in _execute_callable
    return ExecutionCallableRunner(
  File "/home/airflow/.local/lib/python3.10/site-packages/airflow/utils/operator_helpers.py", line 252, in run
    return self.func(*args, **kwargs)
  File "/home/airflow/.local/lib/python3.10/site-packages/airflow/models/baseoperator.py", line 417, in wrapper
    return func(self, *args, **kwargs)
  File "/home/airflow/.local/lib/python3.10/site-packages/airflow/operators/python.py", line 238, in execute
    return_value = self.execute_callable()
  File "/home/airflow/.local/lib/python3.10/site-packages/airflow/operators/python.py", line 256, in execute_callable
    return runner.run(*self.op_args, **self.op_kwargs)
  File "/home/airflow/.local/lib/python3.10/site-packages/airflow/utils/operator_helpers.py", line 252, in run
    return self.func(*args, **kwargs)
  File "/opt/airflow/dags/weather_pipeline_dag.py", line 36, in load_task
    load_weather(df)
  File "/opt/airflow/dags/utils/load.py", line 41, in load_weather
    execute_batch(cursor, query, records)               # execute cursor, query, and records
  File "/home/airflow/.local/lib/python3.10/site-packages/psycopg2/extras.py", line 1215, in execute_batch
    sqls = [cur.mogrify(sql, args) for args in page]
  File "/home/airflow/.local/lib/python3.10/site-packages/psycopg2/extras.py", line 1215, in <listcomp>
    sqls = [cur.mogrify(sql, args) for args in page]
psycopg2.ProgrammingError: can't adapt type 'numpy.int64'
[2026-02-25T12:09:47.443+0000] {local_task_job_runner.py:266} INFO - Task exited with return code 1
[2026-02-25T12:09:47.514+0000] {taskinstance.py:3895} INFO - 0 downstream tasks scheduled from follow-on schedule check
[2026-02-25T12:09:47.522+0000] {local_task_job_runner.py:245} INFO - ::endgroup::
[2026-02-25T12:44:25.584+0000] {local_task_job_runner.py:123} INFO - ::group::Pre task execution logs
[2026-02-25T12:44:25.612+0000] {taskinstance.py:2613} INFO - Dependencies all met for dep_context=non-requeueable deps ti=<TaskInstance: weather_etl_pipeline.load_weather scheduled__2026-02-25T11:00:00+00:00 [queued]>
[2026-02-25T12:44:25.626+0000] {taskinstance.py:2613} INFO - Dependencies all met for dep_context=requeueable deps ti=<TaskInstance: weather_etl_pipeline.load_weather scheduled__2026-02-25T11:00:00+00:00 [queued]>
[2026-02-25T12:44:25.629+0000] {taskinstance.py:2866} INFO - Starting attempt 1 of 3
[2026-02-25T12:44:25.650+0000] {taskinstance.py:2889} INFO - Executing <Task(PythonOperator): load_weather> on 2026-02-25 11:00:00+00:00
[2026-02-25T12:44:25.676+0000] {standard_task_runner.py:72} INFO - Started process 4372 to run task
[2026-02-25T12:44:25.684+0000] {standard_task_runner.py:104} INFO - Running: ['***', 'tasks', 'run', 'weather_etl_pipeline', 'load_weather', 'scheduled__2026-02-25T11:00:00+00:00', '--job-id', '163', '--raw', '--subdir', 'DAGS_FOLDER/weather_pipeline_dag.py', '--cfg-path', '/tmp/tmpujrh9fv2']
[2026-02-25T12:44:25.687+0000] {standard_task_runner.py:105} INFO - Job 163: Subtask load_weather
[2026-02-25T12:44:25.811+0000] {task_command.py:467} INFO - Running <TaskInstance: weather_etl_pipeline.load_weather scheduled__2026-02-25T11:00:00+00:00 [running]> on host 6f0248ee75a6
[2026-02-25T12:44:25.960+0000] {taskinstance.py:3132} INFO - Exporting env vars: AIRFLOW_CTX_DAG_OWNER='weather_pipeline' AIRFLOW_CTX_DAG_ID='weather_etl_pipeline' AIRFLOW_CTX_TASK_ID='load_weather' AIRFLOW_CTX_EXECUTION_DATE='2026-02-25T11:00:00+00:00' AIRFLOW_CTX_TRY_NUMBER='1' AIRFLOW_CTX_DAG_RUN_ID='scheduled__2026-02-25T11:00:00+00:00'
[2026-02-25T12:44:25.963+0000] {taskinstance.py:731} INFO - ::endgroup::
[2026-02-25T12:44:26.071+0000] {load.py:10} INFO - Starting load process
[2026-02-25T12:44:26.084+0000] {db.py:25} INFO - Database connection established
[2026-02-25T12:44:26.126+0000] {load.py:28} INFO - Locations loaded
[2026-02-25T12:44:26.163+0000] {load.py:59} INFO - Loaded 504 weather records
[2026-02-25T12:44:26.165+0000] {python.py:240} INFO - Done. Returned value was: None
[2026-02-25T12:44:26.188+0000] {taskinstance.py:340} INFO - ::group::Post task execution logs
[2026-02-25T12:44:26.190+0000] {taskinstance.py:352} INFO - Marking task as SUCCESS. dag_id=weather_etl_pipeline, task_id=load_weather, run_id=scheduled__2026-02-25T11:00:00+00:00, execution_date=20260225T110000, start_date=20260225T124425, end_date=20260225T124426
[2026-02-25T12:44:26.261+0000] {local_task_job_runner.py:266} INFO - Task exited with return code 0
[2026-02-25T12:44:26.298+0000] {taskinstance.py:3895} INFO - 0 downstream tasks scheduled from follow-on schedule check
[2026-02-25T12:44:26.303+0000] {local_task_job_runner.py:245} INFO - ::endgroup::
