[2026-02-25T11:24:24.094+0000] {local_task_job_runner.py:123} INFO - ::group::Pre task execution logs
[2026-02-25T11:24:24.122+0000] {taskinstance.py:2613} INFO - Dependencies all met for dep_context=non-requeueable deps ti=<TaskInstance: weather_etl_pipeline.transform_weather manual__2026-02-25T11:24:00.227258+00:00 [queued]>
[2026-02-25T11:24:24.137+0000] {taskinstance.py:2613} INFO - Dependencies all met for dep_context=requeueable deps ti=<TaskInstance: weather_etl_pipeline.transform_weather manual__2026-02-25T11:24:00.227258+00:00 [queued]>
[2026-02-25T11:24:24.139+0000] {taskinstance.py:2866} INFO - Starting attempt 1 of 3
[2026-02-25T11:24:24.159+0000] {taskinstance.py:2889} INFO - Executing <Task(PythonOperator): transform_weather> on 2026-02-25 11:24:00.227258+00:00
[2026-02-25T11:24:24.185+0000] {standard_task_runner.py:72} INFO - Started process 761 to run task
[2026-02-25T11:24:24.192+0000] {standard_task_runner.py:104} INFO - Running: ['***', 'tasks', 'run', 'weather_etl_pipeline', 'transform_weather', 'manual__2026-02-25T11:24:00.227258+00:00', '--job-id', '114', '--raw', '--subdir', 'DAGS_FOLDER/weather_pipeline_dag.py', '--cfg-path', '/tmp/tmpbtn_d12p']
[2026-02-25T11:24:24.195+0000] {standard_task_runner.py:105} INFO - Job 114: Subtask transform_weather
[2026-02-25T11:24:24.352+0000] {task_command.py:467} INFO - Running <TaskInstance: weather_etl_pipeline.transform_weather manual__2026-02-25T11:24:00.227258+00:00 [running]> on host 6f0248ee75a6
[2026-02-25T11:24:24.487+0000] {taskinstance.py:3132} INFO - Exporting env vars: AIRFLOW_CTX_DAG_OWNER='weather_pipeline' AIRFLOW_CTX_DAG_ID='weather_etl_pipeline' AIRFLOW_CTX_TASK_ID='transform_weather' AIRFLOW_CTX_EXECUTION_DATE='2026-02-25T11:24:00.227258+00:00' AIRFLOW_CTX_TRY_NUMBER='1' AIRFLOW_CTX_DAG_RUN_ID='manual__2026-02-25T11:24:00.227258+00:00'
[2026-02-25T11:24:24.490+0000] {taskinstance.py:731} INFO - ::endgroup::
[2026-02-25T11:24:24.582+0000] {transform.py:9} INFO - Starting transformation process
[2026-02-25T11:24:24.630+0000] {transform.py:17} INFO - Dropped 0 rows with invalid timestamps
[2026-02-25T11:24:24.636+0000] {transform.py:27} INFO - Records after cleaning: 504
[2026-02-25T11:24:24.645+0000] {transform.py:38} INFO - Transformation and enrichment completed
[2026-02-25T11:24:24.698+0000] {python.py:240} INFO - Done. Returned value was: None
[2026-02-25T11:24:24.719+0000] {taskinstance.py:340} INFO - ::group::Post task execution logs
[2026-02-25T11:24:24.722+0000] {taskinstance.py:352} INFO - Marking task as SUCCESS. dag_id=weather_etl_pipeline, task_id=transform_weather, run_id=manual__2026-02-25T11:24:00.227258+00:00, execution_date=20260225T112400, start_date=20260225T112424, end_date=20260225T112424
[2026-02-25T11:24:24.814+0000] {local_task_job_runner.py:266} INFO - Task exited with return code 0
[2026-02-25T11:24:24.869+0000] {taskinstance.py:3895} INFO - 1 downstream tasks scheduled from follow-on schedule check
[2026-02-25T11:24:24.874+0000] {local_task_job_runner.py:245} INFO - ::endgroup::
