[2026-02-23T07:00:27.003+0000] {local_task_job_runner.py:123} INFO - ::group::Pre task execution logs
[2026-02-23T07:00:27.033+0000] {taskinstance.py:2613} INFO - Dependencies all met for dep_context=non-requeueable deps ti=<TaskInstance: weather_etl_pipeline.transform_weather scheduled__2026-02-23T06:00:00+00:00 [queued]>
[2026-02-23T07:00:27.048+0000] {taskinstance.py:2613} INFO - Dependencies all met for dep_context=requeueable deps ti=<TaskInstance: weather_etl_pipeline.transform_weather scheduled__2026-02-23T06:00:00+00:00 [queued]>
[2026-02-23T07:00:27.058+0000] {taskinstance.py:2866} INFO - Starting attempt 1 of 3
[2026-02-23T07:00:27.097+0000] {taskinstance.py:2889} INFO - Executing <Task(PythonOperator): transform_weather> on 2026-02-23 06:00:00+00:00
[2026-02-23T07:00:27.129+0000] {standard_task_runner.py:72} INFO - Started process 4042 to run task
[2026-02-23T07:00:27.138+0000] {standard_task_runner.py:104} INFO - Running: ['***', 'tasks', 'run', 'weather_etl_pipeline', 'transform_weather', 'scheduled__2026-02-23T06:00:00+00:00', '--job-id', '55', '--raw', '--subdir', 'DAGS_FOLDER/weather_pipeline_dag.py', '--cfg-path', '/tmp/tmptvqdb_fh']
[2026-02-23T07:00:27.147+0000] {standard_task_runner.py:105} INFO - Job 55: Subtask transform_weather
[2026-02-23T07:00:27.261+0000] {task_command.py:467} INFO - Running <TaskInstance: weather_etl_pipeline.transform_weather scheduled__2026-02-23T06:00:00+00:00 [running]> on host 20d22796c30b
[2026-02-23T07:00:27.392+0000] {taskinstance.py:3132} INFO - Exporting env vars: AIRFLOW_CTX_DAG_OWNER='weather_pipeline' AIRFLOW_CTX_DAG_ID='weather_etl_pipeline' AIRFLOW_CTX_TASK_ID='transform_weather' AIRFLOW_CTX_EXECUTION_DATE='2026-02-23T06:00:00+00:00' AIRFLOW_CTX_TRY_NUMBER='1' AIRFLOW_CTX_DAG_RUN_ID='scheduled__2026-02-23T06:00:00+00:00'
[2026-02-23T07:00:27.394+0000] {taskinstance.py:731} INFO - ::endgroup::
[2026-02-23T07:00:27.610+0000] {transform.py:9} INFO - Starting transformation process
[2026-02-23T07:00:27.692+0000] {transform.py:17} INFO - Dropped 0 rows with invalid timestamps
[2026-02-23T07:00:27.702+0000] {transform.py:27} INFO - Records after cleaning: 504
[2026-02-23T07:00:27.749+0000] {transform.py:38} INFO - Transformation and enrichment completed
[2026-02-23T07:00:27.805+0000] {python.py:240} INFO - Done. Returned value was: None
[2026-02-23T07:00:28.203+0000] {taskinstance.py:340} INFO - ::group::Post task execution logs
[2026-02-23T07:00:28.205+0000] {taskinstance.py:352} INFO - Marking task as SUCCESS. dag_id=weather_etl_pipeline, task_id=transform_weather, run_id=scheduled__2026-02-23T06:00:00+00:00, execution_date=20260223T060000, start_date=20260223T070027, end_date=20260223T070028
[2026-02-23T07:00:28.281+0000] {local_task_job_runner.py:266} INFO - Task exited with return code 0
[2026-02-23T07:00:28.322+0000] {taskinstance.py:3895} INFO - 1 downstream tasks scheduled from follow-on schedule check
[2026-02-23T07:00:28.328+0000] {local_task_job_runner.py:245} INFO - ::endgroup::
