[2026-02-25T11:52:07.277+0000] {local_task_job_runner.py:123} INFO - ::group::Pre task execution logs
[2026-02-25T11:52:07.325+0000] {taskinstance.py:2613} INFO - Dependencies all met for dep_context=non-requeueable deps ti=<TaskInstance: weather_etl_pipeline.transform_weather manual__2026-02-25T11:51:39.997788+00:00 [queued]>
[2026-02-25T11:52:07.346+0000] {taskinstance.py:2613} INFO - Dependencies all met for dep_context=requeueable deps ti=<TaskInstance: weather_etl_pipeline.transform_weather manual__2026-02-25T11:51:39.997788+00:00 [queued]>
[2026-02-25T11:52:07.349+0000] {taskinstance.py:2866} INFO - Starting attempt 1 of 3
[2026-02-25T11:52:07.384+0000] {taskinstance.py:2889} INFO - Executing <Task(PythonOperator): transform_weather> on 2026-02-25 11:51:39.997788+00:00
[2026-02-25T11:52:07.418+0000] {standard_task_runner.py:72} INFO - Started process 1765 to run task
[2026-02-25T11:52:07.441+0000] {standard_task_runner.py:104} INFO - Running: ['***', 'tasks', 'run', 'weather_etl_pipeline', 'transform_weather', 'manual__2026-02-25T11:51:39.997788+00:00', '--job-id', '127', '--raw', '--subdir', 'DAGS_FOLDER/weather_pipeline_dag.py', '--cfg-path', '/tmp/tmpftoamiok']
[2026-02-25T11:52:07.448+0000] {standard_task_runner.py:105} INFO - Job 127: Subtask transform_weather
[2026-02-25T11:52:07.698+0000] {task_command.py:467} INFO - Running <TaskInstance: weather_etl_pipeline.transform_weather manual__2026-02-25T11:51:39.997788+00:00 [running]> on host 6f0248ee75a6
[2026-02-25T11:52:08.096+0000] {taskinstance.py:3132} INFO - Exporting env vars: AIRFLOW_CTX_DAG_OWNER='weather_pipeline' AIRFLOW_CTX_DAG_ID='weather_etl_pipeline' AIRFLOW_CTX_TASK_ID='transform_weather' AIRFLOW_CTX_EXECUTION_DATE='2026-02-25T11:51:39.997788+00:00' AIRFLOW_CTX_TRY_NUMBER='1' AIRFLOW_CTX_DAG_RUN_ID='manual__2026-02-25T11:51:39.997788+00:00'
[2026-02-25T11:52:08.108+0000] {taskinstance.py:731} INFO - ::endgroup::
[2026-02-25T11:52:08.426+0000] {transform.py:9} INFO - Starting transformation process
[2026-02-25T11:52:08.513+0000] {transform.py:17} INFO - Dropped 0 rows with invalid timestamps
[2026-02-25T11:52:08.523+0000] {transform.py:27} INFO - Records after cleaning: 504
[2026-02-25T11:52:08.535+0000] {transform.py:38} INFO - Transformation and enrichment completed
[2026-02-25T11:52:08.593+0000] {python.py:240} INFO - Done. Returned value was: None
[2026-02-25T11:52:08.626+0000] {taskinstance.py:340} INFO - ::group::Post task execution logs
[2026-02-25T11:52:08.629+0000] {taskinstance.py:352} INFO - Marking task as SUCCESS. dag_id=weather_etl_pipeline, task_id=transform_weather, run_id=manual__2026-02-25T11:51:39.997788+00:00, execution_date=20260225T115139, start_date=20260225T115207, end_date=20260225T115208
[2026-02-25T11:52:08.746+0000] {local_task_job_runner.py:266} INFO - Task exited with return code 0
[2026-02-25T11:52:08.828+0000] {taskinstance.py:3895} INFO - 1 downstream tasks scheduled from follow-on schedule check
[2026-02-25T11:52:08.834+0000] {local_task_job_runner.py:245} INFO - ::endgroup::
