[2026-02-25T10:00:07.939+0000] {local_task_job_runner.py:123} INFO - ::group::Pre task execution logs
[2026-02-25T10:00:07.973+0000] {taskinstance.py:2613} INFO - Dependencies all met for dep_context=non-requeueable deps ti=<TaskInstance: weather_etl_pipeline.extract_weather scheduled__2026-02-25T09:00:00+00:00 [queued]>
[2026-02-25T10:00:07.987+0000] {taskinstance.py:2613} INFO - Dependencies all met for dep_context=requeueable deps ti=<TaskInstance: weather_etl_pipeline.extract_weather scheduled__2026-02-25T09:00:00+00:00 [queued]>
[2026-02-25T10:00:07.990+0000] {taskinstance.py:2866} INFO - Starting attempt 1 of 3
[2026-02-25T10:00:08.012+0000] {taskinstance.py:2889} INFO - Executing <Task(PythonOperator): extract_weather> on 2026-02-25 09:00:00+00:00
[2026-02-25T10:00:08.032+0000] {standard_task_runner.py:72} INFO - Started process 5835 to run task
[2026-02-25T10:00:08.038+0000] {standard_task_runner.py:104} INFO - Running: ['***', 'tasks', 'run', 'weather_etl_pipeline', 'extract_weather', 'scheduled__2026-02-25T09:00:00+00:00', '--job-id', '89', '--raw', '--subdir', 'DAGS_FOLDER/weather_pipeline_dag.py', '--cfg-path', '/tmp/tmpemo9xl1j']
[2026-02-25T10:00:08.045+0000] {standard_task_runner.py:105} INFO - Job 89: Subtask extract_weather
[2026-02-25T10:00:08.146+0000] {task_command.py:467} INFO - Running <TaskInstance: weather_etl_pipeline.extract_weather scheduled__2026-02-25T09:00:00+00:00 [running]> on host 20d22796c30b
[2026-02-25T10:00:08.282+0000] {taskinstance.py:3132} INFO - Exporting env vars: AIRFLOW_CTX_DAG_OWNER='weather_pipeline' AIRFLOW_CTX_DAG_ID='weather_etl_pipeline' AIRFLOW_CTX_TASK_ID='extract_weather' AIRFLOW_CTX_EXECUTION_DATE='2026-02-25T09:00:00+00:00' AIRFLOW_CTX_TRY_NUMBER='1' AIRFLOW_CTX_DAG_RUN_ID='scheduled__2026-02-25T09:00:00+00:00'
[2026-02-25T10:00:08.286+0000] {taskinstance.py:731} INFO - ::endgroup::
[2026-02-25T10:00:08.304+0000] {extract.py:29} INFO - Starting extraction for Lagos
[2026-02-25T10:00:10.696+0000] {extract.py:53} INFO - Lagos: Extracted 168 records
[2026-02-25T10:00:10.699+0000] {extract.py:29} INFO - Starting extraction for London
[2026-02-25T10:00:12.792+0000] {extract.py:53} INFO - London: Extracted 168 records
[2026-02-25T10:00:12.794+0000] {extract.py:29} INFO - Starting extraction for New York
[2026-02-25T10:00:13.970+0000] {extract.py:53} INFO - New York: Extracted 168 records
[2026-02-25T10:00:14.052+0000] {python.py:240} INFO - Done. Returned value was: None
[2026-02-25T10:00:14.077+0000] {taskinstance.py:340} INFO - ::group::Post task execution logs
[2026-02-25T10:00:14.079+0000] {taskinstance.py:352} INFO - Marking task as SUCCESS. dag_id=weather_etl_pipeline, task_id=extract_weather, run_id=scheduled__2026-02-25T09:00:00+00:00, execution_date=20260225T090000, start_date=20260225T100007, end_date=20260225T100014
[2026-02-25T10:00:14.170+0000] {local_task_job_runner.py:266} INFO - Task exited with return code 0
[2026-02-25T10:00:14.195+0000] {local_task_job_runner.py:245} INFO - ::endgroup::
[2026-02-25T10:41:38.791+0000] {local_task_job_runner.py:123} INFO - ::group::Pre task execution logs
[2026-02-25T10:41:38.832+0000] {taskinstance.py:2613} INFO - Dependencies all met for dep_context=non-requeueable deps ti=<TaskInstance: weather_etl_pipeline.extract_weather scheduled__2026-02-25T09:00:00+00:00 [queued]>
[2026-02-25T10:41:38.848+0000] {taskinstance.py:2613} INFO - Dependencies all met for dep_context=requeueable deps ti=<TaskInstance: weather_etl_pipeline.extract_weather scheduled__2026-02-25T09:00:00+00:00 [queued]>
[2026-02-25T10:41:38.850+0000] {taskinstance.py:2866} INFO - Starting attempt 1 of 3
[2026-02-25T10:41:38.873+0000] {taskinstance.py:2889} INFO - Executing <Task(PythonOperator): extract_weather> on 2026-02-25 09:00:00+00:00
[2026-02-25T10:41:38.921+0000] {standard_task_runner.py:72} INFO - Started process 437 to run task
[2026-02-25T10:41:38.976+0000] {standard_task_runner.py:104} INFO - Running: ['***', 'tasks', 'run', 'weather_etl_pipeline', 'extract_weather', 'scheduled__2026-02-25T09:00:00+00:00', '--job-id', '100', '--raw', '--subdir', 'DAGS_FOLDER/weather_pipeline_dag.py', '--cfg-path', '/tmp/tmpqx3z932k']
[2026-02-25T10:41:39.001+0000] {standard_task_runner.py:105} INFO - Job 100: Subtask extract_weather
[2026-02-25T10:41:39.546+0000] {task_command.py:467} INFO - Running <TaskInstance: weather_etl_pipeline.extract_weather scheduled__2026-02-25T09:00:00+00:00 [running]> on host 20d22796c30b
[2026-02-25T10:41:39.941+0000] {taskinstance.py:3132} INFO - Exporting env vars: AIRFLOW_CTX_DAG_OWNER='weather_pipeline' AIRFLOW_CTX_DAG_ID='weather_etl_pipeline' AIRFLOW_CTX_TASK_ID='extract_weather' AIRFLOW_CTX_EXECUTION_DATE='2026-02-25T09:00:00+00:00' AIRFLOW_CTX_TRY_NUMBER='1' AIRFLOW_CTX_DAG_RUN_ID='scheduled__2026-02-25T09:00:00+00:00'
[2026-02-25T10:41:39.957+0000] {taskinstance.py:731} INFO - ::endgroup::
[2026-02-25T10:41:40.159+0000] {extract.py:29} INFO - Starting extraction for Lagos
[2026-02-25T10:41:41.273+0000] {extract.py:53} INFO - Lagos: Extracted 168 records
[2026-02-25T10:41:41.276+0000] {extract.py:29} INFO - Starting extraction for London
[2026-02-25T10:41:42.332+0000] {extract.py:53} INFO - London: Extracted 168 records
[2026-02-25T10:41:42.335+0000] {extract.py:29} INFO - Starting extraction for New York
[2026-02-25T10:41:42.966+0000] {extract.py:53} INFO - New York: Extracted 168 records
[2026-02-25T10:41:43.652+0000] {python.py:240} INFO - Done. Returned value was: None
[2026-02-25T10:41:43.682+0000] {taskinstance.py:340} INFO - ::group::Post task execution logs
[2026-02-25T10:41:43.685+0000] {taskinstance.py:352} INFO - Marking task as SUCCESS. dag_id=weather_etl_pipeline, task_id=extract_weather, run_id=scheduled__2026-02-25T09:00:00+00:00, execution_date=20260225T090000, start_date=20260225T104138, end_date=20260225T104143
[2026-02-25T10:41:43.784+0000] {local_task_job_runner.py:266} INFO - Task exited with return code 0
[2026-02-25T10:41:43.884+0000] {taskinstance.py:3895} INFO - 1 downstream tasks scheduled from follow-on schedule check
[2026-02-25T10:41:43.890+0000] {local_task_job_runner.py:245} INFO - ::endgroup::
