[2026-02-25T11:52:32.370+0000] {local_task_job_runner.py:123} INFO - ::group::Pre task execution logs
[2026-02-25T11:52:32.452+0000] {taskinstance.py:2613} INFO - Dependencies all met for dep_context=non-requeueable deps ti=<TaskInstance: weather_etl_pipeline.load_weather manual__2026-02-25T11:51:39.997788+00:00 [queued]>
[2026-02-25T11:52:32.487+0000] {taskinstance.py:2613} INFO - Dependencies all met for dep_context=requeueable deps ti=<TaskInstance: weather_etl_pipeline.load_weather manual__2026-02-25T11:51:39.997788+00:00 [queued]>
[2026-02-25T11:52:32.490+0000] {taskinstance.py:2866} INFO - Starting attempt 1 of 3
[2026-02-25T11:52:32.543+0000] {taskinstance.py:2889} INFO - Executing <Task(PythonOperator): load_weather> on 2026-02-25 11:51:39.997788+00:00
[2026-02-25T11:52:32.602+0000] {standard_task_runner.py:72} INFO - Started process 1892 to run task
[2026-02-25T11:52:32.706+0000] {standard_task_runner.py:104} INFO - Running: ['***', 'tasks', 'run', 'weather_etl_pipeline', 'load_weather', 'manual__2026-02-25T11:51:39.997788+00:00', '--job-id', '131', '--raw', '--subdir', 'DAGS_FOLDER/weather_pipeline_dag.py', '--cfg-path', '/tmp/tmpw2uobmhz']
[2026-02-25T11:52:32.727+0000] {standard_task_runner.py:105} INFO - Job 131: Subtask load_weather
[2026-02-25T11:52:33.539+0000] {task_command.py:467} INFO - Running <TaskInstance: weather_etl_pipeline.load_weather manual__2026-02-25T11:51:39.997788+00:00 [running]> on host 6f0248ee75a6
[2026-02-25T11:52:34.456+0000] {taskinstance.py:3132} INFO - Exporting env vars: AIRFLOW_CTX_DAG_OWNER='weather_pipeline' AIRFLOW_CTX_DAG_ID='weather_etl_pipeline' AIRFLOW_CTX_TASK_ID='load_weather' AIRFLOW_CTX_EXECUTION_DATE='2026-02-25T11:51:39.997788+00:00' AIRFLOW_CTX_TRY_NUMBER='1' AIRFLOW_CTX_DAG_RUN_ID='manual__2026-02-25T11:51:39.997788+00:00'
[2026-02-25T11:52:34.475+0000] {taskinstance.py:731} INFO - ::endgroup::
[2026-02-25T11:52:35.713+0000] {load.py:10} INFO - Starting load process
[2026-02-25T11:52:35.764+0000] {db.py:25} INFO - Database connection established
[2026-02-25T11:52:35.814+0000] {taskinstance.py:3311} ERROR - Task failed with exception
Traceback (most recent call last):
  File "/home/airflow/.local/lib/python3.10/site-packages/airflow/models/taskinstance.py", line 767, in _execute_task
    result = _execute_callable(context=context, **execute_callable_kwargs)
  File "/home/airflow/.local/lib/python3.10/site-packages/airflow/models/taskinstance.py", line 733, in _execute_callable
    return ExecutionCallableRunner(
  File "/home/airflow/.local/lib/python3.10/site-packages/airflow/utils/operator_helpers.py", line 252, in run
    return self.func(*args, **kwargs)
  File "/home/airflow/.local/lib/python3.10/site-packages/airflow/models/baseoperator.py", line 417, in wrapper
    return func(self, *args, **kwargs)
  File "/home/airflow/.local/lib/python3.10/site-packages/airflow/operators/python.py", line 238, in execute
    return_value = self.execute_callable()
  File "/home/airflow/.local/lib/python3.10/site-packages/airflow/operators/python.py", line 256, in execute_callable
    return runner.run(*self.op_args, **self.op_kwargs)
  File "/home/airflow/.local/lib/python3.10/site-packages/airflow/utils/operator_helpers.py", line 252, in run
    return self.func(*args, **kwargs)
  File "/opt/airflow/dags/weather_pipeline_dag.py", line 36, in load_task
    load_weather(df)
  File "/opt/airflow/dags/utils/load.py", line 19, in load_weather
    cursor.execute(
psycopg2.errors.UndefinedTable: relation "dim_location" does not exist
LINE 2:             INSERT INTO dim_location (city)
                                ^

[2026-02-25T11:52:35.943+0000] {taskinstance.py:1225} INFO - Marking task as UP_FOR_RETRY. dag_id=weather_etl_pipeline, task_id=load_weather, run_id=manual__2026-02-25T11:51:39.997788+00:00, execution_date=20260225T115139, start_date=20260225T115232, end_date=20260225T115235
[2026-02-25T11:52:35.991+0000] {taskinstance.py:340} INFO - ::group::Post task execution logs
[2026-02-25T11:52:35.995+0000] {standard_task_runner.py:124} ERROR - Failed to execute job 131 for task load_weather (relation "dim_location" does not exist
LINE 2:             INSERT INTO dim_location (city)
                                ^
; 1892)
Traceback (most recent call last):
  File "/home/airflow/.local/lib/python3.10/site-packages/airflow/task/task_runner/standard_task_runner.py", line 117, in _start_by_fork
    ret = args.func(args, dag=self.dag)
  File "/home/airflow/.local/lib/python3.10/site-packages/airflow/cli/cli_config.py", line 49, in command
    return func(*args, **kwargs)
  File "/home/airflow/.local/lib/python3.10/site-packages/airflow/utils/cli.py", line 116, in wrapper
    return f(*args, **kwargs)
  File "/home/airflow/.local/lib/python3.10/site-packages/airflow/cli/commands/task_command.py", line 483, in task_run
    task_return_code = _run_task_by_selected_method(args, _dag, ti)
  File "/home/airflow/.local/lib/python3.10/site-packages/airflow/cli/commands/task_command.py", line 256, in _run_task_by_selected_method
    return _run_raw_task(args, ti)
  File "/home/airflow/.local/lib/python3.10/site-packages/airflow/cli/commands/task_command.py", line 341, in _run_raw_task
    return ti._run_raw_task(
  File "/home/airflow/.local/lib/python3.10/site-packages/airflow/utils/session.py", line 97, in wrapper
    return func(*args, session=session, **kwargs)
  File "/home/airflow/.local/lib/python3.10/site-packages/airflow/models/taskinstance.py", line 3005, in _run_raw_task
    return _run_raw_task(
  File "/home/airflow/.local/lib/python3.10/site-packages/airflow/models/taskinstance.py", line 273, in _run_raw_task
    TaskInstance._execute_task_with_callbacks(
  File "/home/airflow/.local/lib/python3.10/site-packages/airflow/models/taskinstance.py", line 3159, in _execute_task_with_callbacks
    result = self._execute_task(context, task_orig)
  File "/home/airflow/.local/lib/python3.10/site-packages/airflow/models/taskinstance.py", line 3183, in _execute_task
    return _execute_task(self, context, task_orig)
  File "/home/airflow/.local/lib/python3.10/site-packages/airflow/models/taskinstance.py", line 767, in _execute_task
    result = _execute_callable(context=context, **execute_callable_kwargs)
  File "/home/airflow/.local/lib/python3.10/site-packages/airflow/models/taskinstance.py", line 733, in _execute_callable
    return ExecutionCallableRunner(
  File "/home/airflow/.local/lib/python3.10/site-packages/airflow/utils/operator_helpers.py", line 252, in run
    return self.func(*args, **kwargs)
  File "/home/airflow/.local/lib/python3.10/site-packages/airflow/models/baseoperator.py", line 417, in wrapper
    return func(self, *args, **kwargs)
  File "/home/airflow/.local/lib/python3.10/site-packages/airflow/operators/python.py", line 238, in execute
    return_value = self.execute_callable()
  File "/home/airflow/.local/lib/python3.10/site-packages/airflow/operators/python.py", line 256, in execute_callable
    return runner.run(*self.op_args, **self.op_kwargs)
  File "/home/airflow/.local/lib/python3.10/site-packages/airflow/utils/operator_helpers.py", line 252, in run
    return self.func(*args, **kwargs)
  File "/opt/airflow/dags/weather_pipeline_dag.py", line 36, in load_task
    load_weather(df)
  File "/opt/airflow/dags/utils/load.py", line 19, in load_weather
    cursor.execute(
psycopg2.errors.UndefinedTable: relation "dim_location" does not exist
LINE 2:             INSERT INTO dim_location (city)
                                ^

[2026-02-25T11:52:36.108+0000] {local_task_job_runner.py:266} INFO - Task exited with return code 1
[2026-02-25T11:52:36.178+0000] {taskinstance.py:3895} INFO - 0 downstream tasks scheduled from follow-on schedule check
[2026-02-25T11:52:36.184+0000] {local_task_job_runner.py:245} INFO - ::endgroup::
