[2026-02-25T11:24:06.666+0000] {local_task_job_runner.py:123} INFO - ::group::Pre task execution logs
[2026-02-25T11:24:06.708+0000] {taskinstance.py:2613} INFO - Dependencies all met for dep_context=non-requeueable deps ti=<TaskInstance: weather_etl_pipeline.extract_weather manual__2026-02-25T11:24:00.227258+00:00 [queued]>
[2026-02-25T11:24:06.726+0000] {taskinstance.py:2613} INFO - Dependencies all met for dep_context=requeueable deps ti=<TaskInstance: weather_etl_pipeline.extract_weather manual__2026-02-25T11:24:00.227258+00:00 [queued]>
[2026-02-25T11:24:06.729+0000] {taskinstance.py:2866} INFO - Starting attempt 1 of 3
[2026-02-25T11:24:06.768+0000] {taskinstance.py:2889} INFO - Executing <Task(PythonOperator): extract_weather> on 2026-02-25 11:24:00.227258+00:00
[2026-02-25T11:24:06.827+0000] {standard_task_runner.py:72} INFO - Started process 719 to run task
[2026-02-25T11:24:06.911+0000] {standard_task_runner.py:104} INFO - Running: ['***', 'tasks', 'run', 'weather_etl_pipeline', 'extract_weather', 'manual__2026-02-25T11:24:00.227258+00:00', '--job-id', '113', '--raw', '--subdir', 'DAGS_FOLDER/weather_pipeline_dag.py', '--cfg-path', '/tmp/tmps3w8g54p']
[2026-02-25T11:24:06.937+0000] {standard_task_runner.py:105} INFO - Job 113: Subtask extract_weather
[2026-02-25T11:24:07.389+0000] {task_command.py:467} INFO - Running <TaskInstance: weather_etl_pipeline.extract_weather manual__2026-02-25T11:24:00.227258+00:00 [running]> on host 6f0248ee75a6
[2026-02-25T11:24:07.793+0000] {taskinstance.py:3132} INFO - Exporting env vars: AIRFLOW_CTX_DAG_OWNER='weather_pipeline' AIRFLOW_CTX_DAG_ID='weather_etl_pipeline' AIRFLOW_CTX_TASK_ID='extract_weather' AIRFLOW_CTX_EXECUTION_DATE='2026-02-25T11:24:00.227258+00:00' AIRFLOW_CTX_TRY_NUMBER='1' AIRFLOW_CTX_DAG_RUN_ID='manual__2026-02-25T11:24:00.227258+00:00'
[2026-02-25T11:24:07.800+0000] {taskinstance.py:731} INFO - ::endgroup::
[2026-02-25T11:24:07.836+0000] {extract.py:29} INFO - Starting extraction for Lagos
[2026-02-25T11:24:11.532+0000] {extract.py:53} INFO - Lagos: Extracted 168 records
[2026-02-25T11:24:11.535+0000] {extract.py:29} INFO - Starting extraction for London
[2026-02-25T11:24:14.491+0000] {extract.py:53} INFO - London: Extracted 168 records
[2026-02-25T11:24:14.495+0000] {extract.py:29} INFO - Starting extraction for New York
[2026-02-25T11:24:16.585+0000] {extract.py:53} INFO - New York: Extracted 168 records
[2026-02-25T11:24:17.017+0000] {python.py:240} INFO - Done. Returned value was: None
[2026-02-25T11:24:17.098+0000] {taskinstance.py:340} INFO - ::group::Post task execution logs
[2026-02-25T11:24:17.102+0000] {taskinstance.py:352} INFO - Marking task as SUCCESS. dag_id=weather_etl_pipeline, task_id=extract_weather, run_id=manual__2026-02-25T11:24:00.227258+00:00, execution_date=20260225T112400, start_date=20260225T112406, end_date=20260225T112417
[2026-02-25T11:24:17.194+0000] {local_task_job_runner.py:266} INFO - Task exited with return code 0
[2026-02-25T11:24:17.249+0000] {taskinstance.py:3895} INFO - 1 downstream tasks scheduled from follow-on schedule check
[2026-02-25T11:24:17.254+0000] {local_task_job_runner.py:245} INFO - ::endgroup::
