[2026-02-25T10:00:19.967+0000] {local_task_job_runner.py:123} INFO - ::group::Pre task execution logs
[2026-02-25T10:00:20.003+0000] {taskinstance.py:2613} INFO - Dependencies all met for dep_context=non-requeueable deps ti=<TaskInstance: weather_etl_pipeline.transform_weather scheduled__2026-02-25T09:00:00+00:00 [queued]>
[2026-02-25T10:00:20.021+0000] {taskinstance.py:2613} INFO - Dependencies all met for dep_context=requeueable deps ti=<TaskInstance: weather_etl_pipeline.transform_weather scheduled__2026-02-25T09:00:00+00:00 [queued]>
[2026-02-25T10:00:20.024+0000] {taskinstance.py:2866} INFO - Starting attempt 1 of 3
[2026-02-25T10:00:20.062+0000] {taskinstance.py:2889} INFO - Executing <Task(PythonOperator): transform_weather> on 2026-02-25 09:00:00+00:00
[2026-02-25T10:00:20.087+0000] {standard_task_runner.py:72} INFO - Started process 5856 to run task
[2026-02-25T10:00:20.103+0000] {standard_task_runner.py:104} INFO - Running: ['***', 'tasks', 'run', 'weather_etl_pipeline', 'transform_weather', 'scheduled__2026-02-25T09:00:00+00:00', '--job-id', '90', '--raw', '--subdir', 'DAGS_FOLDER/weather_pipeline_dag.py', '--cfg-path', '/tmp/tmp1opr4enl']
[2026-02-25T10:00:20.117+0000] {standard_task_runner.py:105} INFO - Job 90: Subtask transform_weather
[2026-02-25T10:00:20.268+0000] {task_command.py:467} INFO - Running <TaskInstance: weather_etl_pipeline.transform_weather scheduled__2026-02-25T09:00:00+00:00 [running]> on host 20d22796c30b
[2026-02-25T10:00:20.463+0000] {taskinstance.py:3132} INFO - Exporting env vars: AIRFLOW_CTX_DAG_OWNER='weather_pipeline' AIRFLOW_CTX_DAG_ID='weather_etl_pipeline' AIRFLOW_CTX_TASK_ID='transform_weather' AIRFLOW_CTX_EXECUTION_DATE='2026-02-25T09:00:00+00:00' AIRFLOW_CTX_TRY_NUMBER='1' AIRFLOW_CTX_DAG_RUN_ID='scheduled__2026-02-25T09:00:00+00:00'
[2026-02-25T10:00:20.467+0000] {taskinstance.py:731} INFO - ::endgroup::
[2026-02-25T10:00:20.651+0000] {transform.py:9} INFO - Starting transformation process
[2026-02-25T10:00:20.689+0000] {transform.py:17} INFO - Dropped 0 rows with invalid timestamps
[2026-02-25T10:00:20.697+0000] {transform.py:27} INFO - Records after cleaning: 504
[2026-02-25T10:00:20.709+0000] {transform.py:38} INFO - Transformation and enrichment completed
[2026-02-25T10:00:20.762+0000] {python.py:240} INFO - Done. Returned value was: None
[2026-02-25T10:00:21.365+0000] {taskinstance.py:340} INFO - ::group::Post task execution logs
[2026-02-25T10:00:21.367+0000] {taskinstance.py:352} INFO - Marking task as SUCCESS. dag_id=weather_etl_pipeline, task_id=transform_weather, run_id=scheduled__2026-02-25T09:00:00+00:00, execution_date=20260225T090000, start_date=20260225T100020, end_date=20260225T100021
[2026-02-25T10:00:21.488+0000] {local_task_job_runner.py:266} INFO - Task exited with return code 0
[2026-02-25T10:00:21.598+0000] {taskinstance.py:3895} INFO - 1 downstream tasks scheduled from follow-on schedule check
[2026-02-25T10:00:21.604+0000] {local_task_job_runner.py:245} INFO - ::endgroup::
[2026-02-25T10:41:55.711+0000] {local_task_job_runner.py:123} INFO - ::group::Pre task execution logs
[2026-02-25T10:41:55.776+0000] {taskinstance.py:2613} INFO - Dependencies all met for dep_context=non-requeueable deps ti=<TaskInstance: weather_etl_pipeline.transform_weather scheduled__2026-02-25T09:00:00+00:00 [queued]>
[2026-02-25T10:41:55.820+0000] {taskinstance.py:2613} INFO - Dependencies all met for dep_context=requeueable deps ti=<TaskInstance: weather_etl_pipeline.transform_weather scheduled__2026-02-25T09:00:00+00:00 [queued]>
[2026-02-25T10:41:55.830+0000] {taskinstance.py:2866} INFO - Starting attempt 1 of 3
[2026-02-25T10:41:55.882+0000] {taskinstance.py:2889} INFO - Executing <Task(PythonOperator): transform_weather> on 2026-02-25 09:00:00+00:00
[2026-02-25T10:41:55.932+0000] {standard_task_runner.py:72} INFO - Started process 462 to run task
[2026-02-25T10:41:56.003+0000] {standard_task_runner.py:104} INFO - Running: ['***', 'tasks', 'run', 'weather_etl_pipeline', 'transform_weather', 'scheduled__2026-02-25T09:00:00+00:00', '--job-id', '101', '--raw', '--subdir', 'DAGS_FOLDER/weather_pipeline_dag.py', '--cfg-path', '/tmp/tmpjawdcn3k']
[2026-02-25T10:41:56.101+0000] {standard_task_runner.py:105} INFO - Job 101: Subtask transform_weather
[2026-02-25T10:41:56.552+0000] {task_command.py:467} INFO - Running <TaskInstance: weather_etl_pipeline.transform_weather scheduled__2026-02-25T09:00:00+00:00 [running]> on host 20d22796c30b
[2026-02-25T10:41:56.978+0000] {taskinstance.py:3132} INFO - Exporting env vars: AIRFLOW_CTX_DAG_OWNER='weather_pipeline' AIRFLOW_CTX_DAG_ID='weather_etl_pipeline' AIRFLOW_CTX_TASK_ID='transform_weather' AIRFLOW_CTX_EXECUTION_DATE='2026-02-25T09:00:00+00:00' AIRFLOW_CTX_TRY_NUMBER='1' AIRFLOW_CTX_DAG_RUN_ID='scheduled__2026-02-25T09:00:00+00:00'
[2026-02-25T10:41:56.987+0000] {taskinstance.py:731} INFO - ::endgroup::
[2026-02-25T10:41:57.843+0000] {transform.py:9} INFO - Starting transformation process
[2026-02-25T10:41:57.943+0000] {transform.py:17} INFO - Dropped 0 rows with invalid timestamps
[2026-02-25T10:41:57.962+0000] {transform.py:27} INFO - Records after cleaning: 504
[2026-02-25T10:41:57.978+0000] {transform.py:38} INFO - Transformation and enrichment completed
[2026-02-25T10:41:58.070+0000] {python.py:240} INFO - Done. Returned value was: None
[2026-02-25T10:41:58.099+0000] {taskinstance.py:340} INFO - ::group::Post task execution logs
[2026-02-25T10:41:58.102+0000] {taskinstance.py:352} INFO - Marking task as SUCCESS. dag_id=weather_etl_pipeline, task_id=transform_weather, run_id=scheduled__2026-02-25T09:00:00+00:00, execution_date=20260225T090000, start_date=20260225T104155, end_date=20260225T104158
[2026-02-25T10:42:01.226+0000] {local_task_job_runner.py:266} INFO - Task exited with return code 0
[2026-02-25T10:42:01.267+0000] {taskinstance.py:3895} INFO - 1 downstream tasks scheduled from follow-on schedule check
[2026-02-25T10:42:01.277+0000] {local_task_job_runner.py:245} INFO - ::endgroup::
