[2026-02-25T11:16:52.744+0000] {local_task_job_runner.py:123} INFO - ::group::Pre task execution logs
[2026-02-25T11:16:52.814+0000] {taskinstance.py:2613} INFO - Dependencies all met for dep_context=non-requeueable deps ti=<TaskInstance: weather_etl_pipeline.transform_weather scheduled__2026-02-25T10:00:00+00:00 [queued]>
[2026-02-25T11:16:52.847+0000] {taskinstance.py:2613} INFO - Dependencies all met for dep_context=requeueable deps ti=<TaskInstance: weather_etl_pipeline.transform_weather scheduled__2026-02-25T10:00:00+00:00 [queued]>
[2026-02-25T11:16:52.851+0000] {taskinstance.py:2866} INFO - Starting attempt 1 of 3
[2026-02-25T11:16:52.900+0000] {taskinstance.py:2889} INFO - Executing <Task(PythonOperator): transform_weather> on 2026-02-25 10:00:00+00:00
[2026-02-25T11:16:52.925+0000] {standard_task_runner.py:72} INFO - Started process 325 to run task
[2026-02-25T11:16:52.932+0000] {standard_task_runner.py:104} INFO - Running: ['***', 'tasks', 'run', 'weather_etl_pipeline', 'transform_weather', 'scheduled__2026-02-25T10:00:00+00:00', '--job-id', '108', '--raw', '--subdir', 'DAGS_FOLDER/weather_pipeline_dag.py', '--cfg-path', '/tmp/tmpxjqrdnx3']
[2026-02-25T11:16:52.936+0000] {standard_task_runner.py:105} INFO - Job 108: Subtask transform_weather
[2026-02-25T11:16:53.040+0000] {task_command.py:467} INFO - Running <TaskInstance: weather_etl_pipeline.transform_weather scheduled__2026-02-25T10:00:00+00:00 [running]> on host 6f0248ee75a6
[2026-02-25T11:16:53.178+0000] {taskinstance.py:3132} INFO - Exporting env vars: AIRFLOW_CTX_DAG_OWNER='weather_pipeline' AIRFLOW_CTX_DAG_ID='weather_etl_pipeline' AIRFLOW_CTX_TASK_ID='transform_weather' AIRFLOW_CTX_EXECUTION_DATE='2026-02-25T10:00:00+00:00' AIRFLOW_CTX_TRY_NUMBER='1' AIRFLOW_CTX_DAG_RUN_ID='scheduled__2026-02-25T10:00:00+00:00'
[2026-02-25T11:16:53.181+0000] {taskinstance.py:731} INFO - ::endgroup::
[2026-02-25T11:16:53.296+0000] {transform.py:9} INFO - Starting transformation process
[2026-02-25T11:16:53.319+0000] {transform.py:17} INFO - Dropped 0 rows with invalid timestamps
[2026-02-25T11:16:53.324+0000] {transform.py:27} INFO - Records after cleaning: 504
[2026-02-25T11:16:53.331+0000] {transform.py:38} INFO - Transformation and enrichment completed
[2026-02-25T11:16:53.369+0000] {python.py:240} INFO - Done. Returned value was: None
[2026-02-25T11:16:53.392+0000] {taskinstance.py:340} INFO - ::group::Post task execution logs
[2026-02-25T11:16:53.395+0000] {taskinstance.py:352} INFO - Marking task as SUCCESS. dag_id=weather_etl_pipeline, task_id=transform_weather, run_id=scheduled__2026-02-25T10:00:00+00:00, execution_date=20260225T100000, start_date=20260225T111652, end_date=20260225T111653
[2026-02-25T11:16:53.469+0000] {local_task_job_runner.py:266} INFO - Task exited with return code 0
[2026-02-25T11:16:53.524+0000] {taskinstance.py:3895} INFO - 1 downstream tasks scheduled from follow-on schedule check
[2026-02-25T11:16:53.530+0000] {local_task_job_runner.py:245} INFO - ::endgroup::
[2026-02-25T11:25:14.426+0000] {local_task_job_runner.py:123} INFO - ::group::Pre task execution logs
[2026-02-25T11:25:14.476+0000] {taskinstance.py:2613} INFO - Dependencies all met for dep_context=non-requeueable deps ti=<TaskInstance: weather_etl_pipeline.transform_weather scheduled__2026-02-25T10:00:00+00:00 [queued]>
[2026-02-25T11:25:14.496+0000] {taskinstance.py:2613} INFO - Dependencies all met for dep_context=requeueable deps ti=<TaskInstance: weather_etl_pipeline.transform_weather scheduled__2026-02-25T10:00:00+00:00 [queued]>
[2026-02-25T11:25:14.500+0000] {taskinstance.py:2866} INFO - Starting attempt 1 of 3
[2026-02-25T11:25:14.524+0000] {taskinstance.py:2889} INFO - Executing <Task(PythonOperator): transform_weather> on 2026-02-25 10:00:00+00:00
[2026-02-25T11:25:14.597+0000] {standard_task_runner.py:104} INFO - Running: ['***', 'tasks', 'run', 'weather_etl_pipeline', 'transform_weather', 'scheduled__2026-02-25T10:00:00+00:00', '--job-id', '118', '--raw', '--subdir', 'DAGS_FOLDER/weather_pipeline_dag.py', '--cfg-path', '/tmp/tmpjps48h06']
[2026-02-25T11:25:14.583+0000] {standard_task_runner.py:72} INFO - Started process 893 to run task
[2026-02-25T11:25:14.604+0000] {standard_task_runner.py:105} INFO - Job 118: Subtask transform_weather
[2026-02-25T11:25:14.767+0000] {task_command.py:467} INFO - Running <TaskInstance: weather_etl_pipeline.transform_weather scheduled__2026-02-25T10:00:00+00:00 [running]> on host 6f0248ee75a6
[2026-02-25T11:25:15.939+0000] {taskinstance.py:3132} INFO - Exporting env vars: AIRFLOW_CTX_DAG_OWNER='weather_pipeline' AIRFLOW_CTX_DAG_ID='weather_etl_pipeline' AIRFLOW_CTX_TASK_ID='transform_weather' AIRFLOW_CTX_EXECUTION_DATE='2026-02-25T10:00:00+00:00' AIRFLOW_CTX_TRY_NUMBER='1' AIRFLOW_CTX_DAG_RUN_ID='scheduled__2026-02-25T10:00:00+00:00'
[2026-02-25T11:25:15.943+0000] {taskinstance.py:731} INFO - ::endgroup::
[2026-02-25T11:25:16.048+0000] {transform.py:9} INFO - Starting transformation process
[2026-02-25T11:25:16.064+0000] {transform.py:17} INFO - Dropped 0 rows with invalid timestamps
[2026-02-25T11:25:16.069+0000] {transform.py:27} INFO - Records after cleaning: 504
[2026-02-25T11:25:16.074+0000] {transform.py:38} INFO - Transformation and enrichment completed
[2026-02-25T11:25:17.201+0000] {python.py:240} INFO - Done. Returned value was: None
[2026-02-25T11:25:17.222+0000] {taskinstance.py:340} INFO - ::group::Post task execution logs
[2026-02-25T11:25:17.224+0000] {taskinstance.py:352} INFO - Marking task as SUCCESS. dag_id=weather_etl_pipeline, task_id=transform_weather, run_id=scheduled__2026-02-25T10:00:00+00:00, execution_date=20260225T100000, start_date=20260225T112514, end_date=20260225T112517
[2026-02-25T11:25:17.309+0000] {local_task_job_runner.py:266} INFO - Task exited with return code 0
[2026-02-25T11:25:17.359+0000] {taskinstance.py:3895} INFO - 1 downstream tasks scheduled from follow-on schedule check
[2026-02-25T11:25:17.365+0000] {local_task_job_runner.py:245} INFO - ::endgroup::
[2026-02-25T11:52:17.552+0000] {local_task_job_runner.py:123} INFO - ::group::Pre task execution logs
[2026-02-25T11:52:17.624+0000] {taskinstance.py:2613} INFO - Dependencies all met for dep_context=non-requeueable deps ti=<TaskInstance: weather_etl_pipeline.transform_weather scheduled__2026-02-25T10:00:00+00:00 [queued]>
[2026-02-25T11:52:17.651+0000] {taskinstance.py:2613} INFO - Dependencies all met for dep_context=requeueable deps ti=<TaskInstance: weather_etl_pipeline.transform_weather scheduled__2026-02-25T10:00:00+00:00 [queued]>
[2026-02-25T11:52:17.654+0000] {taskinstance.py:2866} INFO - Starting attempt 1 of 3
[2026-02-25T11:52:17.704+0000] {taskinstance.py:2889} INFO - Executing <Task(PythonOperator): transform_weather> on 2026-02-25 10:00:00+00:00
[2026-02-25T11:52:17.742+0000] {standard_task_runner.py:72} INFO - Started process 1811 to run task
[2026-02-25T11:52:17.756+0000] {standard_task_runner.py:104} INFO - Running: ['***', 'tasks', 'run', 'weather_etl_pipeline', 'transform_weather', 'scheduled__2026-02-25T10:00:00+00:00', '--job-id', '128', '--raw', '--subdir', 'DAGS_FOLDER/weather_pipeline_dag.py', '--cfg-path', '/tmp/tmpj5im5und']
[2026-02-25T11:52:17.761+0000] {standard_task_runner.py:105} INFO - Job 128: Subtask transform_weather
[2026-02-25T11:52:17.938+0000] {task_command.py:467} INFO - Running <TaskInstance: weather_etl_pipeline.transform_weather scheduled__2026-02-25T10:00:00+00:00 [running]> on host 6f0248ee75a6
[2026-02-25T11:52:18.165+0000] {taskinstance.py:3132} INFO - Exporting env vars: AIRFLOW_CTX_DAG_OWNER='weather_pipeline' AIRFLOW_CTX_DAG_ID='weather_etl_pipeline' AIRFLOW_CTX_TASK_ID='transform_weather' AIRFLOW_CTX_EXECUTION_DATE='2026-02-25T10:00:00+00:00' AIRFLOW_CTX_TRY_NUMBER='1' AIRFLOW_CTX_DAG_RUN_ID='scheduled__2026-02-25T10:00:00+00:00'
[2026-02-25T11:52:18.169+0000] {taskinstance.py:731} INFO - ::endgroup::
[2026-02-25T11:52:18.352+0000] {transform.py:9} INFO - Starting transformation process
[2026-02-25T11:52:18.483+0000] {transform.py:17} INFO - Dropped 0 rows with invalid timestamps
[2026-02-25T11:52:18.495+0000] {transform.py:27} INFO - Records after cleaning: 504
[2026-02-25T11:52:18.515+0000] {transform.py:38} INFO - Transformation and enrichment completed
[2026-02-25T11:52:18.684+0000] {python.py:240} INFO - Done. Returned value was: None
[2026-02-25T11:52:18.935+0000] {taskinstance.py:340} INFO - ::group::Post task execution logs
[2026-02-25T11:52:18.939+0000] {taskinstance.py:352} INFO - Marking task as SUCCESS. dag_id=weather_etl_pipeline, task_id=transform_weather, run_id=scheduled__2026-02-25T10:00:00+00:00, execution_date=20260225T100000, start_date=20260225T115217, end_date=20260225T115218
[2026-02-25T11:52:19.101+0000] {local_task_job_runner.py:266} INFO - Task exited with return code 0
[2026-02-25T11:52:19.259+0000] {taskinstance.py:3895} INFO - 0 downstream tasks scheduled from follow-on schedule check
[2026-02-25T11:52:19.274+0000] {local_task_job_runner.py:245} INFO - ::endgroup::
