[2026-02-23T07:04:08.426+0000] {local_task_job_runner.py:123} INFO - ::group::Pre task execution logs
[2026-02-23T07:04:08.510+0000] {taskinstance.py:2613} INFO - Dependencies all met for dep_context=non-requeueable deps ti=<TaskInstance: weather_etl_pipeline.extract_weather scheduled__2026-02-19T20:00:00+00:00 [queued]>
[2026-02-23T07:04:08.548+0000] {taskinstance.py:2613} INFO - Dependencies all met for dep_context=requeueable deps ti=<TaskInstance: weather_etl_pipeline.extract_weather scheduled__2026-02-19T20:00:00+00:00 [queued]>
[2026-02-23T07:04:08.554+0000] {taskinstance.py:2866} INFO - Starting attempt 2 of 3
[2026-02-23T07:04:08.615+0000] {taskinstance.py:2889} INFO - Executing <Task(PythonOperator): extract_weather> on 2026-02-19 20:00:00+00:00
[2026-02-23T07:04:08.716+0000] {standard_task_runner.py:72} INFO - Started process 4296 to run task
[2026-02-23T07:04:08.911+0000] {standard_task_runner.py:104} INFO - Running: ['***', 'tasks', 'run', 'weather_etl_pipeline', 'extract_weather', 'scheduled__2026-02-19T20:00:00+00:00', '--job-id', '60', '--raw', '--subdir', 'DAGS_FOLDER/weather_pipeline_dag.py', '--cfg-path', '/tmp/tmpmepzgrbi']
[2026-02-23T07:04:08.982+0000] {standard_task_runner.py:105} INFO - Job 60: Subtask extract_weather
[2026-02-23T07:04:09.911+0000] {task_command.py:467} INFO - Running <TaskInstance: weather_etl_pipeline.extract_weather scheduled__2026-02-19T20:00:00+00:00 [running]> on host 20d22796c30b
[2026-02-23T07:04:11.137+0000] {taskinstance.py:3132} INFO - Exporting env vars: AIRFLOW_CTX_DAG_OWNER='weather_pipeline' AIRFLOW_CTX_DAG_ID='weather_etl_pipeline' AIRFLOW_CTX_TASK_ID='extract_weather' AIRFLOW_CTX_EXECUTION_DATE='2026-02-19T20:00:00+00:00' AIRFLOW_CTX_TRY_NUMBER='2' AIRFLOW_CTX_DAG_RUN_ID='scheduled__2026-02-19T20:00:00+00:00'
[2026-02-23T07:04:11.150+0000] {taskinstance.py:731} INFO - ::endgroup::
[2026-02-23T07:04:11.192+0000] {extract.py:29} INFO - Starting extraction for Lagos
[2026-02-23T07:04:14.411+0000] {extract.py:53} INFO - Lagos: Extracted 168 records
[2026-02-23T07:04:14.414+0000] {extract.py:29} INFO - Starting extraction for London
[2026-02-23T07:04:14.775+0000] {extract.py:53} INFO - London: Extracted 168 records
[2026-02-23T07:04:14.779+0000] {extract.py:29} INFO - Starting extraction for New York
[2026-02-23T07:04:15.098+0000] {extract.py:53} INFO - New York: Extracted 168 records
[2026-02-23T07:04:28.050+0000] {python.py:240} INFO - Done. Returned value was: None
[2026-02-23T07:04:28.146+0000] {taskinstance.py:340} INFO - ::group::Post task execution logs
[2026-02-23T07:04:28.151+0000] {taskinstance.py:352} INFO - Marking task as SUCCESS. dag_id=weather_etl_pipeline, task_id=extract_weather, run_id=scheduled__2026-02-19T20:00:00+00:00, execution_date=20260219T200000, start_date=20260223T070408, end_date=20260223T070428
[2026-02-23T07:04:28.456+0000] {local_task_job_runner.py:266} INFO - Task exited with return code 0
[2026-02-23T07:04:28.595+0000] {taskinstance.py:3895} INFO - 1 downstream tasks scheduled from follow-on schedule check
[2026-02-23T07:04:28.603+0000] {local_task_job_runner.py:245} INFO - ::endgroup::
